Microchip MPLAB XC8 Compiler V4.00

Linker command line:

-W-3 \
  --edf=C:\Program Files\Microchip\xc8\v4.00\pic\dat\20260614213421_en.msgs \
  -cn -h+dist/default/debug\PIC18F46J50_TEST.X.debug.sym \
  --cmf=dist/default/debug\PIC18F46J50_TEST.X.debug.cmf -z -Q18F46J50 \
  -oC:\Users\Admin\AppData\Local\Temp\xcAs884.0\driver_tmp_3.o \
  --defsym=__MPLAB_BUILD=1 --fixupoverflow=error \
  -Mdist/default/debug/PIC18F46J50_TEST.X.debug.map \
  --md=C:\Users\Admin\AppData\Local\Temp\xcAs884.0\driver_tmp_0.dat -E1 \
  -ver=XC8 Compiler -ACODE=00h-0FFF7h -ACONST=00h-0FFF7h \
  -ASMALLCONST=01000h-010FFhx239,0FF00h-0FFF7h -AMEDIUMCONST=01000h-0FFF7h \
  -ACOMRAM=01h-05Fh -AABS1=00h-0EBFh -ABIGRAM=01h-0EBFh \
  -ARAM=060h-0FFh,0100h-01FFhx13,0E00h-0EBFh -ABANK0=060h-0FFh \
  -ABANK1=0100h-01FFh -ABANK2=0200h-02FFh -ABANK3=0300h-03FFh \
  -ABANK4=0400h-04FFh -ABANK5=0500h-05FFh -ABANK6=0600h-06FFh \
  -ABANK7=0700h-07FFh -ABANK8=0800h-08FFh -ABANK9=0900h-09FFh \
  -ABANK10=0A00h-0AFFh -ABANK11=0B00h-0BFFh -ABANK12=0C00h-0CFFh \
  -ABANK13=0D00h-0DFFh -ABANK14=0E00h-0EBFh \
  -ASFR=0EC0h-0EFFh,0F00h-0F5Fh,0F60h-0FFCh -ABIGSFR=0EC0h-0FFCh \
  -ACONFIG=0FFF8h-0FFFFh \
  -preset_vec=00h,intcode=8h,intcodelo=18h,sivt_lo,sivt_hi=CODE \
  -ppowerup=CODE,init -pramtop=01000h -psmallconst=SMALLCONST \
  -pmediumconst=MEDIUMCONST -pconst=CONST -AFARRAM=00h-00h \
  -pjflash_buffer=0F800h \
  -prdata=COMRAM,nvrram=COMRAM,nvbit=COMRAM,rbss=COMRAM,rbit=COMRAM \
  -pfarbss=FARRAM,fardata=FARRAM,nvFARRAM=FARRAM \
  -pintsave_regs=BIGRAM,bigbss=BIGRAM,bigdata=BIGRAM -pbss=RAM \
  -pidata=CODE,irdata=CODE,ibigdata=CODE,ifardata=CODE -prparam=COMRAM \
  C:\Users\Admin\AppData\Local\Temp\xcAs884.0\driver_tmp_12.o \
  dist/default/debug\PIC18F46J50_TEST.X.debug.o 

Object code version is 3.11

Machine type is 18F46J50



                Name                               Link     Load   Length Selector   Space Scale
C:\Users\Admin\AppData\Local\Temp\xcAs884.0\driver_tmp_12.o
                config                             FFF8     FFF8        8        0       4
                init                                14C      14C        4        C       0
                reset_vec                             0        0        6        0       0
dist/default/debug\PIC18F46J50_TEST.X.debug.o
                intcodelo                            18       18      134        C       0
                intcode                               8        8        6        4       0
                config                             FFF8     FFF8        8        0       4
                smallconst                         1000     1000       96      800       0
                text50                             3752     3752       12      84B       0
                text49                             3136     3136       88      84B       0
                intcode_body                       323E     323E       72      84B       0
                text47                             31BE     31BE       80      84B       0
                text46                             28AA     28AA       E6      84B       0
                text45                             33B8     33B8       50      84B       0
                text44                             13C0     13C0      322      84B       0
                text43                             3726     3726       1A      84B       0
                text42                             1C56     1C56      254      84B       0
                text41                             2A72     2A72       DC      84B       0
                text40                             3600     3600       44      84B       0
                text38                             370A     370A       1C      84B       0
                text37                             3780     3780        A      84B       0
                text36                             30AE     30AE       88      84B       0
                text35                             36BA     36BA       32      84B       0
                text34                             349C     349C       4A      84B       0
                text33                             36EC     36EC       1E      84B       0
                text32                             3772     3772        E      84B       0
                text31                             2D90     2D90       A6      84B       0
                text30                             2C1A     2C1A       C2      84B       0
                text29                             27C2     27C2       E8      84B       0
                text28                             3366     3366       52      84B       0
                text27                             19FC     19FC      25A      84B       0
                text26                             2990     2990       E2      84B       0
                text25                             3740     3740       12      84B       0
                text24                             20CA     20CA      1B6      84B       0
                text23                             3644     3644       40      84B       0
                text22                             35BA     35BA       46      84B       0
                text21                             3574     3574       46      84B       0
                text20                             3310     3310       56      84B       0
                text19                             1096     1096      32A      84B       0
                text18                             32B0     32B0       60      84B       0
                text17                             2ED8     2ED8       A0      84B       0
                text16                             3764     3764        E      84B       0
                text15                             2E36     2E36       A2      84B       0
                text14                             25CA     25CA      10C      84B       0
                text13                             26D6     26D6       EC      84B       0
                text12                             3684     3684       36      84B       0
                text11                             378A     378A        2      84B       0
                text10                             2B4E     2B4E       CC      84B       0
                text9                              352E     352E       46      84B       0
                text8                              2F78     2F78       9E      84B       0
                text7                              2426     2426      1A4      84B       0
                text6                              2CDC     2CDC       B4      84B       0
                text5                              2280     2280      1A6      84B       0
                text4                              16E2     16E2      31A      84B       0
                text3                              34E6     34E6       48      84B       0
                text2                              3452     3452       4A      84B       0
                text1                              3016     3016       98      84B       0
                text0                              1EAA     1EAA      220      84B       0
                cstackCOMRAM                          2        2       40        2       1
                cstackBANK0                          AD       AD       47       60       1
                cstackBANK1                         128      128       1E      100       1
                cstackBANK4                         400      400       C8      400       1
                bssBANK3                            300      300       C8      300       1
                bssBANK2                            200      200       C8      200       1
                bssBANK1                            100      100       28      100       1
                bssBANK0                             60       60       4D       60       1
                bssCOMRAM                            42       42       11        2       1
                cinit                              3408     3408       4A      84B       0

TOTAL           Name                               Link     Load   Length     Space
        CLASS   CODE           
                intcodelo                            18       18      134         0
                intcode                               8        8        6         0
                init                                14C      14C        4         0
                reset_vec                             0        0        6         0
                text50                             3752     3752       12         0
                text49                             3136     3136       88         0
                intcode_body                       323E     323E       72         0
                text47                             31BE     31BE       80         0
                text46                             28AA     28AA       E6         0
                text45                             33B8     33B8       50         0
                text44                             13C0     13C0      322         0
                text43                             3726     3726       1A         0
                text42                             1C56     1C56      254         0
                text41                             2A72     2A72       DC         0
                text40                             3600     3600       44         0
                text38                             370A     370A       1C         0
                text37                             3780     3780        A         0
                text36                             30AE     30AE       88         0
                text35                             36BA     36BA       32         0
                text34                             349C     349C       4A         0
                text33                             36EC     36EC       1E         0
                text32                             3772     3772        E         0
                text31                             2D90     2D90       A6         0
                text30                             2C1A     2C1A       C2         0
                text29                             27C2     27C2       E8         0
                text28                             3366     3366       52         0
                text27                             19FC     19FC      25A         0
                text26                             2990     2990       E2         0
                text25                             3740     3740       12         0
                text24                             20CA     20CA      1B6         0
                text23                             3644     3644       40         0
                text22                             35BA     35BA       46         0
                text21                             3574     3574       46         0
                text20                             3310     3310       56         0
                text19                             1096     1096      32A         0
                text18                             32B0     32B0       60         0
                text17                             2ED8     2ED8       A0         0
                text16                             3764     3764        E         0
                text15                             2E36     2E36       A2         0
                text14                             25CA     25CA      10C         0
                text13                             26D6     26D6       EC         0
                text12                             3684     3684       36         0
                text11                             378A     378A        2         0
                text10                             2B4E     2B4E       CC         0
                text9                              352E     352E       46         0
                text8                              2F78     2F78       9E         0
                text7                              2426     2426      1A4         0
                text6                              2CDC     2CDC       B4         0
                text5                              2280     2280      1A6         0
                text4                              16E2     16E2      31A         0
                text3                              34E6     34E6       48         0
                text2                              3452     3452       4A         0
                text1                              3016     3016       98         0
                text0                              1EAA     1EAA      220         0
                cinit                              3408     3408       4A         0

        CLASS   CONST          

        CLASS   SMALLCONST     
                smallconst                         1000     1000       96         0

        CLASS   MEDIUMCONST    

        CLASS   COMRAM         
                cstackCOMRAM                          2        2       40         1
                bssCOMRAM                            42       42       11         1

        CLASS   ABS1           
                abs_s1                                1        1        1         1

        CLASS   BIGRAM         

        CLASS   RAM            

        CLASS   BANK0          
                cstackBANK0                          AD       AD       47         1
                bssBANK0                             60       60       4D         1

        CLASS   BANK1          
                cstackBANK1                         128      128       1E         1
                bssBANK1                            100      100       28         1

        CLASS   BANK2          
                bssBANK2                            200      200       C8         1

        CLASS   BANK3          
                bssBANK3                            300      300       C8         1

        CLASS   BANK4          
                cstackBANK4                         400      400       C8         1

        CLASS   BANK5          

        CLASS   BANK6          

        CLASS   BANK7          

        CLASS   BANK8          

        CLASS   BANK9          

        CLASS   BANK10         

        CLASS   BANK11         

        CLASS   BANK12         

        CLASS   BANK13         

        CLASS   BANK14         

        CLASS   SFR            

        CLASS   BIGSFR         

        CLASS   CONFIG         
                config                             FFF8     FFF8        8         4

        CLASS   FARRAM         

        CLASS   HEAP           

        CLASS   STACK          

        CLASS   IDLOC          



SEGMENTS        Name                           Load    Length   Top    Selector   Space  Class

                reset_vec                      000000  000006  000006         0       0  CODE    
                cstackCOMRAM                   000002  000051  000053         2       1  COMRAM  
                intcode                        000008  000006  00000E         4       0  CODE    
                intcodelo                      000018  000138  000150         C       0  CODE    
                bssBANK0                       000060  000094  0000F4        60       1  BANK0   
                bssBANK1                       000100  000046  000146       100       1  BANK1   
                bssBANK2                       000200  0000C8  0002C8       200       1  BANK2   
                bssBANK3                       000300  0000C8  0003C8       300       1  BANK3   
                cstackBANK4                    000400  0000C8  0004C8       400       1  BANK4   
                smallconst                     001000  000096  001096       800       0  SMALLCON
                text19                         001096  0026F6  00378C       84B       0  CODE    


UNUSED ADDRESS RANGES

        Name                Unused          Largest block    Delta
        BANK0            000F4-000FF               C
        BANK1            00146-001FF              BA
        BANK10           00A00-00AFF             100
        BANK11           00B00-00BFF             100
        BANK12           00C00-00CFF             100
        BANK13           00D00-00DFF             100
        BANK14           00E00-00EBF              C0
        BANK2            002C8-002FF              38
        BANK3            003C8-003FF              38
        BANK4            004C8-004FF              38
        BANK5            00500-005FF             100
        BANK6            00600-006FF             100
        BANK7            00700-007FF             100
        BANK8            00800-008FF             100
        BANK9            00900-009FF             100
        BIGRAM           00053-0005F               D
                         000F4-000FF               C
                         00146-001FF              BA
                         002C8-002FF              38
                         003C8-003FF              38
                         004C8-00EBF             9F8
        BIGSFR           00EC0-00FFC             13D
        CODE             00006-00007               2
                         0000E-00017               A
                         00150-00FFF             EB0
                         0378C-0FFF7            C86C
        COMRAM           00053-0005F               D
        CONST            00006-00007               2
                         0000E-00017               A
                         00150-00FFF             EB0
                         0378C-0FFF7            C86C
        MEDIUMCONST      0378C-0FFF7            C86C
        RAM              000F4-000FF               C
                         00146-001FF              BA
                         002C8-002FF              38
                         003C8-003FF              38
                         004C8-00EBF             100
        SFR              00EC0-00FFC              60
        SMALLCONST       0378C-0FFF7             100

                                  Symbol Table

?_ADC_getChan                      cstackBANK0   000B8
?___aldiv                          cstackBANK0   000B8
?___almod                          cstackBANK0   000B8
?___lldiv                          cstackBANK0   000B8
?_abs                              cstackBANK0   000C2
?_dbio_getstring                   cstackBANK0   000EB
?_dbio_strnlen                     cstackBANK0   000B8
?_get_ms                           cstackBANK0   000B8
?_read_prec_or_width               cstackBANK0   000B8
?_sprintf                          cstackBANK1   00128
?_vfprintf                         cstackBANK0   000EE
?i2_get_ms                         cstackCOMRAM  00002
ADC_getChan@chan                   cstackBANK0   000BA
ADC_init@chanmax                   cstackBANK0   000BA
ADC_set_cbk@adc_cbk                cstackBANK0   000B8
RXbyte_cbk@byte                    cstackCOMRAM  00037
RingBuf_Available@len              cstackBANK0   000B8
RingBuf_Available@rb               cstackBANK0   000B9
RingBuf_Clear@rb                   cstackBANK0   000B8
RingBuf_DataPut@avaldat            cstackBANK0   000E1
RingBuf_DataPut@data               cstackBANK0   000C4
RingBuf_DataPut@input              cstackBANK0   000DB
RingBuf_DataPut@len                cstackBANK0   000C6
RingBuf_DataPut@len_tmp            cstackBANK0   000D9
RingBuf_DataPut@rb                 cstackBANK0   000C8
RingBuf_DataPut@s_addr             cstackBANK0   000DD
RingBuf_DataPut@space              cstackBANK0   000DF
RingBuf_DataRead@aval_len          cstackBANK0   000E9
RingBuf_DataRead@data              cstackBANK0   000DF
RingBuf_DataRead@len               cstackBANK0   000E1
RingBuf_DataRead@rb                cstackBANK0   000E3
RingBuf_DataRead@st                cstackBANK0   000E8
RingBuf_DataWatch@aval_len         cstackBANK0   000DD
RingBuf_DataWatch@data             cstackBANK0   000C4
RingBuf_DataWatch@len              cstackBANK0   000C6
RingBuf_DataWatch@loc_tail         cstackBANK0   000D9
RingBuf_DataWatch@rb               cstackBANK0   000C8
RingBuf_DataWatch@s_addr           cstackBANK0   000D7
RingBuf_DataWatch@space            cstackBANK0   000DB
RingBuf_Init@buf                   cstackBANK0   000BB
RingBuf_Init@cellsize              cstackBANK0   000BF
RingBuf_Init@rb                    cstackBANK0   000C1
RingBuf_Init@size                  cstackBANK0   000BD
Sys_msTimestamp_init@T0_prescaler  cstackBANK0   000CA
Sys_msTimestamp_init@callback_func cstackBANK0   000C5
Sys_msTimestamp_init@i             cstackBANK0   000CE
Sys_msTimestamp_init@ms_cycles     cstackBANK0   000D0
TXbyte_cbk@buf_len                 cstackCOMRAM  00040
TXbyte_cbk@byte                    cstackCOMRAM  0003F
UART1_Init@rx_cbck                 cstackBANK0   000B8
UART1_Init@tx_cbck                 cstackBANK0   000BA
_ADCON0bits                        (abs)         00FC2
_ADCON1bits                        (abs)         00FC1
_ADC_callback                      bssCOMRAM     0004A
_ADC_cplt_cbk                      text47        031BE
_ADC_getChan                       text38        0370A
_ADC_init                          text36        030AE
_ADC_set_cbk                       text37        03780
_ADC_start_IT                      text35        036BA
_ADC_start_flag                    bssCOMRAM     00050
_ADIE                              (abs)         07CEE
_ADIF                              (abs)         07CF6
_ADRESH                            (abs)         00FC4
_ADRESL                            (abs)         00FC3
_ANCON0                            (abs)         00F48
_ANCON0bits                        (abs)         00F48
_ANCON1                            (abs)         00F49
_BAUDCON1bits                      (abs)         00F7E
_ChanIndx                          bssCOMRAM     00046
_ChanNum                           bssBANK0      00080
_ChanValue                         bssBANK0      00060
_DateTime                          bssBANK1      00120
_HighInterrupts_handler            intcode       00008
_INTCONbits                        (abs)         00FF2
_IPR1bits                          (abs)         00F9F
_Interrupts_handler                intcodelo     00018
_LATDbits                          (abs)         00F8C
_OSCTUNEbits                       (abs)         00F9B
_PIE1bits                          (abs)         00F9D
_PIR1bits                          (abs)         00F9E
_RC1IE                             (abs)         07CED
_RC1IF                             (abs)         07CF5
_RCONbits                          (abs)         00FD0
_RCREG                             (abs)         00FAF
_RCSTA1bits                        (abs)         00FAC
_RCSTAbits                         (abs)         00FAC
_RTCCFGbits                        (abs)         00F3F
_RTCEN                             (abs)         079FF
_RTCOE                             (abs)         079FA
_RTCSYNC                           (abs)         079FC
_RTCVALH                           (abs)         00F99
_RTCVALL                           (abs)         00F98
_RTCWREN                           (abs)         079FD
_RTC_init                          text33        036EC
_RXbuf                             bssBANK2      00200
_RXbyte_cbk                        text43        03726
_RXringbuf                         bssBANK0      000A1
_RingBuf_Available                 text29        027C2
_RingBuf_Clear                     text23        03644
_RingBuf_DataPut                   text19        01096
_RingBuf_DataRead                  text26        02990
_RingBuf_DataWatch                 text27        019FC
_RingBuf_Init                      text22        035BA
_SPBRG1                            (abs)         00FB0
_SPBRGH1                           (abs)         00F7F
_Sys_init                          text32        03772
_Sys_msTimestamp_init              text30        02C1A
_T0CONbits                         (abs)         00FD5
_T1CONbits                         (abs)         00FCD
_TMR0H                             (abs)         00FD7
_TMR0H_tmp                         bssBANK0      00095
_TMR0IE                            (abs)         07F95
_TMR0IF                            (abs)         07F92
_TMR0L                             (abs)         00FD6
_TMR0L_tmp                         bssBANK0      00096
_TRISAbits                         (abs)         00F92
_TRISCbits                         (abs)         00F94
_TRISDbits                         (abs)         00F95
_TX1IE                             (abs)         07CEC
_TX1IF                             (abs)         07CF4
_TXREG                             (abs)         00FAE
_TXREG1                            (abs)         00FAE
_TXSTA1bits                        (abs)         00FAD
_TXbuf                             bssBANK3      00300
_TXbyte_cbk                        text40        03600
_TXringbuf                         bssBANK0      00097
_U1RX_callback                     bssCOMRAM     0004E
_U1TX_callback                     bssCOMRAM     0004C
_UART1_Init                        text21        03574
__HRAM                             (abs)         00000
__H__absolute__                    __absolute__  00000
__Habs1                            abs1          00000
__Hbank0                           bank0         00000
__Hbank1                           bank1         00000
__Hbank10                          bank10        00000
__Hbank11                          bank11        00000
__Hbank12                          bank12        00000
__Hbank13                          bank13        00000
__Hbank14                          bank14        00000
__Hbank2                           bank2         00000
__Hbank3                           bank3         00000
__Hbank4                           bank4         00000
__Hbank5                           bank5         00000
__Hbank6                           bank6         00000
__Hbank7                           bank7         00000
__Hbank8                           bank8         00000
__Hbank9                           bank9         00000
__Hbigbss                          bigbss        00000
__Hbigdata                         bigdata       00000
__Hbigram                          bigram        00000
__Hbigsfr                          bigsfr        00000
__Hbss                             bss           00000
__HbssBANK0                        bssBANK0      00000
__HbssBANK1                        bssBANK1      00000
__HbssBANK2                        bssBANK2      00000
__HbssBANK3                        bssBANK3      00000
__HbssCOMRAM                       bssCOMRAM     00000
__Hcinit                           cinit         00000
__Hclrtext                         clrtext       00000
__Hcomram                          comram        00000
__Hconfig                          config        10000
__Hconst                           const         00000
__HcstackBANK0                     cstackBANK0   00000
__HcstackBANK1                     cstackBANK1   00000
__HcstackBANK4                     cstackBANK4   00000
__HcstackCOMRAM                    cstackCOMRAM  00000
__Hdata                            data          00000
__Hfarbss                          farbss        00000
__Hfardata                         fardata       00000
__Hheap                            heap          00000
__Hibigdata                        ibigdata      00000
__Hidata                           idata         00000
__Hidloc                           idloc         00000
__Hifardata                        ifardata      00000
__Hinit                            init          00150
__Hintcode                         intcode       0000E
__Hintcode_body                    intcode_body  00000
__Hintcodelo                       intcodelo     0014C
__Hintentry                        intentry      00000
__Hintret                          intret        00000
__Hintsave_regs                    intsave_regs  00000
__Hirdata                          irdata        00000
__Hjflash_buffer                   jflash_buffer 0F800
__Hmediumconst                     mediumconst   00000
__HnvFARRAM                        nvFARRAM      00000
__Hnvbit                           nvbit         00000
__Hnvrram                          nvrram        00000
__Hparam                           rparam        00000
__Hpowerup                         powerup       00000
__Hram                             ram           00000
__Hramtop                          ramtop        01000
__Hrbit                            rbit          00000
__Hrbss                            rbss          00000
__Hrdata                           rdata         00000
__Hreset_vec                       reset_vec     00006
__Hrparam                          rparam        00000
__Hsfr                             sfr           00000
__Hsivt_hi                         sivt_hi       00000
__Hsivt_lo                         sivt_lo       0014C
__Hsmallconst                      smallconst    01096
__Hspace_0                         (abs)         0F800
__Hspace_1                         (abs)         004C8
__Hspace_2                         (abs)         00000
__Hspace_4                         (abs)         1FFF8
__Hstack                           stack         00000
__Hstruct                          struct        00000
__Htemp                            temp          00000
__Htext                            text          00000
__Htext0                           text0         00000
__Htext1                           text1         00000
__Htext10                          text10        00000
__Htext11                          text11        00000
__Htext12                          text12        00000
__Htext13                          text13        00000
__Htext14                          text14        00000
__Htext15                          text15        00000
__Htext16                          text16        00000
__Htext17                          text17        00000
__Htext18                          text18        00000
__Htext19                          text19        00000
__Htext2                           text2         00000
__Htext20                          text20        00000
__Htext21                          text21        00000
__Htext22                          text22        00000
__Htext23                          text23        00000
__Htext24                          text24        00000
__Htext25                          text25        00000
__Htext26                          text26        00000
__Htext27                          text27        00000
__Htext28                          text28        00000
__Htext29                          text29        00000
__Htext3                           text3         00000
__Htext30                          text30        00000
__Htext31                          text31        00000
__Htext32                          text32        00000
__Htext33                          text33        00000
__Htext34                          text34        00000
__Htext35                          text35        00000
__Htext36                          text36        00000
__Htext37                          text37        00000
__Htext38                          text38        00000
__Htext4                           text4         00000
__Htext40                          text40        00000
__Htext41                          text41        00000
__Htext42                          text42        00000
__Htext43                          text43        00000
__Htext44                          text44        00000
__Htext45                          text45        00000
__Htext46                          text46        00000
__Htext47                          text47        00000
__Htext49                          text49        00000
__Htext5                           text5         00000
__Htext50                          text50        00000
__Htext6                           text6         00000
__Htext7                           text7         00000
__Htext8                           text8         00000
__Htext9                           text9         00000
__LRAM                             (abs)         00001
__L__absolute__                    __absolute__  00000
__Labs1                            abs1          00000
__Lbank0                           bank0         00000
__Lbank1                           bank1         00000
__Lbank10                          bank10        00000
__Lbank11                          bank11        00000
__Lbank12                          bank12        00000
__Lbank13                          bank13        00000
__Lbank14                          bank14        00000
__Lbank2                           bank2         00000
__Lbank3                           bank3         00000
__Lbank4                           bank4         00000
__Lbank5                           bank5         00000
__Lbank6                           bank6         00000
__Lbank7                           bank7         00000
__Lbank8                           bank8         00000
__Lbank9                           bank9         00000
__Lbigbss                          bigbss        00000
__Lbigdata                         bigdata       00000
__Lbigram                          bigram        00000
__Lbigsfr                          bigsfr        00000
__Lbss                             bss           00000
__LbssBANK0                        bssBANK0      00000
__LbssBANK1                        bssBANK1      00000
__LbssBANK2                        bssBANK2      00000
__LbssBANK3                        bssBANK3      00000
__LbssCOMRAM                       bssCOMRAM     00000
__Lcinit                           cinit         00000
__Lclrtext                         clrtext       00000
__Lcomram                          comram        00000
__Lconfig                          config        00000
__Lconst                           const         00000
__LcstackBANK0                     cstackBANK0   00000
__LcstackBANK1                     cstackBANK1   00000
__LcstackBANK4                     cstackBANK4   00000
__LcstackCOMRAM                    cstackCOMRAM  00000
__Ldata                            data          00000
__Lfarbss                          farbss        00000
__Lfardata                         fardata       00000
__Lheap                            heap          00000
__Libigdata                        ibigdata      00000
__Lidata                           idata         00000
__Lidloc                           idloc         00000
__Lifardata                        ifardata      00000
__Linit                            init          0014C
__Lintcode                         intcode       00008
__Lintcode_body                    intcode_body  00000
__Lintcodelo                       intcodelo     00018
__Lintentry                        intentry      00000
__Lintret                          intret        00000
__Lintsave_regs                    intsave_regs  00000
__Lirdata                          irdata        00000
__Ljflash_buffer                   jflash_buffer 0F800
__Lmediumconst                     mediumconst   00000
__LnvFARRAM                        nvFARRAM      00000
__Lnvbit                           nvbit         00000
__Lnvrram                          nvrram        00000
__Lparam                           rparam        00000
__Lpowerup                         powerup       00000
__Lram                             ram           00000
__Lramtop                          ramtop        01000
__Lrbit                            rbit          00000
__Lrbss                            rbss          00000
__Lrdata                           rdata         00000
__Lreset_vec                       reset_vec     00000
__Lrparam                          rparam        00000
__Lsfr                             sfr           00000
__Lsivt_hi                         sivt_hi       00000
__Lsivt_lo                         sivt_lo       0014C
__Lsmallconst                      smallconst    01000
__Lspace_0                         (abs)         00000
__Lspace_1                         (abs)         00000
__Lspace_2                         (abs)         00000
__Lspace_4                         (abs)         00000
__Lstack                           stack         00000
__Lstruct                          struct        00000
__Ltemp                            temp          00000
__Ltext                            text          00000
__Ltext0                           text0         00000
__Ltext1                           text1         00000
__Ltext10                          text10        00000
__Ltext11                          text11        00000
__Ltext12                          text12        00000
__Ltext13                          text13        00000
__Ltext14                          text14        00000
__Ltext15                          text15        00000
__Ltext16                          text16        00000
__Ltext17                          text17        00000
__Ltext18                          text18        00000
__Ltext19                          text19        00000
__Ltext2                           text2         00000
__Ltext20                          text20        00000
__Ltext21                          text21        00000
__Ltext22                          text22        00000
__Ltext23                          text23        00000
__Ltext24                          text24        00000
__Ltext25                          text25        00000
__Ltext26                          text26        00000
__Ltext27                          text27        00000
__Ltext28                          text28        00000
__Ltext29                          text29        00000
__Ltext3                           text3         00000
__Ltext30                          text30        00000
__Ltext31                          text31        00000
__Ltext32                          text32        00000
__Ltext33                          text33        00000
__Ltext34                          text34        00000
__Ltext35                          text35        00000
__Ltext36                          text36        00000
__Ltext37                          text37        00000
__Ltext38                          text38        00000
__Ltext4                           text4         00000
__Ltext40                          text40        00000
__Ltext41                          text41        00000
__Ltext42                          text42        00000
__Ltext43                          text43        00000
__Ltext44                          text44        00000
__Ltext45                          text45        00000
__Ltext46                          text46        00000
__Ltext47                          text47        00000
__Ltext49                          text49        00000
__Ltext5                           text5         00000
__Ltext50                          text50        00000
__Ltext6                           text6         00000
__Ltext7                           text7         00000
__Ltext8                           text8         00000
__Ltext9                           text9         00000
__S0                               (abs)         0378C
__S1                               (abs)         004C8
__S4                               (abs)         00000
___aldiv                           text14        025CA
___aldiv@counter                   cstackBANK0   000C0
___aldiv@dividend                  cstackBANK0   000B8
___aldiv@divisor                   cstackBANK0   000BC
___aldiv@quotient                  cstackBANK0   000C2
___aldiv@sign                      cstackBANK0   000C1
___almod                           text13        026D6
___almod@counter                   cstackBANK0   000C0
___almod@dividend                  cstackBANK0   000B8
___almod@divisor                   cstackBANK0   000BC
___almod@sign                      cstackBANK0   000C1
___heap_hi                         (abs)         00000
___heap_lo                         (abs)         00000
___inthi_sp                        stack         00000
___inthi_stack_hi                  stack         00000
___inthi_stack_lo                  stack         00000
___intlo_sp                        stack         00000
___intlo_stack_hi                  stack         00000
___intlo_stack_lo                  stack         00000
___lldiv                           text31        02D90
___lldiv@counter                   cstackBANK0   000C4
___lldiv@dividend                  cstackBANK0   000B8
___lldiv@divisor                   cstackBANK0   000BC
___lldiv@quotient                  cstackBANK0   000C0
___param_bank                      (abs)         00000
___rparam_used                     (abs)         00001
___sp                              stack         00000
___stack_hi                        stack         00000
___stack_lo                        stack         00000
__accesstop                        (abs)         00060
__activetblptr                     (abs)         00002
__end_of_ADC_cplt_cbk              text47        0323E
__end_of_ADC_getChan               text38        03726
__end_of_ADC_init                  text36        03136
__end_of_ADC_set_cbk               text37        0378A
__end_of_ADC_start_IT              text35        036EC
__end_of_HighInterrupts_handler    intcode_body  032B0
__end_of_Interrupts_handler        intcodelo     0014C
__end_of_RTC_init                  text33        0370A
__end_of_RXbyte_cbk                text43        03740
__end_of_RingBuf_Available         text29        028AA
__end_of_RingBuf_Clear             text23        03684
__end_of_RingBuf_DataPut           text19        013C0
__end_of_RingBuf_DataRead          text26        02A72
__end_of_RingBuf_DataWatch         text27        01C56
__end_of_RingBuf_Init              text22        03600
__end_of_Sys_init                  text32        03780
__end_of_Sys_msTimestamp_init      text30        02CDC
__end_of_TXbyte_cbk                text40        03644
__end_of_UART1_Init                text21        035BA
__end_of___aldiv                   text14        026D6
__end_of___almod                   text13        027C2
__end_of___lldiv                   text31        02E36
__end_of__initialization           cinit         03444
__end_of_abs                       text12        036BA
__end_of_blinky                    text49        031BE
__end_of_dbio_getstring            text24        02280
__end_of_dbio_init                 text20        03366
__end_of_dbio_putstring            text17        02F78
__end_of_dbio_strnlen              text18        03310
__end_of_delay_ms                  text34        034E6
__end_of_dtoa                      text7         025CA
__end_of_fputc                     text10        02C1A
__end_of_fputs                     text9         03574
__end_of_get_ms                    text25        03752
__end_of_main                      text0         020CA
__end_of_memcpy                    text28        033B8
__end_of_pad                       text8         03016
__end_of_putch                     text11        0378C
__end_of_read_RTCC                 text15        02ED8
__end_of_read_prec_or_width        text6         02D90
__end_of_sprintf                   text2         0349C
__end_of_stoa                      text5         02426
__end_of_unlock_RTCC               text16        03772
__end_of_vfpfcnvrt                 text4         019FC
__end_of_vfprintf                  text3         0352E
__end_of_write_RTCC                text1         030AE
__end_ofi1_RingBuf_Available       text46        02990
__end_ofi1_RingBuf_DataPut         text44        016E2
__end_ofi1_RingBuf_DataRead        text41        02B4E
__end_ofi1_RingBuf_DataWatch       text42        01EAA
__end_ofi1_memcpy                  text45        03408
__end_ofi2_get_ms                  text50        03764
__initialization                   cinit         03408
__mediumconst                      smallconst    01000
__pbssBANK0                        bssBANK0      00060
__pbssBANK1                        bssBANK1      00100
__pbssBANK2                        bssBANK2      00200
__pbssBANK3                        bssBANK3      00300
__pbssCOMRAM                       bssCOMRAM     00042
__pcinit                           cinit         03408
__pcstackBANK0                     cstackBANK0   000AD
__pcstackBANK1                     cstackBANK1   00128
__pcstackBANK4                     cstackBANK4   00400
__pcstackCOMRAM                    cstackCOMRAM  00002
__pintcode                         intcode       00008
__pintcode_body                    intcode_body  0323E
__pintcodelo                       intcodelo     00018
__psmallconst                      smallconst    01000
__ptext0                           text0         01EAA
__ptext1                           text1         03016
__ptext10                          text10        02B4E
__ptext11                          text11        0378A
__ptext12                          text12        03684
__ptext13                          text13        026D6
__ptext14                          text14        025CA
__ptext15                          text15        02E36
__ptext16                          text16        03764
__ptext17                          text17        02ED8
__ptext18                          text18        032B0
__ptext19                          text19        01096
__ptext2                           text2         03452
__ptext20                          text20        03310
__ptext21                          text21        03574
__ptext22                          text22        035BA
__ptext23                          text23        03644
__ptext24                          text24        020CA
__ptext25                          text25        03740
__ptext26                          text26        02990
__ptext27                          text27        019FC
__ptext28                          text28        03366
__ptext29                          text29        027C2
__ptext3                           text3         034E6
__ptext30                          text30        02C1A
__ptext31                          text31        02D90
__ptext32                          text32        03772
__ptext33                          text33        036EC
__ptext34                          text34        0349C
__ptext35                          text35        036BA
__ptext36                          text36        030AE
__ptext37                          text37        03780
__ptext38                          text38        0370A
__ptext4                           text4         016E2
__ptext40                          text40        03600
__ptext41                          text41        02A72
__ptext42                          text42        01C56
__ptext43                          text43        03726
__ptext44                          text44        013C0
__ptext45                          text45        033B8
__ptext46                          text46        028AA
__ptext47                          text47        031BE
__ptext49                          text49        03136
__ptext5                           text5         02280
__ptext50                          text50        03752
__ptext6                           text6         02CDC
__ptext7                           text7         02426
__ptext8                           text8         02F78
__ptext9                           text9         0352E
__ramtop                           ramtop        01000
__smallconst                       smallconst    01000
_abs                               text12        03684
_blinky                            text49        03136
_dbio_getstring                    text24        020CA
_dbio_init                         text20        03310
_dbio_putstring                    text17        02ED8
_dbio_strnlen                      text18        032B0
_dbuf                              bssBANK1      00100
_delay_ms                          text34        0349C
_dtoa                              text7         02426
_dtoa$2266                         cstackBANK0   000D7
_flags                             bssBANK0      00094
_fputc                             text10        02B4E
_fputs                             text9         0352E
_get_ms                            text25        03740
_main                              text0         01EAA
_memcpy                            text28        03366
_ms_callback                       bssBANK0      00092
_pad                               text8         02F78
_prec                              bssBANK0      00090
_putch                             text11        0378A
_read_RTCC                         text15        02E36
_read_prec_or_width                text6         02CDC
_sprintf                           text2         03452
_stoa                              text5         02280
_timestamp                         bssBANK0      0008A
_unlock_RTCC                       text16        03764
_vfpfcnvrt                         text4         016E2
_vfprintf                          text3         034E6
_width                             bssBANK0      0008E
_write_RTCC                        text1         03016
abs@a                              cstackBANK0   000C2
blinky@time                        bssCOMRAM     00042
btemp                              (abs)         00001
btemp0                             (abs)         00001
btemp1                             (abs)         00002
dbio_getstring@Nmax                cstackBANK0   000ED
dbio_getstring@buf_len             bssCOMRAM     00051
dbio_getstring@buf_len_prev        bssCOMRAM     00048
dbio_getstring@str                 cstackBANK0   000EB
dbio_getstring@timeout             cstackBANK0   000EF
dbio_getstring@timetmp             bssBANK0      00086
dbio_putstring@Nmax                cstackBANK0   000ED
dbio_putstring@buf_len             bssBANK0      000AB
dbio_putstring@byte                cstackBANK0   000F3
dbio_putstring@str                 cstackBANK0   000EB
dbio_putstring@str_len             cstackBANK0   000F1
dbio_strnlen@N                     cstackBANK0   000BA
dbio_strnlen@i                     cstackBANK0   000BC
dbio_strnlen@str                   cstackBANK0   000B8
delay_ms@del                       cstackBANK0   000B8
delay_ms@temp_time                 cstackBANK0   000C0
dtoa@d                             cstackBANK0   000D3
dtoa@fp                            cstackBANK0   000D1
dtoa@i                             cstackBANK0   000DE
dtoa@p                             cstackBANK0   000DB
dtoa@s                             cstackBANK0   000DD
dtoa@w                             cstackBANK0   000D9
end_of_initialization              cinit         03444
fputc@c                            cstackBANK0   000B8
fputc@fp                           cstackBANK0   000BA
fputs@c                            cstackBANK0   000C5
fputs@fp                           cstackBANK0   000C3
fputs@i                            cstackBANK0   000C6
fputs@s                            cstackBANK0   000C1
i1RingBuf_Available@len            cstackCOMRAM  0000C
i1RingBuf_Available@rb             cstackCOMRAM  0000D
i1RingBuf_DataPut@avaldat          cstackCOMRAM  00033
i1RingBuf_DataPut@data             cstackCOMRAM  00018
i1RingBuf_DataPut@input            cstackCOMRAM  0002F
i1RingBuf_DataPut@len              cstackCOMRAM  0001A
i1RingBuf_DataPut@len_tmp          cstackCOMRAM  0002D
i1RingBuf_DataPut@rb               cstackCOMRAM  0001C
i1RingBuf_DataPut@s_addr           cstackCOMRAM  00031
i1RingBuf_DataPut@space            cstackCOMRAM  00035
i1RingBuf_DataRead@aval_len        cstackCOMRAM  0003D
i1RingBuf_DataRead@data            cstackCOMRAM  00033
i1RingBuf_DataRead@len             cstackCOMRAM  00035
i1RingBuf_DataRead@rb              cstackCOMRAM  00037
i1RingBuf_DataRead@st              cstackCOMRAM  0003C
i1RingBuf_DataWatch@aval_len       cstackCOMRAM  0002F
i1RingBuf_DataWatch@data           cstackCOMRAM  00018
i1RingBuf_DataWatch@len            cstackCOMRAM  0001A
i1RingBuf_DataWatch@loc_tail       cstackCOMRAM  0002D
i1RingBuf_DataWatch@rb             cstackCOMRAM  0001C
i1RingBuf_DataWatch@s_addr         cstackCOMRAM  0002B
i1RingBuf_DataWatch@space          cstackCOMRAM  00031
i1_RingBuf_Available               text46        028AA
i1_RingBuf_DataPut                 text44        013C0
i1_RingBuf_DataRead                text41        02A72
i1_RingBuf_DataWatch               text42        01C56
i1_memcpy                          text45        033B8
i1memcpy@d                         cstackCOMRAM  00013
i1memcpy@d1                        cstackCOMRAM  0000C
i1memcpy@n                         cstackCOMRAM  00010
i1memcpy@s                         cstackCOMRAM  00015
i1memcpy@s1                        cstackCOMRAM  0000E
i1memcpy@tmp                       cstackCOMRAM  00012
i2_get_ms                          text50        03752
int$flags                          (abs)         00001
int_func                           intcode_body  0323E
intlevel0                          text          00000
intlevel1                          text          00000
intlevel2                          text          00000
intlevel3                          text          00000
isa$std                            (abs)         00001
isa$xinst                          (abs)         00000
main@strrx                         cstackBANK4   00400
main@strtx                         cstackBANK4   00464
memcpy@d                           cstackBANK0   000BF
memcpy@d1                          cstackBANK0   000B8
memcpy@n                           cstackBANK0   000BC
memcpy@s                           cstackBANK0   000C1
memcpy@s1                          cstackBANK0   000BA
memcpy@tmp                         cstackBANK0   000BE
pad@buf                            cstackBANK0   000CA
pad@fp                             cstackBANK0   000C8
pad@i                              cstackBANK0   000CF
pad@p                              cstackBANK0   000CC
read_RTCC@me                       cstackBANK0   000B8
read_prec_or_width@ap              cstackBANK0   000B9
read_prec_or_width@c               cstackBANK0   000BD
read_prec_or_width@fmt             cstackBANK0   000B8
read_prec_or_width@n               cstackBANK0   000BE
sprintf@ap                         cstackBANK1   00133
sprintf@f                          cstackBANK1   00135
sprintf@fmt                        cstackBANK1   0012A
sprintf@s                          cstackBANK1   00128
stackhi                            (abs)         00000
stacklo                            (abs)         00000
start                              init          0014C
start_initialization               cinit         03408
stoa@cp                            cstackBANK0   000CB
stoa@fp                            cstackBANK0   000C1
stoa@l                             cstackBANK0   000CD
stoa@p                             cstackBANK0   000C7
stoa@s                             cstackBANK0   000C3
stoa@w                             cstackBANK0   000C9
vfpfcnvrt@ap                       cstackBANK0   000E3
vfpfcnvrt@c                        cstackBANK0   000EC
vfpfcnvrt@convarg                  cstackBANK0   000E7
vfpfcnvrt@cp                       cstackBANK0   000ED
vfpfcnvrt@done                     cstackBANK0   000EB
vfpfcnvrt@fmt                      cstackBANK0   000E2
vfpfcnvrt@fp                       cstackBANK0   000E0
vfprintf@ap                        cstackBANK0   000F1
vfprintf@cfmt                      cstackBANK0   000F3
vfprintf@fmt                       cstackBANK0   000F0
vfprintf@fp                        cstackBANK0   000EE
write_RTCC@me                      cstackBANK0   000B8


MODULE INFORMATION

Module		Function		Class		Link	Load	Size
ringbuf.c
		_RingBuf_DataPut		CODE           	1096	0000	810
		_RingBuf_DataRead		CODE           	2990	0000	226
		_RingBuf_Init  		CODE           	35BA	0000	70
		_RingBuf_Clear 		CODE           	3644	0000	64
		_RingBuf_Available		CODE           	27C2	0000	232
		_RingBuf_DataWatch		CODE           	19FC	0000	602

ringbuf.c estimated size: 2004

C:\Program Files\Microchip\xc8\v4.00\pic\sources\c99\common\aldiv.c
		___aldiv       		CODE           	25CA	0000	268

C:\Program Files\Microchip\xc8\v4.00\pic\sources\c99\common\aldiv.c estimated size: 268

C:\Program Files\Microchip\xc8\v4.00\pic\sources\c99\common\nf_fputc.c
		_fputc         		CODE           	2B4E	0000	204

C:\Program Files\Microchip\xc8\v4.00\pic\sources\c99\common\nf_fputc.c estimated size: 204

C:\Program Files\Microchip\xc8\v4.00\pic\sources\c99\common\doprnt.c
		_read_prec_or_width		CODE           	2CDC	0000	180
		_vfpfcnvrt     		CODE           	16E2	0000	794
		_pad           		CODE           	2F78	0000	158
		_dtoa          		CODE           	2426	0000	420
		_vfprintf      		CODE           	34E6	0000	72
		_stoa          		CODE           	2280	0000	422

C:\Program Files\Microchip\xc8\v4.00\pic\sources\c99\common\doprnt.c estimated size: 2046

C:\Program Files\Microchip\xc8\v4.00\pic\sources\c99\common\__lldiv.c
		___lldiv       		CODE           	2D90	0000	166

C:\Program Files\Microchip\xc8\v4.00\pic\sources\c99\common\__lldiv.c estimated size: 166

dbio.c
		_dbio_strnlen  		CODE           	32B0	0000	96
		_dbio_init     		CODE           	3310	0000	86
		_RXbyte_cbk    		CODE           	3726	0000	26
		_TXbyte_cbk    		CODE           	3600	0000	68
		_dbio_getstring		CODE           	20CA	0000	438
		_dbio_putstring		CODE           	2ED8	0000	160

dbio.c estimated size: 874

shared
		i1_RingBuf_DataRead		CODE           	2A72	0000	220
		i1_RingBuf_DataPut		CODE           	13C0	0000	802
		i2_get_ms      		CODE           	3752	0000	18
		__initialization		CODE           	3408	0000	60
		i1_RingBuf_Available		CODE           	28AA	0000	230
		i1_RingBuf_DataWatch		CODE           	1C56	0000	596
		i1_memcpy      		CODE           	33B8	0000	80

shared estimated size: 2006

ADC.c
		_ADC_cplt_cbk  		CODE           	31BE	0000	128
		_ADC_init      		CODE           	30AE	0000	136
		_ADC_getChan   		CODE           	370A	0000	28
		_ADC_start_IT  		CODE           	36BA	0000	50

ADC.c estimated size: 342

C:\Program Files\Microchip\xc8\v4.00\pic\sources\c99\common\abs.c
		_abs           		CODE           	3684	0000	54

C:\Program Files\Microchip\xc8\v4.00\pic\sources\c99\common\abs.c estimated size: 54

C:\Program Files\Microchip\xc8\v4.00\pic\sources\c99\common\putch.c
		_putch         		CODE           	378A	0000	2

C:\Program Files\Microchip\xc8\v4.00\pic\sources\c99\common\putch.c estimated size: 2

C:\Program Files\Microchip\xc8\v4.00\pic\sources\c99\common\almod.c
		___almod       		CODE           	26D6	0000	236

C:\Program Files\Microchip\xc8\v4.00\pic\sources\c99\common\almod.c estimated size: 236

C:\Program Files\Microchip\xc8\v4.00\pic\sources\c99\common\memcpy.c
		_memcpy        		CODE           	3366	0000	82

C:\Program Files\Microchip\xc8\v4.00\pic\sources\c99\common\memcpy.c estimated size: 82

main.c
		_main          		CODE           	1EAA	0000	544
		_blinky        		CODE           	3136	0000	136

main.c estimated size: 680

RTC.c
		_unlock_RTCC   		CODE           	3764	0000	14
		_read_RTCC     		CODE           	2E36	0000	162
		_write_RTCC    		CODE           	3016	0000	152
		_RTC_init      		CODE           	36EC	0000	30

RTC.c estimated size: 358

system.c
		_HighInterrupts_handler		CODE           	0008	0000	120
		_UART1_Init    		CODE           	3574	0000	70
		_ADC_set_cbk   		CODE           	3780	0000	10
		_delay_ms      		CODE           	349C	0000	74
		_get_ms        		CODE           	3740	0000	18
		_Sys_init      		CODE           	3772	0000	14
		_Sys_msTimestamp_init		CODE           	2C1A	0000	194
		_Interrupts_handler		CODE           	0018	0000	308

system.c estimated size: 808

C:\Program Files\Microchip\xc8\v4.00\pic\sources\c99\common\nf_sprintf.c
		_sprintf       		CODE           	3452	0000	74

C:\Program Files\Microchip\xc8\v4.00\pic\sources\c99\common\nf_sprintf.c estimated size: 74

C:\Program Files\Microchip\xc8\v4.00\pic\sources\c99\common\nf_fputs.c
		_fputs         		CODE           	352E	0000	70

C:\Program Files\Microchip\xc8\v4.00\pic\sources\c99\common\nf_fputs.c estimated size: 70

