Microchip MPLAB XC8 Compiler V4.00

Linker command line:

-W-3 \
  --edf=C:\Program Files\Microchip\xc8\v4.00\pic\dat\20260614213421_en.msgs \
  -cn -h+dist/default/debug\PIC18F46J50_TEST.X.debug.sym \
  --cmf=dist/default/debug\PIC18F46J50_TEST.X.debug.cmf -z -Q18F46J50 \
  -oC:\Users\Admin\AppData\Local\Temp\xcAs78s.0\driver_tmp_3.o \
  --defsym=__MPLAB_BUILD=1 --fixupoverflow=error \
  -Mdist/default/debug/PIC18F46J50_TEST.X.debug.map \
  --md=C:\Users\Admin\AppData\Local\Temp\xcAs78s.0\driver_tmp_0.dat -E1 \
  -ver=XC8 Compiler -ACODE=00h-0FFF7h -ACONST=00h-0FFF7h \
  -ASMALLCONST=01000h-010FFhx239,0FF00h-0FFF7h -AMEDIUMCONST=01000h-0FFF7h \
  -ACOMRAM=01h-05Fh -AABS1=00h-0EBFh -ABIGRAM=01h-0EBFh \
  -ARAM=060h-0FFh,0100h-01FFhx13,0E00h-0EBFh -ABANK0=060h-0FFh \
  -ABANK1=0100h-01FFh -ABANK2=0200h-02FFh -ABANK3=0300h-03FFh \
  -ABANK4=0400h-04FFh -ABANK5=0500h-05FFh -ABANK6=0600h-06FFh \
  -ABANK7=0700h-07FFh -ABANK8=0800h-08FFh -ABANK9=0900h-09FFh \
  -ABANK10=0A00h-0AFFh -ABANK11=0B00h-0BFFh -ABANK12=0C00h-0CFFh \
  -ABANK13=0D00h-0DFFh -ABANK14=0E00h-0EBFh \
  -ASFR=0EC0h-0EFFh,0F00h-0F5Fh,0F60h-0FFCh -ABIGSFR=0EC0h-0FFCh \
  -ACONFIG=0FFF8h-0FFFFh \
  -preset_vec=00h,intcode=8h,intcodelo=18h,sivt_lo,sivt_hi=CODE \
  -ppowerup=CODE,init -pramtop=01000h -psmallconst=SMALLCONST \
  -pmediumconst=MEDIUMCONST -pconst=CONST -AFARRAM=00h-00h \
  -pjflash_buffer=0F800h \
  -prdata=COMRAM,nvrram=COMRAM,nvbit=COMRAM,rbss=COMRAM,rbit=COMRAM \
  -pfarbss=FARRAM,fardata=FARRAM,nvFARRAM=FARRAM \
  -pintsave_regs=BIGRAM,bigbss=BIGRAM,bigdata=BIGRAM -pbss=RAM \
  -pidata=CODE,irdata=CODE,ibigdata=CODE,ifardata=CODE -prparam=COMRAM \
  C:\Users\Admin\AppData\Local\Temp\xcAs78s.0\driver_tmp_12.o \
  dist/default/debug\PIC18F46J50_TEST.X.debug.o 

Object code version is 3.11

Machine type is 18F46J50



                Name                               Link     Load   Length Selector   Space Scale
C:\Users\Admin\AppData\Local\Temp\xcAs78s.0\driver_tmp_12.o
                config                             FFF8     FFF8        8        0       4
                init                                164      164        4        C       0
                reset_vec                             0        0        6        0       0
dist/default/debug\PIC18F46J50_TEST.X.debug.o
                intcodelo                            18       18      14C        C       0
                intcode                               8        8        6        4       0
                config                             FFF8     FFF8        8        0       4
                smallconst                         1000     1000       4A      800       0
                text46                             297C     297C       EA      825       0
                text45                             3256     3256       50      825       0
                text44                             1768     1768      324      825       0
                text43                             34FA     34FA       18      825       0
                text42                             1F46     1F46      256      825       0
                text41                             2C30     2C30       DE      825       0
                text40                             33C6     33C6       44      825       0
                text39                             3536     3536       12      825       0
                text38                             2FCE     2FCE       88      825       0
                text37                             355E     355E        6      825       0
                intcode_body                       247A     247A      132      825       0
                text35                             2890     2890       EC      825       0
                text34                             3204     3204       52      825       0
                text33                             143C     143C      32C      825       0
                text32                             34BE     34BE       24      825       0
                text31                             1CEA     1CEA      25C      825       0
                text30                             2B4C     2B4C       E4      825       0
                text29                             31B2     31B2       52      825       0
                text28                             3524     3524       12      825       0
                text27                             2F42     2F42       8C      825       0
                text26                             3548     3548       10      825       0
                text24                             2E9C     2E9C       A6      825       0
                text23                             2DDA     2DDA       C2      825       0
                text22                             3558     3558        6      825       0
                text21                             34E2     34E2       18      825       0
                text20                             3056     3056       5C      825       0
                text19                             27A4     27A4       EC      825       0
                text18                             3160     3160       52      825       0
                text17                             1A8C     1A8C      25E      825       0
                text16                             2A66     2A66       E6      825       0
                text15                             3512     3512       12      825       0
                text14                             219C     219C      190      825       0
                text13                             340A     340A       40      825       0
                text12                             3380     3380       46      825       0
                text11                             333A     333A       46      825       0
                text10                             310C     310C       54      825       0
                text9                              30B2     30B2       5A      825       0
                text8                              25AC     25AC      10C      825       0
                text7                              26B8     26B8       EC      825       0
                text6                              3488     3488       36      825       0
                text5                              3564     3564        2      825       0
                text4                              2D0E     2D0E       CC      825       0
                text3                              104A     104A      3F2      825       0
                text2                              32A6     32A6       4C      825       0
                text1                              32F2     32F2       48      825       0
                text0                              232C     232C      14E      825       0
                cstackCOMRAM                          2        2       3E        2       1
                cstackBANK0                          60       60       41       60       1
                cstackBANK1                         100      100       42      100       1
                cstackBANK4                         400      400       C8      400       1
                bssBANK3                            300      300       C8      300       1
                bssBANK2                            200      200       C8      200       1
                bssBANK0                             A1       A1       37       60       1
                bssCOMRAM                            40       40       1C        2       1
                cinit                              344A     344A       3E      825       0

TOTAL           Name                               Link     Load   Length     Space
        CLASS   CODE           
                intcodelo                            18       18      14C         0
                intcode                               8        8        6         0
                init                                164      164        4         0
                reset_vec                             0        0        6         0
                text46                             297C     297C       EA         0
                text45                             3256     3256       50         0
                text44                             1768     1768      324         0
                text43                             34FA     34FA       18         0
                text42                             1F46     1F46      256         0
                text41                             2C30     2C30       DE         0
                text40                             33C6     33C6       44         0
                text39                             3536     3536       12         0
                text38                             2FCE     2FCE       88         0
                text37                             355E     355E        6         0
                intcode_body                       247A     247A      132         0
                text35                             2890     2890       EC         0
                text34                             3204     3204       52         0
                text33                             143C     143C      32C         0
                text32                             34BE     34BE       24         0
                text31                             1CEA     1CEA      25C         0
                text30                             2B4C     2B4C       E4         0
                text29                             31B2     31B2       52         0
                text28                             3524     3524       12         0
                text27                             2F42     2F42       8C         0
                text26                             3548     3548       10         0
                text24                             2E9C     2E9C       A6         0
                text23                             2DDA     2DDA       C2         0
                text22                             3558     3558        6         0
                text21                             34E2     34E2       18         0
                text20                             3056     3056       5C         0
                text19                             27A4     27A4       EC         0
                text18                             3160     3160       52         0
                text17                             1A8C     1A8C      25E         0
                text16                             2A66     2A66       E6         0
                text15                             3512     3512       12         0
                text14                             219C     219C      190         0
                text13                             340A     340A       40         0
                text12                             3380     3380       46         0
                text11                             333A     333A       46         0
                text10                             310C     310C       54         0
                text9                              30B2     30B2       5A         0
                text8                              25AC     25AC      10C         0
                text7                              26B8     26B8       EC         0
                text6                              3488     3488       36         0
                text5                              3564     3564        2         0
                text4                              2D0E     2D0E       CC         0
                text3                              104A     104A      3F2         0
                text2                              32A6     32A6       4C         0
                text1                              32F2     32F2       48         0
                text0                              232C     232C      14E         0
                cinit                              344A     344A       3E         0

        CLASS   CONST          

        CLASS   SMALLCONST     
                smallconst                         1000     1000       4A         0

        CLASS   MEDIUMCONST    

        CLASS   COMRAM         
                cstackCOMRAM                          2        2       3E         1
                bssCOMRAM                            40       40       1C         1

        CLASS   ABS1           
                abs_s1                                1        1        1         1

        CLASS   BIGRAM         

        CLASS   RAM            

        CLASS   BANK0          
                cstackBANK0                          60       60       41         1
                bssBANK0                             A1       A1       37         1

        CLASS   BANK1          
                cstackBANK1                         100      100       42         1

        CLASS   BANK2          
                bssBANK2                            200      200       C8         1

        CLASS   BANK3          
                bssBANK3                            300      300       C8         1

        CLASS   BANK4          
                cstackBANK4                         400      400       C8         1

        CLASS   BANK5          

        CLASS   BANK6          

        CLASS   BANK7          

        CLASS   BANK8          

        CLASS   BANK9          

        CLASS   BANK10         

        CLASS   BANK11         

        CLASS   BANK12         

        CLASS   BANK13         

        CLASS   BANK14         

        CLASS   SFR            

        CLASS   BIGSFR         

        CLASS   CONFIG         
                config                             FFF8     FFF8        8         4

        CLASS   FARRAM         

        CLASS   HEAP           

        CLASS   STACK          

        CLASS   IDLOC          



SEGMENTS        Name                           Load    Length   Top    Selector   Space  Class

                reset_vec                      000000  000006  000006         0       0  CODE    
                cstackCOMRAM                   000002  00005A  00005C         2       1  COMRAM  
                intcode                        000008  000006  00000E         4       0  CODE    
                intcodelo                      000018  000150  000168         C       0  CODE    
                cstackBANK0                    000060  000078  0000D8        60       1  BANK0   
                cstackBANK1                    000100  000042  000142       100       1  BANK1   
                bssBANK2                       000200  0000C8  0002C8       200       1  BANK2   
                bssBANK3                       000300  0000C8  0003C8       300       1  BANK3   
                cstackBANK4                    000400  0000C8  0004C8       400       1  BANK4   
                smallconst                     001000  00004A  00104A       800       0  SMALLCON
                text3                          00104A  00251C  003566       825       0  CODE    


UNUSED ADDRESS RANGES

        Name                Unused          Largest block    Delta
        BANK0            000D8-000FF              28
        BANK1            00142-001FF              BE
        BANK10           00A00-00AFF             100
        BANK11           00B00-00BFF             100
        BANK12           00C00-00CFF             100
        BANK13           00D00-00DFF             100
        BANK14           00E00-00EBF              C0
        BANK2            002C8-002FF              38
        BANK3            003C8-003FF              38
        BANK4            004C8-004FF              38
        BANK5            00500-005FF             100
        BANK6            00600-006FF             100
        BANK7            00700-007FF             100
        BANK8            00800-008FF             100
        BANK9            00900-009FF             100
        BIGRAM           0005C-0005F               4
                         000D8-000FF              28
                         00142-001FF              BE
                         002C8-002FF              38
                         003C8-003FF              38
                         004C8-00EBF             9F8
        BIGSFR           00EC0-00FFC             13D
        CODE             00006-00007               2
                         0000E-00017               A
                         00168-00FFF             E98
                         03566-0FFF7            CA92
        COMRAM           0005C-0005F               4
        CONST            00006-00007               2
                         0000E-00017               A
                         00168-00FFF             E98
                         03566-0FFF7            CA92
        MEDIUMCONST      03566-0FFF7            CA92
        RAM              000D8-000FF              28
                         00142-001FF              BE
                         002C8-002FF              38
                         003C8-003FF              38
                         004C8-00EBF             100
        SFR              00EC0-00FFC              60
        SMALLCONST       03566-0FFF7             100

                                  Symbol Table

?___aldiv                               cstackBANK1   00100
?___almod                               cstackBANK1   00100
?___lldiv                               cstackBANK1   00100
?_abs                                   cstackBANK1   0010A
?_dbio_getstring                        cstackBANK1   00134
?_gettimestamp                          cstackBANK1   00100
?_sprintf                               cstackBANK1   00125
?_vfprintf                              cstackBANK1   0011F
?i1_gettimestamp                        cstackBANK0   00060
?i2_gettimestamp                        cstackCOMRAM  00002
RingBuf_Available@len                   cstackBANK1   00100
RingBuf_Available@rb                    cstackBANK1   00102
RingBuf_Clear@rb                        cstackBANK1   00100
RingBuf_DataPut@avaldat                 cstackBANK0   0008A
RingBuf_DataPut@data                    cstackBANK0   0006D
RingBuf_DataPut@input                   cstackBANK0   00084
RingBuf_DataPut@len                     cstackBANK0   0006F
RingBuf_DataPut@len_tmp                 cstackBANK0   00082
RingBuf_DataPut@rb                      cstackBANK0   00071
RingBuf_DataPut@s_addr                  cstackBANK0   00086
RingBuf_DataPut@space                   cstackBANK0   00088
RingBuf_DataRead@aval_len               cstackBANK1   00132
RingBuf_DataRead@data                   cstackBANK1   00128
RingBuf_DataRead@len                    cstackBANK1   0012A
RingBuf_DataRead@rb                     cstackBANK1   0012C
RingBuf_DataRead@st                     cstackBANK1   00131
RingBuf_DataWatch@aval_len              cstackBANK1   00126
RingBuf_DataWatch@data                  cstackBANK1   0010D
RingBuf_DataWatch@len                   cstackBANK1   0010F
RingBuf_DataWatch@loc_tail              cstackBANK1   00122
RingBuf_DataWatch@rb                    cstackBANK1   00111
RingBuf_DataWatch@s_addr                cstackBANK1   00120
RingBuf_DataWatch@space                 cstackBANK1   00124
RingBuf_Init@buf                        cstackBANK1   00103
RingBuf_Init@cellsize                   cstackBANK1   00107
RingBuf_Init@rb                         cstackBANK1   00109
RingBuf_Init@size                       cstackBANK1   00105
SysMillisecTimestamp_init@T0_prescaler  cstackBANK1   00112
SysMillisecTimestamp_init@callback_func cstackBANK1   0010D
SysMillisecTimestamp_init@i             cstackBANK1   00116
SysMillisecTimestamp_init@ms_cycles     cstackBANK1   00118
TXbyte_cbk@buf_len                      cstackBANK0   00094
UART1_Init@rx_cbck                      cstackBANK1   00100
UART1_Init@tx_cbck                      cstackBANK1   00102
UART1_PutChar@byte                      cstackBANK1   00100
UART1_PutStr@N                          cstackBANK1   00103
UART1_PutStr@byte                       cstackBANK1   00101
UART1_PutStr@i                          cstackBANK1   00105
_BAUDCON1bits                           (abs)         00F7E
_HighInterrupts_handler                 intcode       00008
_INTCONbits                             (abs)         00FF2
_IPR1bits                               (abs)         00F9F
_LATDbits                               (abs)         00F8C
_LowInterrupts_handler                  intcodelo     00018
_OSCTUNEbits                            (abs)         00F9B
_PIE1bits                               (abs)         00F9D
_PIR1bits                               (abs)         00F9E
_RC1IE                                  (abs)         07CED
_RC1IF                                  (abs)         07CF5
_RCONbits                               (abs)         00FD0
_RCREG                                  (abs)         00FAF
_RCSTA1bits                             (abs)         00FAC
_RCSTAbits                              (abs)         00FAC
_RXbuf                                  bssBANK2      00200
_RXbyte_cbk                             text32        034BE
_RXbyte_cbk$intlevel1                   text32        034C8
_RXringbuf                              bssBANK0      000CE
_RingBuf_Available                      text19        027A4
_RingBuf_Clear                          text13        0340A
_RingBuf_DataPut                        text33        0143C
_RingBuf_DataRead                       text16        02A66
_RingBuf_DataWatch                      text17        01A8C
_RingBuf_Init                           text12        03380
_SPBRG1                                 (abs)         00FB0
_SPBRGH1                                (abs)         00F7F
_SysMillisecTimestamp_init              text23        02DDA
_Sys_init                               text22        03558
_T0CONbits                              (abs)         00FD5
_TMR0H                                  (abs)         00FD7
_TMR0H_tmp                              bssBANK0      000CC
_TMR0IE                                 (abs)         07F95
_TMR0IF                                 (abs)         07F92
_TMR0L                                  (abs)         00FD6
_TMR0L_tmp                              bssBANK0      000CD
_TRISCbits                              (abs)         00F94
_TRISDbits                              (abs)         00F95
_TX1IE                                  (abs)         07CEC
_TX1IF                                  (abs)         07CF4
_TXREG                                  (abs)         00FAE
_TXREG1                                 (abs)         00FAE
_TXSTA1bits                             (abs)         00FAD
_TXbuf                                  bssBANK3      00300
_TXbyte_cbk                             text29        031B2
_TXbyte_cbk$intlevel1                   text29        031BC
_TXringbuf                              bssCOMRAM     0004E
_U1RX_callback                          bssCOMRAM     0004C
_U1TX_callback                          bssCOMRAM     0004A
_UART1_Init                             text11        0333A
_UART1_PutChar                          text21        034E2
_UART1_PutStr                           text20        03056
__HRAM                                  (abs)         00000
__H__absolute__                         __absolute__  00000
__Habs1                                 abs1          00000
__Hbank0                                bank0         00000
__Hbank1                                bank1         00000
__Hbank10                               bank10        00000
__Hbank11                               bank11        00000
__Hbank12                               bank12        00000
__Hbank13                               bank13        00000
__Hbank14                               bank14        00000
__Hbank2                                bank2         00000
__Hbank3                                bank3         00000
__Hbank4                                bank4         00000
__Hbank5                                bank5         00000
__Hbank6                                bank6         00000
__Hbank7                                bank7         00000
__Hbank8                                bank8         00000
__Hbank9                                bank9         00000
__Hbigbss                               bigbss        00000
__Hbigdata                              bigdata       00000
__Hbigram                               bigram        00000
__Hbigsfr                               bigsfr        00000
__Hbss                                  bss           00000
__HbssBANK0                             bssBANK0      00000
__HbssBANK2                             bssBANK2      00000
__HbssBANK3                             bssBANK3      00000
__HbssCOMRAM                            bssCOMRAM     00000
__Hcinit                                cinit         00000
__Hclrtext                              clrtext       00000
__Hcomram                               comram        00000
__Hconfig                               config        10000
__Hconst                                const         00000
__HcstackBANK0                          cstackBANK0   00000
__HcstackBANK1                          cstackBANK1   00000
__HcstackBANK4                          cstackBANK4   00000
__HcstackCOMRAM                         cstackCOMRAM  00000
__Hdata                                 data          00000
__Hfarbss                               farbss        00000
__Hfardata                              fardata       00000
__Hheap                                 heap          00000
__Hibigdata                             ibigdata      00000
__Hidata                                idata         00000
__Hidloc                                idloc         00000
__Hifardata                             ifardata      00000
__Hinit                                 init          00168
__Hintcode                              intcode       0000E
__Hintcode_body                         intcode_body  00000
__Hintcodelo                            intcodelo     00164
__Hintentry                             intentry      00000
__Hintret                               intret        00000
__Hintsave_regs                         intsave_regs  00000
__Hirdata                               irdata        00000
__Hjflash_buffer                        jflash_buffer 0F800
__Hmediumconst                          mediumconst   00000
__HnvFARRAM                             nvFARRAM      00000
__Hnvbit                                nvbit         00000
__Hnvrram                               nvrram        00000
__Hparam                                rparam        00000
__Hpowerup                              powerup       00000
__Hram                                  ram           00000
__Hramtop                               ramtop        01000
__Hrbit                                 rbit          00000
__Hrbss                                 rbss          00000
__Hrdata                                rdata         00000
__Hreset_vec                            reset_vec     00006
__Hrparam                               rparam        00000
__Hsfr                                  sfr           00000
__Hsivt_hi                              sivt_hi       00000
__Hsivt_lo                              sivt_lo       00164
__Hsmallconst                           smallconst    0104A
__Hspace_0                              (abs)         0F800
__Hspace_1                              (abs)         004C8
__Hspace_2                              (abs)         00000
__Hspace_4                              (abs)         1FFF8
__Hstack                                stack         00000
__Hstruct                               struct        00000
__Htemp                                 temp          00000
__Htext                                 text          00000
__Htext0                                text0         00000
__Htext1                                text1         00000
__Htext10                               text10        00000
__Htext11                               text11        00000
__Htext12                               text12        00000
__Htext13                               text13        00000
__Htext14                               text14        00000
__Htext15                               text15        00000
__Htext16                               text16        00000
__Htext17                               text17        00000
__Htext18                               text18        00000
__Htext19                               text19        00000
__Htext2                                text2         00000
__Htext20                               text20        00000
__Htext21                               text21        00000
__Htext22                               text22        00000
__Htext23                               text23        00000
__Htext24                               text24        00000
__Htext26                               text26        00000
__Htext27                               text27        00000
__Htext28                               text28        00000
__Htext29                               text29        00000
__Htext3                                text3         00000
__Htext30                               text30        00000
__Htext31                               text31        00000
__Htext32                               text32        00000
__Htext33                               text33        00000
__Htext34                               text34        00000
__Htext35                               text35        00000
__Htext37                               text37        00000
__Htext38                               text38        00000
__Htext39                               text39        00000
__Htext4                                text4         00000
__Htext40                               text40        00000
__Htext41                               text41        00000
__Htext42                               text42        00000
__Htext43                               text43        00000
__Htext44                               text44        00000
__Htext45                               text45        00000
__Htext46                               text46        00000
__Htext5                                text5         00000
__Htext6                                text6         00000
__Htext7                                text7         00000
__Htext8                                text8         00000
__Htext9                                text9         00000
__LRAM                                  (abs)         00001
__L__absolute__                         __absolute__  00000
__Labs1                                 abs1          00000
__Lbank0                                bank0         00000
__Lbank1                                bank1         00000
__Lbank10                               bank10        00000
__Lbank11                               bank11        00000
__Lbank12                               bank12        00000
__Lbank13                               bank13        00000
__Lbank14                               bank14        00000
__Lbank2                                bank2         00000
__Lbank3                                bank3         00000
__Lbank4                                bank4         00000
__Lbank5                                bank5         00000
__Lbank6                                bank6         00000
__Lbank7                                bank7         00000
__Lbank8                                bank8         00000
__Lbank9                                bank9         00000
__Lbigbss                               bigbss        00000
__Lbigdata                              bigdata       00000
__Lbigram                               bigram        00000
__Lbigsfr                               bigsfr        00000
__Lbss                                  bss           00000
__LbssBANK0                             bssBANK0      00000
__LbssBANK2                             bssBANK2      00000
__LbssBANK3                             bssBANK3      00000
__LbssCOMRAM                            bssCOMRAM     00000
__Lcinit                                cinit         00000
__Lclrtext                              clrtext       00000
__Lcomram                               comram        00000
__Lconfig                               config        00000
__Lconst                                const         00000
__LcstackBANK0                          cstackBANK0   00000
__LcstackBANK1                          cstackBANK1   00000
__LcstackBANK4                          cstackBANK4   00000
__LcstackCOMRAM                         cstackCOMRAM  00000
__Ldata                                 data          00000
__Lfarbss                               farbss        00000
__Lfardata                              fardata       00000
__Lheap                                 heap          00000
__Libigdata                             ibigdata      00000
__Lidata                                idata         00000
__Lidloc                                idloc         00000
__Lifardata                             ifardata      00000
__Linit                                 init          00164
__Lintcode                              intcode       00008
__Lintcode_body                         intcode_body  00000
__Lintcodelo                            intcodelo     00018
__Lintentry                             intentry      00000
__Lintret                               intret        00000
__Lintsave_regs                         intsave_regs  00000
__Lirdata                               irdata        00000
__Ljflash_buffer                        jflash_buffer 0F800
__Lmediumconst                          mediumconst   00000
__LnvFARRAM                             nvFARRAM      00000
__Lnvbit                                nvbit         00000
__Lnvrram                               nvrram        00000
__Lparam                                rparam        00000
__Lpowerup                              powerup       00000
__Lram                                  ram           00000
__Lramtop                               ramtop        01000
__Lrbit                                 rbit          00000
__Lrbss                                 rbss          00000
__Lrdata                                rdata         00000
__Lreset_vec                            reset_vec     00000
__Lrparam                               rparam        00000
__Lsfr                                  sfr           00000
__Lsivt_hi                              sivt_hi       00000
__Lsivt_lo                              sivt_lo       00164
__Lsmallconst                           smallconst    01000
__Lspace_0                              (abs)         00000
__Lspace_1                              (abs)         00000
__Lspace_2                              (abs)         00000
__Lspace_4                              (abs)         00000
__Lstack                                stack         00000
__Lstruct                               struct        00000
__Ltemp                                 temp          00000
__Ltext                                 text          00000
__Ltext0                                text0         00000
__Ltext1                                text1         00000
__Ltext10                               text10        00000
__Ltext11                               text11        00000
__Ltext12                               text12        00000
__Ltext13                               text13        00000
__Ltext14                               text14        00000
__Ltext15                               text15        00000
__Ltext16                               text16        00000
__Ltext17                               text17        00000
__Ltext18                               text18        00000
__Ltext19                               text19        00000
__Ltext2                                text2         00000
__Ltext20                               text20        00000
__Ltext21                               text21        00000
__Ltext22                               text22        00000
__Ltext23                               text23        00000
__Ltext24                               text24        00000
__Ltext26                               text26        00000
__Ltext27                               text27        00000
__Ltext28                               text28        00000
__Ltext29                               text29        00000
__Ltext3                                text3         00000
__Ltext30                               text30        00000
__Ltext31                               text31        00000
__Ltext32                               text32        00000
__Ltext33                               text33        00000
__Ltext34                               text34        00000
__Ltext35                               text35        00000
__Ltext37                               text37        00000
__Ltext38                               text38        00000
__Ltext39                               text39        00000
__Ltext4                                text4         00000
__Ltext40                               text40        00000
__Ltext41                               text41        00000
__Ltext42                               text42        00000
__Ltext43                               text43        00000
__Ltext44                               text44        00000
__Ltext45                               text45        00000
__Ltext46                               text46        00000
__Ltext5                                text5         00000
__Ltext6                                text6         00000
__Ltext7                                text7         00000
__Ltext8                                text8         00000
__Ltext9                                text9         00000
__S0                                    (abs)         03566
__S1                                    (abs)         004C8
__S4                                    (abs)         00000
___aldiv                                text8         025AC
___aldiv@counter                        cstackBANK1   00108
___aldiv@dividend                       cstackBANK1   00100
___aldiv@divisor                        cstackBANK1   00104
___aldiv@quotient                       cstackBANK1   0010A
___aldiv@sign                           cstackBANK1   00109
___almod                                text7         026B8
___almod@counter                        cstackBANK1   00108
___almod@dividend                       cstackBANK1   00100
___almod@divisor                        cstackBANK1   00104
___almod@sign                           cstackBANK1   00109
___heap_hi                              (abs)         00000
___heap_lo                              (abs)         00000
___inthi_sp                             stack         00000
___inthi_stack_hi                       stack         00000
___inthi_stack_lo                       stack         00000
___intlo_sp                             stack         00000
___intlo_stack_hi                       stack         00000
___intlo_stack_lo                       stack         00000
___lldiv                                text24        02E9C
___lldiv@counter                        cstackBANK1   0010C
___lldiv@dividend                       cstackBANK1   00100
___lldiv@divisor                        cstackBANK1   00104
___lldiv@quotient                       cstackBANK1   00108
___param_bank                           (abs)         00000
___rparam_used                          (abs)         00001
___sp                                   stack         00000
___stack_hi                             stack         00000
___stack_lo                             stack         00000
__accesstop                             (abs)         00060
__activetblptr                          (abs)         00002
__end_of_HighInterrupts_handler         intcode_body  025AC
__end_of_LowInterrupts_handler          intcodelo     00164
__end_of_RXbyte_cbk                     text32        034E2
__end_of_RingBuf_Available              text19        02890
__end_of_RingBuf_Clear                  text13        0344A
__end_of_RingBuf_DataPut                text33        01768
__end_of_RingBuf_DataRead               text16        02B4C
__end_of_RingBuf_DataWatch              text17        01CEA
__end_of_RingBuf_Init                   text12        033C6
__end_of_SysMillisecTimestamp_init      text23        02E9C
__end_of_Sys_init                       text22        0355E
__end_of_TXbyte_cbk                     text29        03204
__end_of_UART1_Init                     text11        03380
__end_of_UART1_PutChar                  text21        034FA
__end_of_UART1_PutStr                   text20        030B2
__end_of___aldiv                        text8         026B8
__end_of___almod                        text7         027A4
__end_of___lldiv                        text24        02F42
__end_of__initialization                cinit         0347A
__end_of_abs                            text6         034BE
__end_of_blinky                         text27        02FCE
__end_of_dbio_getstring                 text14        0232C
__end_of_dbio_init                      text10        03160
__end_of_delay_ms                       text9         0310C
__end_of_fputc                          text4         02DDA
__end_of_gettimestamp                   text15        03524
__end_of_main                           text0         0247A
__end_of_memcpy                         text18        031B2
__end_of_ms_call_func                   text26        03558
__end_of_putch                          text5         03566
__end_of_sprintf                        text1         0333A
__end_of_vfpfcnvrt                      text3         0143C
__end_of_vfprintf                       text2         032F2
__end_ofi1_RingBuf_Available            text35        0297C
__end_ofi1_RingBuf_DataRead             text30        02C30
__end_ofi1_RingBuf_DataWatch            text31        01F46
__end_ofi1_gettimestamp                 text28        03536
__end_ofi1_memcpy                       text34        03256
__end_ofi2_RXbyte_cbk                   text43        03512
__end_ofi2_RingBuf_Available            text46        02A66
__end_ofi2_RingBuf_DataPut              text44        01A8C
__end_ofi2_RingBuf_DataRead             text41        02D0E
__end_ofi2_RingBuf_DataWatch            text42        0219C
__end_ofi2_TXbyte_cbk                   text40        0340A
__end_ofi2_blinky                       text38        03056
__end_ofi2_gettimestamp                 text39        03548
__end_ofi2_memcpy                       text45        032A6
__end_ofi2_ms_call_func                 text37        03564
__initialization                        cinit         0344A
__mediumconst                           smallconst    01000
__pbssBANK0                             bssBANK0      000A1
__pbssBANK2                             bssBANK2      00200
__pbssBANK3                             bssBANK3      00300
__pbssCOMRAM                            bssCOMRAM     00040
__pcinit                                cinit         0344A
__pcstackBANK0                          cstackBANK0   00060
__pcstackBANK1                          cstackBANK1   00100
__pcstackBANK4                          cstackBANK4   00400
__pcstackCOMRAM                         cstackCOMRAM  00002
__pintcode                              intcode       00008
__pintcode_body                         intcode_body  0247A
__pintcodelo                            intcodelo     00018
__psmallconst                           smallconst    01000
__ptext0                                text0         0232C
__ptext1                                text1         032F2
__ptext10                               text10        0310C
__ptext11                               text11        0333A
__ptext12                               text12        03380
__ptext13                               text13        0340A
__ptext14                               text14        0219C
__ptext15                               text15        03512
__ptext16                               text16        02A66
__ptext17                               text17        01A8C
__ptext18                               text18        03160
__ptext19                               text19        027A4
__ptext2                                text2         032A6
__ptext20                               text20        03056
__ptext21                               text21        034E2
__ptext22                               text22        03558
__ptext23                               text23        02DDA
__ptext24                               text24        02E9C
__ptext26                               text26        03548
__ptext27                               text27        02F42
__ptext28                               text28        03524
__ptext29                               text29        031B2
__ptext3                                text3         0104A
__ptext30                               text30        02B4C
__ptext31                               text31        01CEA
__ptext32                               text32        034BE
__ptext33                               text33        0143C
__ptext34                               text34        03204
__ptext35                               text35        02890
__ptext37                               text37        0355E
__ptext38                               text38        02FCE
__ptext39                               text39        03536
__ptext4                                text4         02D0E
__ptext40                               text40        033C6
__ptext41                               text41        02C30
__ptext42                               text42        01F46
__ptext43                               text43        034FA
__ptext44                               text44        01768
__ptext45                               text45        03256
__ptext46                               text46        0297C
__ptext5                                text5         03564
__ptext6                                text6         03488
__ptext7                                text7         026B8
__ptext8                                text8         025AC
__ptext9                                text9         030B2
__ramtop                                ramtop        01000
__smallconst                            smallconst    01000
_abs                                    text6         03488
_blinky                                 text27        02F42
_dbio_getstring                         text14        0219C
_dbio_init                              text10        0310C
_dbuf                                   bssBANK0      000A1
_delay_ms                               text9         030B2
_flags                                  bssBANK0      000CB
_fputc                                  text4         02D0E
_gettimestamp                           text15        03512
_main                                   text0         0232C
_memcpy                                 text18        03160
_ms_call_func                           text26        03548
_ms_call_func$intlevel1                 text26        03552
_ms_callback                            bssBANK0      000C9
_prec                                   bssBANK0      000C7
_putch                                  text5         03564
_sprintf                                text1         032F2
_timestamp                              bssBANK0      000C1
_vfpfcnvrt                              text3         0104A
_vfprintf                               text2         032A6
_width                                  bssBANK0      000C5
abs@a                                   cstackBANK1   0010A
blinky@time                             bssCOMRAM     00044
btemp                                   (abs)         00001
btemp0                                  (abs)         00001
btemp1                                  (abs)         00002
dbio_getstring@Nmax                     cstackBANK1   00136
dbio_getstring@buf_len                  bssCOMRAM     0005A
dbio_getstring@buf_len_prev             bssCOMRAM     00048
dbio_getstring@str                      cstackBANK1   00134
dbio_getstring@timeout                  cstackBANK1   00138
dbio_getstring@timetmp                  bssCOMRAM     00040
dbio_putstring@buf_len                  bssCOMRAM     00058
delay_ms@del                            cstackBANK1   00100
delay_ms@temp_time                      cstackBANK1   00108
end_of_initialization                   cinit         0347A
fputc@c                                 cstackBANK1   00100
fputc@fp                                cstackBANK1   00102
i1RingBuf_Available@len                 cstackBANK0   00060
i1RingBuf_Available@rb                  cstackBANK0   00062
i1RingBuf_DataRead@aval_len             cstackBANK0   00092
i1RingBuf_DataRead@data                 cstackBANK0   00088
i1RingBuf_DataRead@len                  cstackBANK0   0008A
i1RingBuf_DataRead@rb                   cstackBANK0   0008C
i1RingBuf_DataRead@st                   cstackBANK0   00091
i1RingBuf_DataWatch@aval_len            cstackBANK0   00086
i1RingBuf_DataWatch@data                cstackBANK0   0006D
i1RingBuf_DataWatch@len                 cstackBANK0   0006F
i1RingBuf_DataWatch@loc_tail            cstackBANK0   00082
i1RingBuf_DataWatch@rb                  cstackBANK0   00071
i1RingBuf_DataWatch@s_addr              cstackBANK0   00080
i1RingBuf_DataWatch@space               cstackBANK0   00084
i1_RingBuf_Available                    text35        02890
i1_RingBuf_DataRead                     text30        02B4C
i1_RingBuf_DataWatch                    text31        01CEA
i1_gettimestamp                         text28        03524
i1_memcpy                               text34        03204
i1memcpy@d                              cstackBANK0   00067
i1memcpy@d1                             cstackBANK0   00060
i1memcpy@n                              cstackBANK0   00064
i1memcpy@s                              cstackBANK0   00069
i1memcpy@s1                             cstackBANK0   00062
i1memcpy@tmp                            cstackBANK0   00066
i2RingBuf_Available@len                 cstackCOMRAM  00002
i2RingBuf_Available@rb                  cstackCOMRAM  00004
i2RingBuf_DataPut@avaldat               cstackCOMRAM  0002A
i2RingBuf_DataPut@data                  cstackCOMRAM  0000F
i2RingBuf_DataPut@input                 cstackCOMRAM  00026
i2RingBuf_DataPut@len                   cstackCOMRAM  00011
i2RingBuf_DataPut@len_tmp               cstackCOMRAM  00024
i2RingBuf_DataPut@rb                    cstackCOMRAM  00013
i2RingBuf_DataPut@s_addr                cstackCOMRAM  00028
i2RingBuf_DataPut@space                 cstackCOMRAM  0002C
i2RingBuf_DataRead@aval_len             cstackCOMRAM  00034
i2RingBuf_DataRead@data                 cstackCOMRAM  0002A
i2RingBuf_DataRead@len                  cstackCOMRAM  0002C
i2RingBuf_DataRead@rb                   cstackCOMRAM  0002E
i2RingBuf_DataRead@st                   cstackCOMRAM  00033
i2RingBuf_DataWatch@aval_len            cstackCOMRAM  00028
i2RingBuf_DataWatch@data                cstackCOMRAM  0000F
i2RingBuf_DataWatch@len                 cstackCOMRAM  00011
i2RingBuf_DataWatch@loc_tail            cstackCOMRAM  00024
i2RingBuf_DataWatch@rb                  cstackCOMRAM  00013
i2RingBuf_DataWatch@s_addr              cstackCOMRAM  00022
i2RingBuf_DataWatch@space               cstackCOMRAM  00026
i2TXbyte_cbk@buf_len                    cstackCOMRAM  00036
i2_RXbyte_cbk                           text43        034FA
i2_RingBuf_Available                    text46        0297C
i2_RingBuf_DataPut                      text44        01768
i2_RingBuf_DataRead                     text41        02C30
i2_RingBuf_DataWatch                    text42        01F46
i2_TXbyte_cbk                           text40        033C6
i2_blinky                               text38        02FCE
i2_gettimestamp                         text39        03536
i2_memcpy                               text45        03256
i2_ms_call_func                         text37        0355E
i2memcpy@d                              cstackCOMRAM  00009
i2memcpy@d1                             cstackCOMRAM  00002
i2memcpy@n                              cstackCOMRAM  00006
i2memcpy@s                              cstackCOMRAM  0000B
i2memcpy@s1                             cstackCOMRAM  00004
i2memcpy@tmp                            cstackCOMRAM  00008
int$flags                               (abs)         00001
int_func                                intcode_body  0247A
intlevel0                               text          00000
intlevel1                               text          00000
intlevel2                               text          00000
intlevel3                               text          00000
isa$std                                 (abs)         00001
isa$xinst                               (abs)         00000
main@strrx                              cstackBANK4   00400
main@strtx                              cstackBANK4   00464
memcpy@d                                cstackBANK1   00107
memcpy@d1                               cstackBANK1   00100
memcpy@n                                cstackBANK1   00104
memcpy@s                                cstackBANK1   00109
memcpy@s1                               cstackBANK1   00102
memcpy@tmp                              cstackBANK1   00106
sprintf@ap                              cstackBANK1   0012E
sprintf@f                               cstackBANK1   00130
sprintf@fmt                             cstackBANK1   00127
sprintf@s                               cstackBANK1   00125
stackhi                                 (abs)         00000
stacklo                                 (abs)         00000
start                                   init          00164
start_initialization                    cinit         0344A
vfpfcnvrt@ap                            cstackBANK1   00112
vfpfcnvrt@c                             cstackBANK1   0011E
vfpfcnvrt@convarg                       cstackBANK1   0011A
vfpfcnvrt@cp                            cstackBANK1   00119
vfpfcnvrt@cp_1789                       cstackBANK1   00116
vfpfcnvrt@done                          cstackBANK1   00118
vfpfcnvrt@fmt                           cstackBANK1   00110
vfpfcnvrt@fp                            cstackBANK1   0010E
vfprintf@ap                             cstackBANK1   00122
vfprintf@cfmt                           cstackBANK1   00124
vfprintf@fmt                            cstackBANK1   00121
vfprintf@fp                             cstackBANK1   0011F


MODULE INFORMATION

Module		Function		Class		Link	Load	Size
ringbuf.c
		_RingBuf_DataPut		CODE           	143C	0000	812
		_RingBuf_DataRead		CODE           	2A66	0000	230
		_RingBuf_Init  		CODE           	3380	0000	70
		_RingBuf_Clear 		CODE           	340A	0000	64
		_RingBuf_Available		CODE           	27A4	0000	236
		_RingBuf_DataWatch		CODE           	1A8C	0000	606

ringbuf.c estimated size: 2018

C:\Program Files\Microchip\xc8\v4.00\pic\sources\c99\common\aldiv.c
		___aldiv       		CODE           	25AC	0000	268

C:\Program Files\Microchip\xc8\v4.00\pic\sources\c99\common\aldiv.c estimated size: 268

C:\Program Files\Microchip\xc8\v4.00\pic\sources\c99\common\nf_fputc.c
		_fputc         		CODE           	2D0E	0000	204

C:\Program Files\Microchip\xc8\v4.00\pic\sources\c99\common\nf_fputc.c estimated size: 204

C:\Program Files\Microchip\xc8\v4.00\pic\sources\c99\common\doprnt.c
		_vfpfcnvrt     		CODE           	104A	0000	1010
		_vfprintf      		CODE           	32A6	0000	76

C:\Program Files\Microchip\xc8\v4.00\pic\sources\c99\common\doprnt.c estimated size: 1086

C:\Program Files\Microchip\xc8\v4.00\pic\sources\c99\common\__lldiv.c
		___lldiv       		CODE           	2E9C	0000	166

C:\Program Files\Microchip\xc8\v4.00\pic\sources\c99\common\__lldiv.c estimated size: 166

dbio.c
		_dbio_init     		CODE           	310C	0000	84
		_RXbyte_cbk    		CODE           	34BE	0000	36
		_TXbyte_cbk    		CODE           	31B2	0000	82
		_dbio_getstring		CODE           	219C	0000	400

dbio.c estimated size: 602

shared
		i2_RXbyte_cbk  		CODE           	34FA	0000	24
		i1_gettimestamp		CODE           	3524	0000	18
		i2_gettimestamp		CODE           	3536	0000	18
		i1_RingBuf_DataRead		CODE           	2B4C	0000	228
		i2_TXbyte_cbk  		CODE           	33C6	0000	68
		i2_RingBuf_DataRead		CODE           	2C30	0000	222
		i2_RingBuf_DataPut		CODE           	1768	0000	804
		__initialization		CODE           	344A	0000	48
		i2_ms_call_func		CODE           	355E	0000	6
		i2_blinky      		CODE           	2FCE	0000	136
		i1_RingBuf_Available		CODE           	2890	0000	236
		i2_RingBuf_Available		CODE           	297C	0000	234
		i1_RingBuf_DataWatch		CODE           	1CEA	0000	604
		i2_RingBuf_DataWatch		CODE           	1F46	0000	598
		i1_memcpy      		CODE           	3204	0000	82
		i2_memcpy      		CODE           	3256	0000	80

shared estimated size: 3406

C:\Program Files\Microchip\xc8\v4.00\pic\sources\c99\common\abs.c
		_abs           		CODE           	3488	0000	54

C:\Program Files\Microchip\xc8\v4.00\pic\sources\c99\common\abs.c estimated size: 54

C:\Program Files\Microchip\xc8\v4.00\pic\sources\c99\common\putch.c
		_putch         		CODE           	3564	0000	2

C:\Program Files\Microchip\xc8\v4.00\pic\sources\c99\common\putch.c estimated size: 2

C:\Program Files\Microchip\xc8\v4.00\pic\sources\c99\common\almod.c
		___almod       		CODE           	26B8	0000	236

C:\Program Files\Microchip\xc8\v4.00\pic\sources\c99\common\almod.c estimated size: 236

C:\Program Files\Microchip\xc8\v4.00\pic\sources\c99\common\memcpy.c
		_memcpy        		CODE           	3160	0000	82

C:\Program Files\Microchip\xc8\v4.00\pic\sources\c99\common\memcpy.c estimated size: 82

main.c
		_main          		CODE           	232C	0000	334
		_blinky        		CODE           	2F42	0000	140
		_ms_call_func  		CODE           	3548	0000	16

main.c estimated size: 490

system.c
		_LowInterrupts_handler		CODE           	0018	0000	332
		_UART1_PutStr  		CODE           	3056	0000	92
		_HighInterrupts_handler		CODE           	0008	0000	312
		_UART1_PutChar 		CODE           	34E2	0000	24
		_gettimestamp  		CODE           	3512	0000	18
		_UART1_Init    		CODE           	333A	0000	70
		_SysMillisecTimestamp_init		CODE           	2DDA	0000	194
		_delay_ms      		CODE           	30B2	0000	90
		_Sys_init      		CODE           	3558	0000	6

system.c estimated size: 1138

C:\Program Files\Microchip\xc8\v4.00\pic\sources\c99\common\nf_sprintf.c
		_sprintf       		CODE           	32F2	0000	72

C:\Program Files\Microchip\xc8\v4.00\pic\sources\c99\common\nf_sprintf.c estimated size: 72

