Microchip MPLAB XC8 Compiler V4.00

Linker command line:

-W-3 \
  --edf=C:\Program Files\Microchip\xc8\v4.00\pic\dat\20260614213421_en.msgs \
  -cn \
  -h+dist/default/production\PIC18F46J50_common_project.X.production.sym \
  --cmf=dist/default/production\PIC18F46J50_common_project.X.production.cmf \
  -z -Q18F46J50 -oD:\Users\Samsonov_PA\TEMP\xcAsd5g.0\driver_tmp_3.o \
  --defsym=__MPLAB_BUILD=1 --fixupoverflow=error \
  -Mdist/default/production/PIC18F46J50_common_project.X.production.map \
  --md=D:\Users\Samsonov_PA\TEMP\xcAsd5g.0\driver_tmp_0.dat -E1 \
  -ver=XC8 Compiler -ACODE=00h-0FFF7h -ACONST=00h-0FFF7h \
  -ASMALLCONST=01000h-010FFhx239,0FF00h-0FFF7h -AMEDIUMCONST=01000h-0FFF7h \
  -ACOMRAM=01h-05Fh -AABS1=00h-0EBFh -ABIGRAM=01h-0EBFh \
  -ARAM=060h-0FFh,0100h-01FFhx13,0E00h-0EBFh -ABANK0=060h-0FFh \
  -ABANK1=0100h-01FFh -ABANK2=0200h-02FFh -ABANK3=0300h-03FFh \
  -ABANK4=0400h-04FFh -ABANK5=0500h-05FFh -ABANK6=0600h-06FFh \
  -ABANK7=0700h-07FFh -ABANK8=0800h-08FFh -ABANK9=0900h-09FFh \
  -ABANK10=0A00h-0AFFh -ABANK11=0B00h-0BFFh -ABANK12=0C00h-0CFFh \
  -ABANK13=0D00h-0DFFh -ABANK14=0E00h-0EBFh \
  -ASFR=0EC0h-0EFFh,0F00h-0F5Fh,0F60h-0FFFh -ABIGSFR=0EC0h-0FFFh \
  -ACONFIG=0FFF8h-0FFFFh \
  -preset_vec=00h,intcode=8h,intcodelo=18h,sivt_lo,sivt_hi=CODE \
  -ppowerup=CODE,init -pramtop=01000h -psmallconst=SMALLCONST \
  -pmediumconst=MEDIUMCONST -pconst=CONST -AFARRAM=00h-00h \
  -pjflash_buffer=0F800h \
  -prdata=COMRAM,nvrram=COMRAM,nvbit=COMRAM,rbss=COMRAM,rbit=COMRAM \
  -pfarbss=FARRAM,fardata=FARRAM,nvFARRAM=FARRAM \
  -pintsave_regs=BIGRAM,bigbss=BIGRAM,bigdata=BIGRAM -pbss=RAM \
  -pidata=CODE,irdata=CODE,ibigdata=CODE,ifardata=CODE -prparam=COMRAM \
  D:\Users\Samsonov_PA\TEMP\xcAsd5g.0\driver_tmp_12.o \
  dist/default/production\PIC18F46J50_common_project.X.production.o 

Object code version is 3.11

Machine type is 18F46J50



                Name                               Link     Load   Length Selector   Space Scale
D:\Users\Samsonov_PA\TEMP\xcAsd5g.0\driver_tmp_12.o
                config                             FFF8     FFF8        8        0       4
                init                                 D0       D0        4        C       0
                reset_vec                             0        0        4        0       0
dist/default/production\PIC18F46J50_common_project.X.production.o
                intcodelo                            18       18       B8        C       0
                intcode                               8        8        6        4       0
                config                             FFF8     FFF8        8        0       4
                smallconst                         1000     1000       6C      800       0
                text60                             421E     421E       12      836       0
                text59                             3AA6     3AA6       88      836       0
                text58                             412E     412E       34      836       0
                text57                             2FDA     2FDA       EA      836       0
                text56                             3E9A     3E9A       50      836       0
                text55                             1A04     1A04      324      836       0
                text54                             21E2     21E2      256      836       0
                text53                             328E     328E       DE      836       0
                text52                             3C84     3C84       62      836       0
                text51                             40F8     40F8       36      836       0
                text50                             3848     3848       A0      836       0
                intcode_body                       2AF8     2AF8      112      836       0
                text48                             2EEE     2EEE       EC      836       0
                text47                             3E48     3E48       52      836       0
                text46                             16D8     16D8      32C      836       0
                text45                             1F86     1F86      25C      836       0
                text44                             31AA     31AA       E4      836       0
                text43                             3BAC     3BAC       70      836       0
                text42                             400A     400A       42      836       0
                text41                             35AE     35AE       AC      836       0
                text39                             41BC     41BC       20      836       0
                text38                             3B2E     3B2E       7E      836       0
                text37                             4162     4162       30      836       0
                text36                             3A1E     3A1E       88      836       0
                text35                             4192     4192       2A      836       0
                text34                             3D46     3D46       5A      836       0
                text33                             41DC     41DC       1E      836       0
                text32                             2E02     2E02       EC      836       0
                text31                             3DF6     3DF6       52      836       0
                text30                             1D28     1D28      25E      836       0
                text29                             30C4     30C4       E6      836       0
                text28                             420C     420C       12      836       0
                text27                             2964     2964      194      836       0
                text26                             404C     404C       40      836       0
                text25                             3FC4     3FC4       46      836       0
                text24                             40C2     40C2       36      836       0
                text23                             3C1C     3C1C       68      836       0
                text22                             13AA     13AA      32E      836       0
                text21                             3CE6     3CE6       60      836       0
                text20                             3700     3700       A6      836       0
                text19                             4230     4230        E      836       0
                text18                             37A6     37A6       A2      836       0
                text17                             2C0A     2C0A      10C      836       0
                text16                             2D16     2D16       EC      836       0
                text15                             408C     408C       36      836       0
                text14                             423E     423E        2      836       0
                text13                             336C     336C       CC      836       0
                text12                             3F7E     3F7E       46      836       0
                text11                             38E8     38E8       9E      836       0
                text10                             27C2     27C2      1A2      836       0
                text9                              3438     3438       BC      836       0
                text8                              261C     261C      1A6      836       0
                text7                              106C     106C      33E      836       0
                text6                              3EEA     3EEA       4C      836       0
                text5                              3F36     3F36       48      836       0
                text4                              365A     365A       A6      836       0
                text3                              34F4     34F4       BA      836       0
                text2                              41FA     41FA       12      836       0
                text1                              3986     3986       98      836       0
                text0                              2438     2438      1E4      836       0
                cstackCOMRAM                          2        2       45        2       1
                cstackBANK0                          60       60       47       60       1
                cstackBANK1                         15D      15D       5B      100       1
                cstackBANK2                         200      200       C8      200       1
                bssBANK4                            400      400       C8      400       1
                bssBANK3                            300      300       C8      300       1
                bssBANK2                            2C8      2C8        8      200       1
                bssBANK1                            100      100       5D      100       1
                bssBANK0                             A7       A7       44       60       1
                bssCOMRAM                            47       47       10        2       1
                cinit                              3DA0     3DA0       56      836       0

TOTAL           Name                               Link     Load   Length     Space
        CLASS   CODE           
                intcodelo                            18       18       B8         0
                intcode                               8        8        6         0
                init                                 D0       D0        4         0
                reset_vec                             0        0        4         0
                text60                             421E     421E       12         0
                text59                             3AA6     3AA6       88         0
                text58                             412E     412E       34         0
                text57                             2FDA     2FDA       EA         0
                text56                             3E9A     3E9A       50         0
                text55                             1A04     1A04      324         0
                text54                             21E2     21E2      256         0
                text53                             328E     328E       DE         0
                text52                             3C84     3C84       62         0
                text51                             40F8     40F8       36         0
                text50                             3848     3848       A0         0
                intcode_body                       2AF8     2AF8      112         0
                text48                             2EEE     2EEE       EC         0
                text47                             3E48     3E48       52         0
                text46                             16D8     16D8      32C         0
                text45                             1F86     1F86      25C         0
                text44                             31AA     31AA       E4         0
                text43                             3BAC     3BAC       70         0
                text42                             400A     400A       42         0
                text41                             35AE     35AE       AC         0
                text39                             41BC     41BC       20         0
                text38                             3B2E     3B2E       7E         0
                text37                             4162     4162       30         0
                text36                             3A1E     3A1E       88         0
                text35                             4192     4192       2A         0
                text34                             3D46     3D46       5A         0
                text33                             41DC     41DC       1E         0
                text32                             2E02     2E02       EC         0
                text31                             3DF6     3DF6       52         0
                text30                             1D28     1D28      25E         0
                text29                             30C4     30C4       E6         0
                text28                             420C     420C       12         0
                text27                             2964     2964      194         0
                text26                             404C     404C       40         0
                text25                             3FC4     3FC4       46         0
                text24                             40C2     40C2       36         0
                text23                             3C1C     3C1C       68         0
                text22                             13AA     13AA      32E         0
                text21                             3CE6     3CE6       60         0
                text20                             3700     3700       A6         0
                text19                             4230     4230        E         0
                text18                             37A6     37A6       A2         0
                text17                             2C0A     2C0A      10C         0
                text16                             2D16     2D16       EC         0
                text15                             408C     408C       36         0
                text14                             423E     423E        2         0
                text13                             336C     336C       CC         0
                text12                             3F7E     3F7E       46         0
                text11                             38E8     38E8       9E         0
                text10                             27C2     27C2      1A2         0
                text9                              3438     3438       BC         0
                text8                              261C     261C      1A6         0
                text7                              106C     106C      33E         0
                text6                              3EEA     3EEA       4C         0
                text5                              3F36     3F36       48         0
                text4                              365A     365A       A6         0
                text3                              34F4     34F4       BA         0
                text2                              41FA     41FA       12         0
                text1                              3986     3986       98         0
                text0                              2438     2438      1E4         0
                cinit                              3DA0     3DA0       56         0

        CLASS   CONST          

        CLASS   SMALLCONST     
                smallconst                         1000     1000       6C         0

        CLASS   MEDIUMCONST    

        CLASS   COMRAM         
                cstackCOMRAM                          2        2       45         1
                bssCOMRAM                            47       47       10         1

        CLASS   ABS1           
                abs_s1                                1        1        1         1

        CLASS   BIGRAM         

        CLASS   RAM            

        CLASS   BANK0          
                cstackBANK0                          60       60       47         1
                bssBANK0                             A7       A7       44         1

        CLASS   BANK1          
                cstackBANK1                         15D      15D       5B         1
                bssBANK1                            100      100       5D         1

        CLASS   BANK2          
                cstackBANK2                         200      200       C8         1
                bssBANK2                            2C8      2C8        8         1

        CLASS   BANK3          
                bssBANK3                            300      300       C8         1

        CLASS   BANK4          
                bssBANK4                            400      400       C8         1

        CLASS   BANK5          

        CLASS   BANK6          

        CLASS   BANK7          

        CLASS   BANK8          

        CLASS   BANK9          

        CLASS   BANK10         

        CLASS   BANK11         

        CLASS   BANK12         

        CLASS   BANK13         

        CLASS   BANK14         

        CLASS   SFR            

        CLASS   BIGSFR         

        CLASS   CONFIG         
                config                             FFF8     FFF8        8         4

        CLASS   FARRAM         

        CLASS   HEAP           

        CLASS   STACK          

        CLASS   IDLOC          



SEGMENTS        Name                           Load    Length   Top    Selector   Space  Class

                reset_vec                      000000  000004  000004         0       0  CODE    
                cstackCOMRAM                   000002  000055  000057         2       1  COMRAM  
                intcode                        000008  000006  00000E         4       0  CODE    
                intcodelo                      000018  0000BC  0000D4         C       0  CODE    
                cstackBANK0                    000060  00008B  0000EB        60       1  BANK0   
                bssBANK1                       000100  0000B8  0001B8       100       1  BANK1   
                cstackBANK2                    000200  0000D0  0002D0       200       1  BANK2   
                bssBANK3                       000300  0000C8  0003C8       300       1  BANK3   
                bssBANK4                       000400  0000C8  0004C8       400       1  BANK4   
                smallconst                     001000  00006C  00106C       800       0  SMALLCON
                text7                          00106C  0031D4  004240       836       0  CODE    


UNUSED ADDRESS RANGES

        Name                Unused          Largest block    Delta
        BANK0            000EB-000FF              15
        BANK1            001B8-001FF              48
        BANK10           00A00-00AFF             100
        BANK11           00B00-00BFF             100
        BANK12           00C00-00CFF             100
        BANK13           00D00-00DFF             100
        BANK14           00E00-00EBF              C0
        BANK2            002D0-002FF              30
        BANK3            003C8-003FF              38
        BANK4            004C8-004FF              38
        BANK5            00500-005FF             100
        BANK6            00600-006FF             100
        BANK7            00700-007FF             100
        BANK8            00800-008FF             100
        BANK9            00900-009FF             100
        BIGRAM           00057-0005F               9
                         000EB-000FF              15
                         001B8-001FF              48
                         002D0-002FF              30
                         003C8-003FF              38
                         004C8-00EBF             9F8
        BIGSFR           00EC0-00FFF             140
        CODE             00004-00007               4
                         0000E-00017               A
                         000D4-00FFF             F2C
                         04240-0FFF7            BDB8
        COMRAM           00057-0005F               9
        CONST            00004-00007               4
                         0000E-00017               A
                         000D4-00FFF             F2C
                         04240-0FFF7            BDB8
        MEDIUMCONST      04240-0FFF7            BDB8
        RAM              000EB-000FF              15
                         001B8-001FF              48
                         002D0-002FF              30
                         003C8-003FF              38
                         004C8-00EBF             100
        SFR              00EC0-00FFF              60
        SMALLCONST       04240-0FFF7             100

                                  Symbol Table

?_ADC_getChan                   cstackBANK1   0015D
?___aldiv                       cstackBANK1   0015D
?___almod                       cstackBANK1   0015D
?___lldiv                       cstackBANK1   0015D
?_abs                           cstackBANK1   00167
?_dbio_getstring                cstackBANK1   00191
?_dbio_strnlen                  cstackBANK1   0015D
?_get_ms                        cstackBANK1   0015D
?_read_prec_or_width            cstackBANK1   0015D
?_sprintf                       cstackBANK1   0019A
?_vfprintf                      cstackBANK1   00194
?i2_get_ms                      cstackCOMRAM  00002
ADC_getChan@chan                cstackBANK1   0015F
ADC_init@chanmax                cstackBANK1   00160
HighInterrupts_handler@i        cstackCOMRAM  00046
HighInterrupts_handler@i_863    cstackCOMRAM  00044
Interrupts_handler@i            cstackBANK0   000A5
RXbyte_cbk@byte                 cstackBANK0   0008C
RingBuf_Available@len           cstackBANK1   0015D
RingBuf_Available@rb            cstackBANK1   0015F
RingBuf_Clear@rb                cstackBANK1   0015D
RingBuf_DataPut@avaldat         cstackBANK1   00187
RingBuf_DataPut@data            cstackBANK1   0016A
RingBuf_DataPut@input           cstackBANK1   00181
RingBuf_DataPut@len             cstackBANK1   0016C
RingBuf_DataPut@len_tmp         cstackBANK1   0017F
RingBuf_DataPut@rb              cstackBANK1   0016E
RingBuf_DataPut@s_addr          cstackBANK1   00183
RingBuf_DataPut@space           cstackBANK1   00185
RingBuf_DataRead@aval_len       cstackBANK1   0018F
RingBuf_DataRead@data           cstackBANK1   00185
RingBuf_DataRead@len            cstackBANK1   00187
RingBuf_DataRead@rb             cstackBANK1   00189
RingBuf_DataRead@st             cstackBANK1   0018E
RingBuf_DataWatch@aval_len      cstackBANK1   00183
RingBuf_DataWatch@data          cstackBANK1   0016A
RingBuf_DataWatch@len           cstackBANK1   0016C
RingBuf_DataWatch@loc_tail      cstackBANK1   0017F
RingBuf_DataWatch@rb            cstackBANK1   0016E
RingBuf_DataWatch@s_addr        cstackBANK1   0017D
RingBuf_DataWatch@space         cstackBANK1   00181
RingBuf_Init@buf                cstackBANK1   00160
RingBuf_Init@cellsize           cstackBANK1   00164
RingBuf_Init@rb                 cstackBANK1   00166
RingBuf_Init@size               cstackBANK1   00162
TXbyte_cbk@buf_len              cstackBANK0   00095
TXbyte_cbk@byte                 cstackBANK0   00094
_ADCON0bits                     (abs)         00FC2
_ADCON1bits                     (abs)         00FC1
_ADC_cplt_cbk                   text41        035AE
_ADC_cplt_cbk$intlevel1         text41        035B8
_ADC_getChan                    text39        041BC
_ADC_init                       text36        03A1E
_ADC_ms_cbk                     text58        0412E
_ADC_start_IT                   text35        04192
_ADIE                           (abs)         07CEE
_ADIF                           (abs)         07CF6
_ADRESH                         (abs)         00FC4
_ADRESL                         (abs)         00FC3
_ANCON0                         (abs)         00F48
_ANCON0bits                     (abs)         00F48
_ANCON1                         (abs)         00F49
_BAUDCON1bits                   (abs)         00F7E
_ChanIndx                       bssCOMRAM     0004F
_ChanNum                        bssBANK0      000D3
_ChanValue                      bssBANK1      00100
_DateTime                       bssBANK2      002C8
_HighInterrupts_handler         intcode       00008
_INTCONbits                     (abs)         00FF2
_IPR1bits                       (abs)         00F9F
_IRQ_clbk_hp                    bssBANK0      000A7
_IRQ_clbk_lp                    bssBANK0      000BB
_IRQ_hpmax                      bssCOMRAM     00054
_IRQ_lpmax                      bssBANK0      000D6
_Interrupts_handler             intcodelo     00018
_LATDbits                       (abs)         00F8C
_OSCTUNEbits                    (abs)         00F9B
_PIE1bits                       (abs)         00F9D
_PIR1bits                       (abs)         00F9E
_RC1IE                          (abs)         07CED
_RC1IF                          (abs)         07CF5
_RCONbits                       (abs)         00FD0
_RCREG                          (abs)         00FAF
_RCSTA1bits                     (abs)         00FAC
_RCSTAbits                      (abs)         00FAC
_RTCCFGbits                     (abs)         00F3F
_RTCEN                          (abs)         079FF
_RTCOE                          (abs)         079FA
_RTCSYNC                        (abs)         079FC
_RTCVALH                        (abs)         00F99
_RTCVALL                        (abs)         00F98
_RTCWREN                        (abs)         079FD
_RTC_init                       text33        041DC
_RXbuf                          bssBANK3      00300
_RXbyte_cbk                     text42        0400A
_RXbyte_cbk$intlevel1           text42        04014
_RXringbuf                      bssBANK0      000E1
_RingBuf_Available              text32        02E02
_RingBuf_Clear                  text26        0404C
_RingBuf_DataPut                text22        013AA
_RingBuf_DataRead               text29        030C4
_RingBuf_DataWatch              text30        01D28
_RingBuf_Init                   text25        03FC4
_SPBRG1                         (abs)         00FB0
_SPBRGH1                        (abs)         00F7F
_T0CONbits                      (abs)         00FD5
_T1CONbits                      (abs)         00FCD
_TMR0H                          (abs)         00FD7
_TMR0H_tmp                      bssBANK1      00139
_TMR0IE                         (abs)         07F95
_TMR0IF                         (abs)         07F92
_TMR0L                          (abs)         00FD6
_TMR0L_tmp                      bssBANK1      0013A
_TRISAbits                      (abs)         00F92
_TRISCbits                      (abs)         00F94
_TRISDbits                      (abs)         00F95
_TX1IE                          (abs)         07CEC
_TX1IF                          (abs)         07CF4
_TXREG                          (abs)         00FAE
_TXREG1                         (abs)         00FAE
_TXSTA1bits                     (abs)         00FAD
_TXbuf                          bssBANK4      00400
_TXbyte_cbk                     text43        03BAC
_TXbyte_cbk$intlevel1           text43        03BB6
_TXringbuf                      bssBANK0      000D7
_UART1_Init                     text24        040C2
__HRAM                          (abs)         00000
__H__absolute__                 __absolute__  00000
__Habs1                         abs1          00000
__Hbank0                        bank0         00000
__Hbank1                        bank1         00000
__Hbank10                       bank10        00000
__Hbank11                       bank11        00000
__Hbank12                       bank12        00000
__Hbank13                       bank13        00000
__Hbank14                       bank14        00000
__Hbank2                        bank2         00000
__Hbank3                        bank3         00000
__Hbank4                        bank4         00000
__Hbank5                        bank5         00000
__Hbank6                        bank6         00000
__Hbank7                        bank7         00000
__Hbank8                        bank8         00000
__Hbank9                        bank9         00000
__Hbigbss                       bigbss        00000
__Hbigdata                      bigdata       00000
__Hbigram                       bigram        00000
__Hbigsfr                       bigsfr        00000
__Hbss                          bss           00000
__HbssBANK0                     bssBANK0      00000
__HbssBANK1                     bssBANK1      00000
__HbssBANK2                     bssBANK2      00000
__HbssBANK3                     bssBANK3      00000
__HbssBANK4                     bssBANK4      00000
__HbssCOMRAM                    bssCOMRAM     00000
__Hcinit                        cinit         00000
__Hclrtext                      clrtext       00000
__Hcomram                       comram        00000
__Hconfig                       config        10000
__Hconst                        const         00000
__HcstackBANK0                  cstackBANK0   00000
__HcstackBANK1                  cstackBANK1   00000
__HcstackBANK2                  cstackBANK2   00000
__HcstackCOMRAM                 cstackCOMRAM  00000
__Hdata                         data          00000
__Hfarbss                       farbss        00000
__Hfardata                      fardata       00000
__Hheap                         heap          00000
__Hibigdata                     ibigdata      00000
__Hidata                        idata         00000
__Hidloc                        idloc         00000
__Hifardata                     ifardata      00000
__Hinit                         init          000D4
__Hintcode                      intcode       0000E
__Hintcode_body                 intcode_body  00000
__Hintcodelo                    intcodelo     000D0
__Hintentry                     intentry      00000
__Hintret                       intret        00000
__Hintsave_regs                 intsave_regs  00000
__Hirdata                       irdata        00000
__Hjflash_buffer                jflash_buffer 0F800
__Hmediumconst                  mediumconst   00000
__HnvFARRAM                     nvFARRAM      00000
__Hnvbit                        nvbit         00000
__Hnvrram                       nvrram        00000
__Hparam                        rparam        00000
__Hpowerup                      powerup       00000
__Hram                          ram           00000
__Hramtop                       ramtop        01000
__Hrbit                         rbit          00000
__Hrbss                         rbss          00000
__Hrdata                        rdata         00000
__Hreset_vec                    reset_vec     00004
__Hrparam                       rparam        00000
__Hsfr                          sfr           00000
__Hsivt_hi                      sivt_hi       00000
__Hsivt_lo                      sivt_lo       000D0
__Hsmallconst                   smallconst    0106C
__Hspace_0                      (abs)         0F800
__Hspace_1                      (abs)         004C8
__Hspace_2                      (abs)         00000
__Hspace_4                      (abs)         1FFF8
__Hstack                        stack         00000
__Hstruct                       struct        00000
__Htemp                         temp          00000
__Htext                         text          00000
__Htext0                        text0         00000
__Htext1                        text1         00000
__Htext10                       text10        00000
__Htext11                       text11        00000
__Htext12                       text12        00000
__Htext13                       text13        00000
__Htext14                       text14        00000
__Htext15                       text15        00000
__Htext16                       text16        00000
__Htext17                       text17        00000
__Htext18                       text18        00000
__Htext19                       text19        00000
__Htext2                        text2         00000
__Htext20                       text20        00000
__Htext21                       text21        00000
__Htext22                       text22        00000
__Htext23                       text23        00000
__Htext24                       text24        00000
__Htext25                       text25        00000
__Htext26                       text26        00000
__Htext27                       text27        00000
__Htext28                       text28        00000
__Htext29                       text29        00000
__Htext3                        text3         00000
__Htext30                       text30        00000
__Htext31                       text31        00000
__Htext32                       text32        00000
__Htext33                       text33        00000
__Htext34                       text34        00000
__Htext35                       text35        00000
__Htext36                       text36        00000
__Htext37                       text37        00000
__Htext38                       text38        00000
__Htext39                       text39        00000
__Htext4                        text4         00000
__Htext41                       text41        00000
__Htext42                       text42        00000
__Htext43                       text43        00000
__Htext44                       text44        00000
__Htext45                       text45        00000
__Htext46                       text46        00000
__Htext47                       text47        00000
__Htext48                       text48        00000
__Htext5                        text5         00000
__Htext50                       text50        00000
__Htext51                       text51        00000
__Htext52                       text52        00000
__Htext53                       text53        00000
__Htext54                       text54        00000
__Htext55                       text55        00000
__Htext56                       text56        00000
__Htext57                       text57        00000
__Htext58                       text58        00000
__Htext59                       text59        00000
__Htext6                        text6         00000
__Htext60                       text60        00000
__Htext7                        text7         00000
__Htext8                        text8         00000
__Htext9                        text9         00000
__LRAM                          (abs)         00001
__L__absolute__                 __absolute__  00000
__Labs1                         abs1          00000
__Lbank0                        bank0         00000
__Lbank1                        bank1         00000
__Lbank10                       bank10        00000
__Lbank11                       bank11        00000
__Lbank12                       bank12        00000
__Lbank13                       bank13        00000
__Lbank14                       bank14        00000
__Lbank2                        bank2         00000
__Lbank3                        bank3         00000
__Lbank4                        bank4         00000
__Lbank5                        bank5         00000
__Lbank6                        bank6         00000
__Lbank7                        bank7         00000
__Lbank8                        bank8         00000
__Lbank9                        bank9         00000
__Lbigbss                       bigbss        00000
__Lbigdata                      bigdata       00000
__Lbigram                       bigram        00000
__Lbigsfr                       bigsfr        00000
__Lbss                          bss           00000
__LbssBANK0                     bssBANK0      00000
__LbssBANK1                     bssBANK1      00000
__LbssBANK2                     bssBANK2      00000
__LbssBANK3                     bssBANK3      00000
__LbssBANK4                     bssBANK4      00000
__LbssCOMRAM                    bssCOMRAM     00000
__Lcinit                        cinit         00000
__Lclrtext                      clrtext       00000
__Lcomram                       comram        00000
__Lconfig                       config        00000
__Lconst                        const         00000
__LcstackBANK0                  cstackBANK0   00000
__LcstackBANK1                  cstackBANK1   00000
__LcstackBANK2                  cstackBANK2   00000
__LcstackCOMRAM                 cstackCOMRAM  00000
__Ldata                         data          00000
__Lfarbss                       farbss        00000
__Lfardata                      fardata       00000
__Lheap                         heap          00000
__Libigdata                     ibigdata      00000
__Lidata                        idata         00000
__Lidloc                        idloc         00000
__Lifardata                     ifardata      00000
__Linit                         init          000D0
__Lintcode                      intcode       00008
__Lintcode_body                 intcode_body  00000
__Lintcodelo                    intcodelo     00018
__Lintentry                     intentry      00000
__Lintret                       intret        00000
__Lintsave_regs                 intsave_regs  00000
__Lirdata                       irdata        00000
__Ljflash_buffer                jflash_buffer 0F800
__Lmediumconst                  mediumconst   00000
__LnvFARRAM                     nvFARRAM      00000
__Lnvbit                        nvbit         00000
__Lnvrram                       nvrram        00000
__Lparam                        rparam        00000
__Lpowerup                      powerup       00000
__Lram                          ram           00000
__Lramtop                       ramtop        01000
__Lrbit                         rbit          00000
__Lrbss                         rbss          00000
__Lrdata                        rdata         00000
__Lreset_vec                    reset_vec     00000
__Lrparam                       rparam        00000
__Lsfr                          sfr           00000
__Lsivt_hi                      sivt_hi       00000
__Lsivt_lo                      sivt_lo       000D0
__Lsmallconst                   smallconst    01000
__Lspace_0                      (abs)         00000
__Lspace_1                      (abs)         00000
__Lspace_2                      (abs)         00000
__Lspace_4                      (abs)         00000
__Lstack                        stack         00000
__Lstruct                       struct        00000
__Ltemp                         temp          00000
__Ltext                         text          00000
__Ltext0                        text0         00000
__Ltext1                        text1         00000
__Ltext10                       text10        00000
__Ltext11                       text11        00000
__Ltext12                       text12        00000
__Ltext13                       text13        00000
__Ltext14                       text14        00000
__Ltext15                       text15        00000
__Ltext16                       text16        00000
__Ltext17                       text17        00000
__Ltext18                       text18        00000
__Ltext19                       text19        00000
__Ltext2                        text2         00000
__Ltext20                       text20        00000
__Ltext21                       text21        00000
__Ltext22                       text22        00000
__Ltext23                       text23        00000
__Ltext24                       text24        00000
__Ltext25                       text25        00000
__Ltext26                       text26        00000
__Ltext27                       text27        00000
__Ltext28                       text28        00000
__Ltext29                       text29        00000
__Ltext3                        text3         00000
__Ltext30                       text30        00000
__Ltext31                       text31        00000
__Ltext32                       text32        00000
__Ltext33                       text33        00000
__Ltext34                       text34        00000
__Ltext35                       text35        00000
__Ltext36                       text36        00000
__Ltext37                       text37        00000
__Ltext38                       text38        00000
__Ltext39                       text39        00000
__Ltext4                        text4         00000
__Ltext41                       text41        00000
__Ltext42                       text42        00000
__Ltext43                       text43        00000
__Ltext44                       text44        00000
__Ltext45                       text45        00000
__Ltext46                       text46        00000
__Ltext47                       text47        00000
__Ltext48                       text48        00000
__Ltext5                        text5         00000
__Ltext50                       text50        00000
__Ltext51                       text51        00000
__Ltext52                       text52        00000
__Ltext53                       text53        00000
__Ltext54                       text54        00000
__Ltext55                       text55        00000
__Ltext56                       text56        00000
__Ltext57                       text57        00000
__Ltext58                       text58        00000
__Ltext59                       text59        00000
__Ltext6                        text6         00000
__Ltext60                       text60        00000
__Ltext7                        text7         00000
__Ltext8                        text8         00000
__Ltext9                        text9         00000
__S0                            (abs)         04240
__S1                            (abs)         004C8
__S4                            (abs)         00000
___aldiv                        text17        02C0A
___aldiv@counter                cstackBANK1   00165
___aldiv@dividend               cstackBANK1   0015D
___aldiv@divisor                cstackBANK1   00161
___aldiv@quotient               cstackBANK1   00167
___aldiv@sign                   cstackBANK1   00166
___almod                        text16        02D16
___almod@counter                cstackBANK1   00165
___almod@dividend               cstackBANK1   0015D
___almod@divisor                cstackBANK1   00161
___almod@sign                   cstackBANK1   00166
___heap_hi                      (abs)         00000
___heap_lo                      (abs)         00000
___inthi_sp                     stack         00000
___inthi_stack_hi               stack         00000
___inthi_stack_lo               stack         00000
___intlo_sp                     stack         00000
___intlo_stack_hi               stack         00000
___intlo_stack_lo               stack         00000
___lldiv                        text4         0365A
___lldiv@counter                cstackBANK1   00169
___lldiv@dividend               cstackBANK1   0015D
___lldiv@divisor                cstackBANK1   00161
___lldiv@quotient               cstackBANK1   00165
___param_bank                   (abs)         00000
___rparam_used                  (abs)         00001
___sp                           stack         00000
___stack_hi                     stack         00000
___stack_lo                     stack         00000
__accesstop                     (abs)         00060
__activetblptr                  (abs)         00002
__end_of_ADC_cplt_cbk           text41        0365A
__end_of_ADC_getChan            text39        041DC
__end_of_ADC_init               text36        03AA6
__end_of_ADC_ms_cbk             text58        04162
__end_of_ADC_start_IT           text35        041BC
__end_of_HighInterrupts_handler intcode_body  02C0A
__end_of_Interrupts_handler     intcodelo     000D0
__end_of_RTC_init               text33        041FA
__end_of_RXbyte_cbk             text42        0404C
__end_of_RingBuf_Available      text32        02EEE
__end_of_RingBuf_Clear          text26        0408C
__end_of_RingBuf_DataPut        text22        016D8
__end_of_RingBuf_DataRead       text29        031AA
__end_of_RingBuf_DataWatch      text30        01F86
__end_of_RingBuf_Init           text25        0400A
__end_of_TXbyte_cbk             text43        03C1C
__end_of_UART1_Init             text24        040F8
__end_of___aldiv                text17        02D16
__end_of___almod                text16        02E02
__end_of___lldiv                text4         03700
__end_of__initialization        cinit         03DE8
__end_of_abs                    text15        040C2
__end_of_blinky                 text59        03B2E
__end_of_dbio_getstring         text27        02AF8
__end_of_dbio_init              text23        03C84
__end_of_dbio_putstring         text20        037A6
__end_of_dbio_strnlen           text21        03D46
__end_of_delay_ms               text34        03DA0
__end_of_dtoa                   text10        02964
__end_of_fputc                  text13        03438
__end_of_fputs                  text12        03FC4
__end_of_get_ms                 text28        0421E
__end_of_main                   text0         0261C
__end_of_memcpy                 text31        03E48
__end_of_pad                    text11        03986
__end_of_putch                  text14        04240
__end_of_read_RTCC              text18        03848
__end_of_read_prec_or_width     text9         034F4
__end_of_sprintf                text5         03F7E
__end_of_stoa                   text8         027C2
__end_of_sys_init               text2         0420C
__end_of_sys_mstimer_init       text3         035AE
__end_of_sys_regiter_IRQ_clbk   text38        03BAC
__end_of_sys_regiter_ms_clbk    text37        04192
__end_of_unlock_RTCC            text19        0423E
__end_of_vfpfcnvrt              text7         013AA
__end_of_vfprintf               text6         03F36
__end_of_write_RTCC             text1         03A1E
__end_ofi1_RingBuf_Available    text48        02FDA
__end_ofi1_RingBuf_DataPut      text46        01A04
__end_ofi1_RingBuf_DataRead     text44        0328E
__end_ofi1_RingBuf_DataWatch    text45        021E2
__end_ofi1_memcpy               text47        03E9A
__end_ofi2_ADC_cplt_cbk         text50        038E8
__end_ofi2_RXbyte_cbk           text51        0412E
__end_ofi2_RingBuf_Available    text57        030C4
__end_ofi2_RingBuf_DataPut      text55        01D28
__end_ofi2_RingBuf_DataRead     text53        0336C
__end_ofi2_RingBuf_DataWatch    text54        02438
__end_ofi2_TXbyte_cbk           text52        03CE6
__end_ofi2_get_ms               text60        04230
__end_ofi2_memcpy               text56        03EEA
__initialization                cinit         03DA0
__mediumconst                   smallconst    01000
__pbssBANK0                     bssBANK0      000A7
__pbssBANK1                     bssBANK1      00100
__pbssBANK2                     bssBANK2      002C8
__pbssBANK3                     bssBANK3      00300
__pbssBANK4                     bssBANK4      00400
__pbssCOMRAM                    bssCOMRAM     00047
__pcinit                        cinit         03DA0
__pcstackBANK0                  cstackBANK0   00060
__pcstackBANK1                  cstackBANK1   0015D
__pcstackBANK2                  cstackBANK2   00200
__pcstackCOMRAM                 cstackCOMRAM  00002
__pintcode                      intcode       00008
__pintcode_body                 intcode_body  02AF8
__pintcodelo                    intcodelo     00018
__psmallconst                   smallconst    01000
__ptext0                        text0         02438
__ptext1                        text1         03986
__ptext10                       text10        027C2
__ptext11                       text11        038E8
__ptext12                       text12        03F7E
__ptext13                       text13        0336C
__ptext14                       text14        0423E
__ptext15                       text15        0408C
__ptext16                       text16        02D16
__ptext17                       text17        02C0A
__ptext18                       text18        037A6
__ptext19                       text19        04230
__ptext2                        text2         041FA
__ptext20                       text20        03700
__ptext21                       text21        03CE6
__ptext22                       text22        013AA
__ptext23                       text23        03C1C
__ptext24                       text24        040C2
__ptext25                       text25        03FC4
__ptext26                       text26        0404C
__ptext27                       text27        02964
__ptext28                       text28        0420C
__ptext29                       text29        030C4
__ptext3                        text3         034F4
__ptext30                       text30        01D28
__ptext31                       text31        03DF6
__ptext32                       text32        02E02
__ptext33                       text33        041DC
__ptext34                       text34        03D46
__ptext35                       text35        04192
__ptext36                       text36        03A1E
__ptext37                       text37        04162
__ptext38                       text38        03B2E
__ptext39                       text39        041BC
__ptext4                        text4         0365A
__ptext41                       text41        035AE
__ptext42                       text42        0400A
__ptext43                       text43        03BAC
__ptext44                       text44        031AA
__ptext45                       text45        01F86
__ptext46                       text46        016D8
__ptext47                       text47        03E48
__ptext48                       text48        02EEE
__ptext5                        text5         03F36
__ptext50                       text50        03848
__ptext51                       text51        040F8
__ptext52                       text52        03C84
__ptext53                       text53        0328E
__ptext54                       text54        021E2
__ptext55                       text55        01A04
__ptext56                       text56        03E9A
__ptext57                       text57        02FDA
__ptext58                       text58        0412E
__ptext59                       text59        03AA6
__ptext6                        text6         03EEA
__ptext60                       text60        0421E
__ptext7                        text7         0106C
__ptext8                        text8         0261C
__ptext9                        text9         03438
__ramtop                        ramtop        01000
__smallconst                    smallconst    01000
_abs                            text15        0408C
_blinky                         text59        03AA6
_dbio_getstring                 text27        02964
_dbio_init                      text23        03C1C
_dbio_putstring                 text20        03700
_dbio_strnlen                   text21        03CE6
_dbuf                           bssBANK1      0013B
_delay_ms                       text34        03D46
_dtoa                           text10        027C2
_dtoa$2253                      cstackBANK1   0017C
_flags                          bssBANK1      00138
_fputc                          text13        0336C
_fputs                          text12        03F7E
_get_ms                         text28        0420C
_main                           text0         02438
_memcpy                         text31        03DF6
_ms_clbk                        bssBANK1      00120
_ms_clbk_max                    bssCOMRAM     00053
_pad                            text11        038E8
_prec                           bssBANK1      00136
_putch                          text14        0423E
_read_RTCC                      text18        037A6
_read_prec_or_width             text9         03438
_sprintf                        text5         03F36
_stoa                           text8         0261C
_sys_init                       text2         041FA
_sys_mstimer_init               text3         034F4
_sys_regiter_IRQ_clbk           text38        03B2E
_sys_regiter_ms_clbk            text37        04162
_timestamp                      bssBANK0      000CF
_unlock_RTCC                    text19        04230
_vfpfcnvrt                      text7         0106C
_vfprintf                       text6         03EEA
_width                          bssBANK1      00134
_write_RTCC                     text1         03986
abs@a                           cstackBANK1   00167
blinky@time                     bssCOMRAM     0004B
btemp                           (abs)         00001
btemp0                          (abs)         00001
btemp1                          (abs)         00002
dbio_getstring@Nmax             cstackBANK1   00193
dbio_getstring@buf_len          bssCOMRAM     00055
dbio_getstring@buf_len_prev     bssCOMRAM     00051
dbio_getstring@str              cstackBANK1   00191
dbio_getstring@timeout          cstackBANK1   00195
dbio_getstring@timetmp          bssCOMRAM     00047
dbio_putstring@Nmax             cstackBANK1   00193
dbio_putstring@buf_len          bssBANK1      0015B
dbio_putstring@byte             cstackBANK1   00199
dbio_putstring@str              cstackBANK1   00191
dbio_putstring@str_len          cstackBANK1   00197
dbio_strnlen@N                  cstackBANK1   0015F
dbio_strnlen@i                  cstackBANK1   00161
dbio_strnlen@str                cstackBANK1   0015D
delay_ms@del                    cstackBANK1   0015D
delay_ms@temp_time              cstackBANK1   00165
dtoa@d                          cstackBANK1   00178
dtoa@fp                         cstackBANK1   00176
dtoa@i                          cstackBANK1   00183
dtoa@p                          cstackBANK1   00180
dtoa@s                          cstackBANK1   00182
dtoa@w                          cstackBANK1   0017E
end_of_initialization           cinit         03DE8
fputc@c                         cstackBANK1   0015D
fputc@fp                        cstackBANK1   0015F
fputs@c                         cstackBANK1   0016A
fputs@fp                        cstackBANK1   00168
fputs@i                         cstackBANK1   0016B
fputs@s                         cstackBANK1   00166
i1RingBuf_Available@len         cstackBANK0   00060
i1RingBuf_Available@rb          cstackBANK0   00062
i1RingBuf_DataPut@avaldat       cstackBANK0   00088
i1RingBuf_DataPut@data          cstackBANK0   0006D
i1RingBuf_DataPut@input         cstackBANK0   00084
i1RingBuf_DataPut@len           cstackBANK0   0006F
i1RingBuf_DataPut@len_tmp       cstackBANK0   00082
i1RingBuf_DataPut@rb            cstackBANK0   00071
i1RingBuf_DataPut@s_addr        cstackBANK0   00086
i1RingBuf_DataPut@space         cstackBANK0   0008A
i1RingBuf_DataRead@aval_len     cstackBANK0   00092
i1RingBuf_DataRead@data         cstackBANK0   00088
i1RingBuf_DataRead@len          cstackBANK0   0008A
i1RingBuf_DataRead@rb           cstackBANK0   0008C
i1RingBuf_DataRead@st           cstackBANK0   00091
i1RingBuf_DataWatch@aval_len    cstackBANK0   00086
i1RingBuf_DataWatch@data        cstackBANK0   0006D
i1RingBuf_DataWatch@len         cstackBANK0   0006F
i1RingBuf_DataWatch@loc_tail    cstackBANK0   00082
i1RingBuf_DataWatch@rb          cstackBANK0   00071
i1RingBuf_DataWatch@s_addr      cstackBANK0   00080
i1RingBuf_DataWatch@space       cstackBANK0   00084
i1_RingBuf_Available            text48        02EEE
i1_RingBuf_DataPut              text46        016D8
i1_RingBuf_DataRead             text44        031AA
i1_RingBuf_DataWatch            text45        01F86
i1_memcpy                       text47        03E48
i1memcpy@d                      cstackBANK0   00066
i1memcpy@d1                     cstackBANK0   00060
i1memcpy@n                      cstackBANK0   00064
i1memcpy@s                      cstackBANK0   00068
i1memcpy@s1                     cstackBANK0   00062
i1memcpy@tmp                    cstackBANK0   0006A
i2RXbyte_cbk@byte               cstackCOMRAM  0002E
i2RingBuf_Available@len         cstackCOMRAM  00002
i2RingBuf_Available@rb          cstackCOMRAM  00004
i2RingBuf_DataPut@avaldat       cstackCOMRAM  0002A
i2RingBuf_DataPut@data          cstackCOMRAM  0000F
i2RingBuf_DataPut@input         cstackCOMRAM  00026
i2RingBuf_DataPut@len           cstackCOMRAM  00011
i2RingBuf_DataPut@len_tmp       cstackCOMRAM  00024
i2RingBuf_DataPut@rb            cstackCOMRAM  00013
i2RingBuf_DataPut@s_addr        cstackCOMRAM  00028
i2RingBuf_DataPut@space         cstackCOMRAM  0002C
i2RingBuf_DataRead@aval_len     cstackCOMRAM  00034
i2RingBuf_DataRead@data         cstackCOMRAM  0002A
i2RingBuf_DataRead@len          cstackCOMRAM  0002C
i2RingBuf_DataRead@rb           cstackCOMRAM  0002E
i2RingBuf_DataRead@st           cstackCOMRAM  00033
i2RingBuf_DataWatch@aval_len    cstackCOMRAM  00028
i2RingBuf_DataWatch@data        cstackCOMRAM  0000F
i2RingBuf_DataWatch@len         cstackCOMRAM  00011
i2RingBuf_DataWatch@loc_tail    cstackCOMRAM  00024
i2RingBuf_DataWatch@rb          cstackCOMRAM  00013
i2RingBuf_DataWatch@s_addr      cstackCOMRAM  00022
i2RingBuf_DataWatch@space       cstackCOMRAM  00026
i2TXbyte_cbk@buf_len            cstackCOMRAM  00037
i2TXbyte_cbk@byte               cstackCOMRAM  00036
i2_ADC_cplt_cbk                 text50        03848
i2_RXbyte_cbk                   text51        040F8
i2_RingBuf_Available            text57        02FDA
i2_RingBuf_DataPut              text55        01A04
i2_RingBuf_DataRead             text53        0328E
i2_RingBuf_DataWatch            text54        021E2
i2_TXbyte_cbk                   text52        03C84
i2_get_ms                       text60        0421E
i2_memcpy                       text56        03E9A
i2memcpy@d                      cstackCOMRAM  00008
i2memcpy@d1                     cstackCOMRAM  00002
i2memcpy@n                      cstackCOMRAM  00006
i2memcpy@s                      cstackCOMRAM  0000A
i2memcpy@s1                     cstackCOMRAM  00004
i2memcpy@tmp                    cstackCOMRAM  0000C
int$flags                       (abs)         00001
int_func                        intcode_body  02AF8
intlevel0                       text          00000
intlevel1                       text          00000
intlevel2                       text          00000
intlevel3                       text          00000
isa$std                         (abs)         00001
isa$xinst                       (abs)         00000
main@strrx                      cstackBANK2   00200
main@strtx                      cstackBANK2   00264
memcpy@d                        cstackBANK1   00164
memcpy@d1                       cstackBANK1   0015D
memcpy@n                        cstackBANK1   00161
memcpy@s                        cstackBANK1   00166
memcpy@s1                       cstackBANK1   0015F
memcpy@tmp                      cstackBANK1   00163
pad@buf                         cstackBANK1   0016F
pad@fp                          cstackBANK1   0016D
pad@i                           cstackBANK1   00174
pad@p                           cstackBANK1   00171
read_RTCC@me                    cstackBANK1   0015D
read_prec_or_width@ap           cstackBANK1   0015F
read_prec_or_width@c            cstackBANK1   00163
read_prec_or_width@fmt          cstackBANK1   0015D
read_prec_or_width@n            cstackBANK1   00164
sprintf@ap                      cstackBANK1   001A5
sprintf@f                       cstackBANK1   001A7
sprintf@fmt                     cstackBANK1   0019C
sprintf@s                       cstackBANK1   0019A
stackhi                         (abs)         00000
stacklo                         (abs)         00000
start                           init          000D0
start_initialization            cinit         03DA0
stoa@cp                         cstackBANK1   00170
stoa@fp                         cstackBANK1   00166
stoa@l                          cstackBANK1   00172
stoa@p                          cstackBANK1   0016C
stoa@s                          cstackBANK1   00168
stoa@w                          cstackBANK1   0016E
sys_mstimer_init@T0_prescaler   cstackBANK1   0016D
sys_mstimer_init@i              cstackBANK1   00171
sys_mstimer_init@ms_cycles      cstackBANK1   00173
sys_regiter_IRQ_clbk@IPrio      cstackBANK1   0015F
sys_regiter_IRQ_clbk@cbk        cstackBANK1   0015D
sys_regiter_ms_clbk@clbk        cstackBANK1   0015D
vfpfcnvrt@ap                    cstackBANK1   00189
vfpfcnvrt@c                     cstackBANK1   00192
vfpfcnvrt@convarg               cstackBANK1   0018D
vfpfcnvrt@cp                    cstackBANK1   00193
vfpfcnvrt@done                  cstackBANK1   00191
vfpfcnvrt@fmt                   cstackBANK1   00187
vfpfcnvrt@fp                    cstackBANK1   00185
vfprintf@ap                     cstackBANK1   00197
vfprintf@cfmt                   cstackBANK1   00199
vfprintf@fmt                    cstackBANK1   00196
vfprintf@fp                     cstackBANK1   00194
write_RTCC@me                   cstackBANK1   0015D


MODULE INFORMATION

Module		Function		Class		Link	Load	Size
ringbuf.c
		_RingBuf_DataPut		CODE           	13AA	0000	814
		_RingBuf_DataRead		CODE           	30C4	0000	230
		_RingBuf_Init  		CODE           	3FC4	0000	70
		_RingBuf_Clear 		CODE           	404C	0000	64
		_RingBuf_Available		CODE           	2E02	0000	236
		_RingBuf_DataWatch		CODE           	1D28	0000	606

ringbuf.c estimated size: 2020

C:\Program Files\Microchip\xc8\v4.00\pic\sources\c99\common\aldiv.c
		___aldiv       		CODE           	2C0A	0000	268

C:\Program Files\Microchip\xc8\v4.00\pic\sources\c99\common\aldiv.c estimated size: 268

C:\Program Files\Microchip\xc8\v4.00\pic\sources\c99\common\nf_fputc.c
		_fputc         		CODE           	336C	0000	204

C:\Program Files\Microchip\xc8\v4.00\pic\sources\c99\common\nf_fputc.c estimated size: 204

C:\Program Files\Microchip\xc8\v4.00\pic\sources\c99\common\doprnt.c
		_read_prec_or_width		CODE           	3438	0000	188
		_vfpfcnvrt     		CODE           	106C	0000	830
		_pad           		CODE           	38E8	0000	158
		_dtoa          		CODE           	27C2	0000	418
		_vfprintf      		CODE           	3EEA	0000	76
		_stoa          		CODE           	261C	0000	422

C:\Program Files\Microchip\xc8\v4.00\pic\sources\c99\common\doprnt.c estimated size: 2092

C:\Program Files\Microchip\xc8\v4.00\pic\sources\c99\common\__lldiv.c
		___lldiv       		CODE           	365A	0000	166

C:\Program Files\Microchip\xc8\v4.00\pic\sources\c99\common\__lldiv.c estimated size: 166

dbio.c
		_dbio_strnlen  		CODE           	3CE6	0000	96
		_dbio_init     		CODE           	3C1C	0000	104
		_RXbyte_cbk    		CODE           	400A	0000	66
		_TXbyte_cbk    		CODE           	3BAC	0000	112
		_dbio_getstring		CODE           	2964	0000	404
		_dbio_putstring		CODE           	3700	0000	166

dbio.c estimated size: 948

shared
		i2_RXbyte_cbk  		CODE           	40F8	0000	54
		i1_RingBuf_DataRead		CODE           	31AA	0000	228
		i2_TXbyte_cbk  		CODE           	3C84	0000	98
		i2_RingBuf_DataRead		CODE           	328E	0000	222
		i1_RingBuf_DataPut		CODE           	16D8	0000	812
		i2_RingBuf_DataPut		CODE           	1A04	0000	804
		i2_get_ms      		CODE           	421E	0000	18
		__initialization		CODE           	3DA0	0000	72
		i1_RingBuf_Available		CODE           	2EEE	0000	236
		i2_RingBuf_Available		CODE           	2FDA	0000	234
		i1_RingBuf_DataWatch		CODE           	1F86	0000	604
		i2_RingBuf_DataWatch		CODE           	21E2	0000	598
		i1_memcpy      		CODE           	3E48	0000	82
		i2_ADC_cplt_cbk		CODE           	3848	0000	160
		i2_memcpy      		CODE           	3E9A	0000	80

shared estimated size: 4302

ADC.c
		_ADC_cplt_cbk  		CODE           	35AE	0000	172
		_ADC_init      		CODE           	3A1E	0000	136
		_ADC_getChan   		CODE           	41BC	0000	32
		_ADC_start_IT  		CODE           	4192	0000	42
		_ADC_ms_cbk    		CODE           	412E	0000	52

ADC.c estimated size: 434

C:\Program Files\Microchip\xc8\v4.00\pic\sources\c99\common\abs.c
		_abs           		CODE           	408C	0000	54

C:\Program Files\Microchip\xc8\v4.00\pic\sources\c99\common\abs.c estimated size: 54

C:\Program Files\Microchip\xc8\v4.00\pic\sources\c99\common\putch.c
		_putch         		CODE           	423E	0000	2

C:\Program Files\Microchip\xc8\v4.00\pic\sources\c99\common\putch.c estimated size: 2

C:\Program Files\Microchip\xc8\v4.00\pic\sources\c99\common\almod.c
		___almod       		CODE           	2D16	0000	236

C:\Program Files\Microchip\xc8\v4.00\pic\sources\c99\common\almod.c estimated size: 236

C:\Program Files\Microchip\xc8\v4.00\pic\sources\c99\common\memcpy.c
		_memcpy        		CODE           	3DF6	0000	82

C:\Program Files\Microchip\xc8\v4.00\pic\sources\c99\common\memcpy.c estimated size: 82

main.c
		_main          		CODE           	2438	0000	484
		_blinky        		CODE           	3AA6	0000	136

main.c estimated size: 620

RTC.c
		_unlock_RTCC   		CODE           	4230	0000	14
		_read_RTCC     		CODE           	37A6	0000	162
		_write_RTCC    		CODE           	3986	0000	152
		_RTC_init      		CODE           	41DC	0000	30

RTC.c estimated size: 358

system.c
		_sys_init      		CODE           	41FA	0000	18
		_sys_regiter_ms_clbk		CODE           	4162	0000	48
		_sys_mstimer_init		CODE           	34F4	0000	186
		_HighInterrupts_handler		CODE           	0008	0000	280
		_UART1_Init    		CODE           	40C2	0000	54
		_delay_ms      		CODE           	3D46	0000	90
		_get_ms        		CODE           	420C	0000	18
		_Interrupts_handler		CODE           	0018	0000	184
		_sys_regiter_IRQ_clbk		CODE           	3B2E	0000	126

system.c estimated size: 1004

C:\Program Files\Microchip\xc8\v4.00\pic\sources\c99\common\nf_sprintf.c
		_sprintf       		CODE           	3F36	0000	72

C:\Program Files\Microchip\xc8\v4.00\pic\sources\c99\common\nf_sprintf.c estimated size: 72

C:\Program Files\Microchip\xc8\v4.00\pic\sources\c99\common\nf_fputs.c
		_fputs         		CODE           	3F7E	0000	70

C:\Program Files\Microchip\xc8\v4.00\pic\sources\c99\common\nf_fputs.c estimated size: 70

