Microchip MPLAB XC8 Compiler V4.00

Linker command line:

-W-3 \
  --edf=C:\Program Files\Microchip\xc8\v4.00\pic\dat\20260614213421_en.msgs \
  -cn -h+dist/default/production\PIC18F46J50_TEST.X.production.sym \
  --cmf=dist/default/production\PIC18F46J50_TEST.X.production.cmf -z \
  -Q18F46J50 -oC:\Users\Admin\AppData\Local\Temp\xcAsal0.0\driver_tmp_3.o \
  --defsym=__MPLAB_BUILD=1 --fixupoverflow=error \
  -Mdist/default/production/PIC18F46J50_TEST.X.production.map \
  --md=C:\Users\Admin\AppData\Local\Temp\xcAsal0.0\driver_tmp_0.dat -E1 \
  -ver=XC8 Compiler -ACODE=00h-0FFF7h -ACONST=00h-0FFF7h \
  -ASMALLCONST=01000h-010FFhx239,0FF00h-0FFF7h -AMEDIUMCONST=01000h-0FFF7h \
  -ACOMRAM=01h-05Fh -AABS1=00h-0EBFh -ABIGRAM=01h-0EBFh \
  -ARAM=060h-0FFh,0100h-01FFhx13,0E00h-0EBFh -ABANK0=060h-0FFh \
  -ABANK1=0100h-01FFh -ABANK2=0200h-02FFh -ABANK3=0300h-03FFh \
  -ABANK4=0400h-04FFh -ABANK5=0500h-05FFh -ABANK6=0600h-06FFh \
  -ABANK7=0700h-07FFh -ABANK8=0800h-08FFh -ABANK9=0900h-09FFh \
  -ABANK10=0A00h-0AFFh -ABANK11=0B00h-0BFFh -ABANK12=0C00h-0CFFh \
  -ABANK13=0D00h-0DFFh -ABANK14=0E00h-0EBFh \
  -ASFR=0EC0h-0EFFh,0F00h-0F5Fh,0F60h-0FFFh -ABIGSFR=0EC0h-0FFFh \
  -ACONFIG=0FFF8h-0FFFFh \
  -preset_vec=00h,intcode=8h,intcodelo=18h,sivt_lo,sivt_hi=CODE \
  -ppowerup=CODE,init -pramtop=01000h -psmallconst=SMALLCONST \
  -pmediumconst=MEDIUMCONST -pconst=CONST -AFARRAM=00h-00h \
  -pjflash_buffer=0F800h \
  -prdata=COMRAM,nvrram=COMRAM,nvbit=COMRAM,rbss=COMRAM,rbit=COMRAM \
  -pfarbss=FARRAM,fardata=FARRAM,nvFARRAM=FARRAM \
  -pintsave_regs=BIGRAM,bigbss=BIGRAM,bigdata=BIGRAM -pbss=RAM \
  -pidata=CODE,irdata=CODE,ibigdata=CODE,ifardata=CODE -prparam=COMRAM \
  C:\Users\Admin\AppData\Local\Temp\xcAsal0.0\driver_tmp_12.o \
  dist/default/production\PIC18F46J50_TEST.X.production.o 

Object code version is 3.11

Machine type is 18F46J50



                Name                               Link     Load   Length Selector   Space Scale
C:\Users\Admin\AppData\Local\Temp\xcAsal0.0\driver_tmp_12.o
                config                             FFF8     FFF8        8        0       4
                init                                164      164        4        C       0
                reset_vec                             0        0        4        0       0
dist/default/production\PIC18F46J50_TEST.X.production.o
                intcodelo                            18       18      14C        C       0
                intcode                               8        8        6        4       0
                config                             FFF8     FFF8        8        0       4
                smallconst                         1000     1000       4A      800       0
                text46                             2C80     2C80       EA      825       0
                text45                             35F2     35F2       50      825       0
                text44                             1A96     1A96      324      825       0
                text43                             3840     3840       18      825       0
                text42                             2274     2274      256      825       0
                text41                             2F34     2F34       DE      825       0
                text40                             3762     3762       44      825       0
                text39                             387C     387C       12      825       0
                text38                             336A     336A       88      825       0
                text37                             38A4     38A4        6      825       0
                intcode_body                       2672     2672      132      825       0
                text35                             2B94     2B94       EC      825       0
                text34                             35A0     35A0       52      825       0
                text33                             176A     176A      32C      825       0
                text32                             381C     381C       24      825       0
                text31                             2018     2018      25C      825       0
                text30                             2E50     2E50       E4      825       0
                text29                             354E     354E       52      825       0
                text28                             386A     386A       12      825       0
                text27                             32DE     32DE       8C      825       0
                text26                             388E     388E       10      825       0
                text24                             31A0     31A0       A6      825       0
                text23                             30DE     30DE       C2      825       0
                text22                             389E     389E        6      825       0
                text21                             2AA8     2AA8       EC      825       0
                text20                             34FC     34FC       52      825       0
                text19                             1DBA     1DBA      25E      825       0
                text18                             2D6A     2D6A       E6      825       0
                text17                             3858     3858       12      825       0
                text16                             24CA     24CA      1A8      825       0
                text15                             37A6     37A6       40      825       0
                text14                             371C     371C       46      825       0
                text13                             36D6     36D6       46      825       0
                text12                             34A8     34A8       54      825       0
                text11                             143C     143C      32E      825       0
                text10                             33F2     33F2       60      825       0
                text9                              3246     3246       98      825       0
                text8                              28B0     28B0      10C      825       0
                text7                              29BC     29BC       EC      825       0
                text6                              37E6     37E6       36      825       0
                text5                              38AA     38AA        2      825       0
                text4                              3012     3012       CC      825       0
                text3                              104A     104A      3F2      825       0
                text2                              3642     3642       4C      825       0
                text1                              368E     368E       48      825       0
                text0                              27A4     27A4      10C      825       0
                cstackCOMRAM                          2        2       3E        2       1
                cstackBANK0                          60       60       41       60       1
                cstackBANK1                         100      100       42      100       1
                cstackBANK4                         400      400       C8      400       1
                bssBANK3                            300      300       C8      300       1
                bssBANK2                            200      200       C8      200       1
                dataBANK1                           144      144        1      100       1
                bssBANK1                            142      142        2      100       1
                bssBANK0                             A1       A1       3D       60       1
                bssCOMRAM                            40       40       14        2       1
                cinit                              3452     3452       56      825       0
                idataBANK1                         38AC     38AC        1      825       0

TOTAL           Name                               Link     Load   Length     Space
        CLASS   CODE           
                intcodelo                            18       18      14C         0
                intcode                               8        8        6         0
                init                                164      164        4         0
                reset_vec                             0        0        4         0
                text46                             2C80     2C80       EA         0
                text45                             35F2     35F2       50         0
                text44                             1A96     1A96      324         0
                text43                             3840     3840       18         0
                text42                             2274     2274      256         0
                text41                             2F34     2F34       DE         0
                text40                             3762     3762       44         0
                text39                             387C     387C       12         0
                text38                             336A     336A       88         0
                text37                             38A4     38A4        6         0
                intcode_body                       2672     2672      132         0
                text35                             2B94     2B94       EC         0
                text34                             35A0     35A0       52         0
                text33                             176A     176A      32C         0
                text32                             381C     381C       24         0
                text31                             2018     2018      25C         0
                text30                             2E50     2E50       E4         0
                text29                             354E     354E       52         0
                text28                             386A     386A       12         0
                text27                             32DE     32DE       8C         0
                text26                             388E     388E       10         0
                text24                             31A0     31A0       A6         0
                text23                             30DE     30DE       C2         0
                text22                             389E     389E        6         0
                text21                             2AA8     2AA8       EC         0
                text20                             34FC     34FC       52         0
                text19                             1DBA     1DBA      25E         0
                text18                             2D6A     2D6A       E6         0
                text17                             3858     3858       12         0
                text16                             24CA     24CA      1A8         0
                text15                             37A6     37A6       40         0
                text14                             371C     371C       46         0
                text13                             36D6     36D6       46         0
                text12                             34A8     34A8       54         0
                text11                             143C     143C      32E         0
                text10                             33F2     33F2       60         0
                text9                              3246     3246       98         0
                text8                              28B0     28B0      10C         0
                text7                              29BC     29BC       EC         0
                text6                              37E6     37E6       36         0
                text5                              38AA     38AA        2         0
                text4                              3012     3012       CC         0
                text3                              104A     104A      3F2         0
                text2                              3642     3642       4C         0
                text1                              368E     368E       48         0
                text0                              27A4     27A4      10C         0
                cinit                              3452     3452       56         0
                idataBANK1                         38AC     38AC        1         0

        CLASS   CONST          

        CLASS   SMALLCONST     
                smallconst                         1000     1000       4A         0

        CLASS   MEDIUMCONST    

        CLASS   COMRAM         
                cstackCOMRAM                          2        2       3E         1
                bssCOMRAM                            40       40       14         1

        CLASS   ABS1           
                abs_s1                                1        1        1         1

        CLASS   BIGRAM         

        CLASS   RAM            

        CLASS   BANK0          
                cstackBANK0                          60       60       41         1
                bssBANK0                             A1       A1       3D         1

        CLASS   BANK1          
                cstackBANK1                         100      100       42         1
                dataBANK1                           144      144        1         1
                bssBANK1                            142      142        2         1

        CLASS   BANK2          
                bssBANK2                            200      200       C8         1

        CLASS   BANK3          
                bssBANK3                            300      300       C8         1

        CLASS   BANK4          
                cstackBANK4                         400      400       C8         1

        CLASS   BANK5          

        CLASS   BANK6          

        CLASS   BANK7          

        CLASS   BANK8          

        CLASS   BANK9          

        CLASS   BANK10         

        CLASS   BANK11         

        CLASS   BANK12         

        CLASS   BANK13         

        CLASS   BANK14         

        CLASS   SFR            

        CLASS   BIGSFR         

        CLASS   CONFIG         
                config                             FFF8     FFF8        8         4

        CLASS   FARRAM         

        CLASS   HEAP           

        CLASS   STACK          

        CLASS   IDLOC          



SEGMENTS        Name                           Load    Length   Top    Selector   Space  Class

                reset_vec                      000000  000004  000004         0       0  CODE    
                cstackCOMRAM                   000002  000052  000054         2       1  COMRAM  
                intcode                        000008  000006  00000E         4       0  CODE    
                intcodelo                      000018  000150  000168         C       0  CODE    
                cstackBANK0                    000060  00007E  0000DE        60       1  BANK0   
                cstackBANK1                    000100  000045  000145       100       1  BANK1   
                bssBANK2                       000200  0000C8  0002C8       200       1  BANK2   
                bssBANK3                       000300  0000C8  0003C8       300       1  BANK3   
                cstackBANK4                    000400  0000C8  0004C8       400       1  BANK4   
                smallconst                     001000  00004A  00104A       800       0  SMALLCON
                text3                          00104A  002863  0038AD       825       0  CODE    


UNUSED ADDRESS RANGES

        Name                Unused          Largest block    Delta
        BANK0            000DE-000FF              22
        BANK1            00145-001FF              BB
        BANK10           00A00-00AFF             100
        BANK11           00B00-00BFF             100
        BANK12           00C00-00CFF             100
        BANK13           00D00-00DFF             100
        BANK14           00E00-00EBF              C0
        BANK2            002C8-002FF              38
        BANK3            003C8-003FF              38
        BANK4            004C8-004FF              38
        BANK5            00500-005FF             100
        BANK6            00600-006FF             100
        BANK7            00700-007FF             100
        BANK8            00800-008FF             100
        BANK9            00900-009FF             100
        BIGRAM           00054-0005F               C
                         000DE-000FF              22
                         00145-001FF              BB
                         002C8-002FF              38
                         003C8-003FF              38
                         004C8-00EBF             9F8
        BIGSFR           00EC0-00FFF             140
        CODE             00004-00007               4
                         0000E-00017               A
                         00168-00FFF             E98
                         038AD-0FFF7            C74B
        COMRAM           00054-0005F               C
        CONST            00004-00007               4
                         0000E-00017               A
                         00168-00FFF             E98
                         038AD-0FFF7            C74B
        MEDIUMCONST      038AD-0FFF7            C74B
        RAM              000DE-000FF              22
                         00145-001FF              BB
                         002C8-002FF              38
                         003C8-003FF              38
                         004C8-00EBF             100
        SFR              00EC0-00FFF              60
        SMALLCONST       038AD-0FFF7             100

                                  Symbol Table

?___aldiv                               cstackBANK1   00100
?___almod                               cstackBANK1   00100
?___lldiv                               cstackBANK1   00100
?_abs                                   cstackBANK1   0010A
?_dbio_getstring                        cstackBANK1   00134
?_dbio_strnlen                          cstackBANK1   00100
?_gettimestamp                          cstackBANK1   00100
?_sprintf                               cstackBANK1   00125
?_vfprintf                              cstackBANK1   0011F
?i1_gettimestamp                        cstackBANK0   00060
?i2_gettimestamp                        cstackCOMRAM  00002
RingBuf_Available@len                   cstackBANK1   00100
RingBuf_Available@rb                    cstackBANK1   00102
RingBuf_Clear@rb                        cstackBANK1   00100
RingBuf_DataPut@avaldat                 cstackBANK1   0012A
RingBuf_DataPut@data                    cstackBANK1   0010D
RingBuf_DataPut@input                   cstackBANK1   00124
RingBuf_DataPut@len                     cstackBANK1   0010F
RingBuf_DataPut@len_tmp                 cstackBANK1   00122
RingBuf_DataPut@rb                      cstackBANK1   00111
RingBuf_DataPut@s_addr                  cstackBANK1   00126
RingBuf_DataPut@space                   cstackBANK1   00128
RingBuf_DataRead@aval_len               cstackBANK1   00132
RingBuf_DataRead@data                   cstackBANK1   00128
RingBuf_DataRead@len                    cstackBANK1   0012A
RingBuf_DataRead@rb                     cstackBANK1   0012C
RingBuf_DataRead@st                     cstackBANK1   00131
RingBuf_DataWatch@aval_len              cstackBANK1   00126
RingBuf_DataWatch@data                  cstackBANK1   0010D
RingBuf_DataWatch@len                   cstackBANK1   0010F
RingBuf_DataWatch@loc_tail              cstackBANK1   00122
RingBuf_DataWatch@rb                    cstackBANK1   00111
RingBuf_DataWatch@s_addr                cstackBANK1   00120
RingBuf_DataWatch@space                 cstackBANK1   00124
RingBuf_Init@buf                        cstackBANK1   00103
RingBuf_Init@cellsize                   cstackBANK1   00107
RingBuf_Init@rb                         cstackBANK1   00109
RingBuf_Init@size                       cstackBANK1   00105
SysMillisecTimestamp_init@T0_prescaler  cstackBANK1   00112
SysMillisecTimestamp_init@callback_func cstackBANK1   0010D
SysMillisecTimestamp_init@i             cstackBANK1   00116
SysMillisecTimestamp_init@ms_cycles     cstackBANK1   00118
TXbyte_cbk@buf_len                      cstackBANK0   00094
UART1_Init@rx_cbck                      cstackBANK1   00100
UART1_Init@tx_cbck                      cstackBANK1   00102
_BAUDCON1bits                           (abs)         00F7E
_HighInterrupts_handler                 intcode       00008
_INTCONbits                             (abs)         00FF2
_IPR1bits                               (abs)         00F9F
_LATDbits                               (abs)         00F8C
_LowInterrupts_handler                  intcodelo     00018
_OSCTUNEbits                            (abs)         00F9B
_PIE1bits                               (abs)         00F9D
_PIR1bits                               (abs)         00F9E
_RC1IE                                  (abs)         07CED
_RC1IF                                  (abs)         07CF5
_RCONbits                               (abs)         00FD0
_RCREG                                  (abs)         00FAF
_RCSTA1bits                             (abs)         00FAC
_RCSTAbits                              (abs)         00FAC
_RXbuf                                  bssBANK2      00200
_RXbyte_cbk                             text32        0381C
_RXbyte_cbk$intlevel1                   text32        03826
_RXringbuf                              bssBANK0      000D4
_RingBuf_Available                      text21        02AA8
_RingBuf_Clear                          text15        037A6
_RingBuf_DataPut                        text11        0143C
_RingBuf_DataRead                       text18        02D6A
_RingBuf_DataWatch                      text19        01DBA
_RingBuf_Init                           text14        0371C
_SPBRG1                                 (abs)         00FB0
_SPBRGH1                                (abs)         00F7F
_SysMillisecTimestamp_init              text23        030DE
_Sys_init                               text22        0389E
_T0CONbits                              (abs)         00FD5
_TMR0H                                  (abs)         00FD7
_TMR0H_tmp                              bssBANK0      000C8
_TMR0IE                                 (abs)         07F95
_TMR0IF                                 (abs)         07F92
_TMR0L                                  (abs)         00FD6
_TMR0L_tmp                              bssBANK0      000C9
_TRISCbits                              (abs)         00F94
_TRISDbits                              (abs)         00F95
_TX1IE                                  (abs)         07CEC
_TX1IF                                  (abs)         07CF4
_TXREG                                  (abs)         00FAE
_TXREG1                                 (abs)         00FAE
_TXSTA1bits                             (abs)         00FAD
_TXbuf                                  bssBANK3      00300
_TXbyte_cbk                             text29        0354E
_TXbyte_cbk$intlevel1                   text29        03558
_TXringbuf                              bssBANK0      000CA
_U1RX_callback                          bssCOMRAM     00050
_U1TX_callback                          bssCOMRAM     0004E
_UART1_Init                             text13        036D6
__HRAM                                  (abs)         00000
__H__absolute__                         __absolute__  00000
__Habs1                                 abs1          00000
__Hbank0                                bank0         00000
__Hbank1                                bank1         00000
__Hbank10                               bank10        00000
__Hbank11                               bank11        00000
__Hbank12                               bank12        00000
__Hbank13                               bank13        00000
__Hbank14                               bank14        00000
__Hbank2                                bank2         00000
__Hbank3                                bank3         00000
__Hbank4                                bank4         00000
__Hbank5                                bank5         00000
__Hbank6                                bank6         00000
__Hbank7                                bank7         00000
__Hbank8                                bank8         00000
__Hbank9                                bank9         00000
__Hbigbss                               bigbss        00000
__Hbigdata                              bigdata       00000
__Hbigram                               bigram        00000
__Hbigsfr                               bigsfr        00000
__Hbss                                  bss           00000
__HbssBANK0                             bssBANK0      00000
__HbssBANK1                             bssBANK1      00000
__HbssBANK2                             bssBANK2      00000
__HbssBANK3                             bssBANK3      00000
__HbssCOMRAM                            bssCOMRAM     00000
__Hcinit                                cinit         00000
__Hclrtext                              clrtext       00000
__Hcomram                               comram        00000
__Hconfig                               config        10000
__Hconst                                const         00000
__HcstackBANK0                          cstackBANK0   00000
__HcstackBANK1                          cstackBANK1   00000
__HcstackBANK4                          cstackBANK4   00000
__HcstackCOMRAM                         cstackCOMRAM  00000
__Hdata                                 data          00000
__HdataBANK1                            dataBANK1     00000
__Hfarbss                               farbss        00000
__Hfardata                              fardata       00000
__Hheap                                 heap          00000
__Hibigdata                             ibigdata      00000
__Hidata                                idata         00000
__HidataBANK1                           idataBANK1    00000
__Hidloc                                idloc         00000
__Hifardata                             ifardata      00000
__Hinit                                 init          00168
__Hintcode                              intcode       0000E
__Hintcode_body                         intcode_body  00000
__Hintcodelo                            intcodelo     00164
__Hintentry                             intentry      00000
__Hintret                               intret        00000
__Hintsave_regs                         intsave_regs  00000
__Hirdata                               irdata        00000
__Hjflash_buffer                        jflash_buffer 0F800
__Hmediumconst                          mediumconst   00000
__HnvFARRAM                             nvFARRAM      00000
__Hnvbit                                nvbit         00000
__Hnvrram                               nvrram        00000
__Hparam                                rparam        00000
__Hpowerup                              powerup       00000
__Hram                                  ram           00000
__Hramtop                               ramtop        01000
__Hrbit                                 rbit          00000
__Hrbss                                 rbss          00000
__Hrdata                                rdata         00000
__Hreset_vec                            reset_vec     00004
__Hrparam                               rparam        00000
__Hsfr                                  sfr           00000
__Hsivt_hi                              sivt_hi       00000
__Hsivt_lo                              sivt_lo       00164
__Hsmallconst                           smallconst    0104A
__Hspace_0                              (abs)         0F800
__Hspace_1                              (abs)         004C8
__Hspace_2                              (abs)         00000
__Hspace_4                              (abs)         1FFF8
__Hstack                                stack         00000
__Hstruct                               struct        00000
__Htemp                                 temp          00000
__Htext                                 text          00000
__Htext0                                text0         00000
__Htext1                                text1         00000
__Htext10                               text10        00000
__Htext11                               text11        00000
__Htext12                               text12        00000
__Htext13                               text13        00000
__Htext14                               text14        00000
__Htext15                               text15        00000
__Htext16                               text16        00000
__Htext17                               text17        00000
__Htext18                               text18        00000
__Htext19                               text19        00000
__Htext2                                text2         00000
__Htext20                               text20        00000
__Htext21                               text21        00000
__Htext22                               text22        00000
__Htext23                               text23        00000
__Htext24                               text24        00000
__Htext26                               text26        00000
__Htext27                               text27        00000
__Htext28                               text28        00000
__Htext29                               text29        00000
__Htext3                                text3         00000
__Htext30                               text30        00000
__Htext31                               text31        00000
__Htext32                               text32        00000
__Htext33                               text33        00000
__Htext34                               text34        00000
__Htext35                               text35        00000
__Htext37                               text37        00000
__Htext38                               text38        00000
__Htext39                               text39        00000
__Htext4                                text4         00000
__Htext40                               text40        00000
__Htext41                               text41        00000
__Htext42                               text42        00000
__Htext43                               text43        00000
__Htext44                               text44        00000
__Htext45                               text45        00000
__Htext46                               text46        00000
__Htext5                                text5         00000
__Htext6                                text6         00000
__Htext7                                text7         00000
__Htext8                                text8         00000
__Htext9                                text9         00000
__LRAM                                  (abs)         00001
__L__absolute__                         __absolute__  00000
__Labs1                                 abs1          00000
__Lbank0                                bank0         00000
__Lbank1                                bank1         00000
__Lbank10                               bank10        00000
__Lbank11                               bank11        00000
__Lbank12                               bank12        00000
__Lbank13                               bank13        00000
__Lbank14                               bank14        00000
__Lbank2                                bank2         00000
__Lbank3                                bank3         00000
__Lbank4                                bank4         00000
__Lbank5                                bank5         00000
__Lbank6                                bank6         00000
__Lbank7                                bank7         00000
__Lbank8                                bank8         00000
__Lbank9                                bank9         00000
__Lbigbss                               bigbss        00000
__Lbigdata                              bigdata       00000
__Lbigram                               bigram        00000
__Lbigsfr                               bigsfr        00000
__Lbss                                  bss           00000
__LbssBANK0                             bssBANK0      00000
__LbssBANK1                             bssBANK1      00000
__LbssBANK2                             bssBANK2      00000
__LbssBANK3                             bssBANK3      00000
__LbssCOMRAM                            bssCOMRAM     00000
__Lcinit                                cinit         00000
__Lclrtext                              clrtext       00000
__Lcomram                               comram        00000
__Lconfig                               config        00000
__Lconst                                const         00000
__LcstackBANK0                          cstackBANK0   00000
__LcstackBANK1                          cstackBANK1   00000
__LcstackBANK4                          cstackBANK4   00000
__LcstackCOMRAM                         cstackCOMRAM  00000
__Ldata                                 data          00000
__LdataBANK1                            dataBANK1     00000
__Lfarbss                               farbss        00000
__Lfardata                              fardata       00000
__Lheap                                 heap          00000
__Libigdata                             ibigdata      00000
__Lidata                                idata         00000
__LidataBANK1                           idataBANK1    00000
__Lidloc                                idloc         00000
__Lifardata                             ifardata      00000
__Linit                                 init          00164
__Lintcode                              intcode       00008
__Lintcode_body                         intcode_body  00000
__Lintcodelo                            intcodelo     00018
__Lintentry                             intentry      00000
__Lintret                               intret        00000
__Lintsave_regs                         intsave_regs  00000
__Lirdata                               irdata        00000
__Ljflash_buffer                        jflash_buffer 0F800
__Lmediumconst                          mediumconst   00000
__LnvFARRAM                             nvFARRAM      00000
__Lnvbit                                nvbit         00000
__Lnvrram                               nvrram        00000
__Lparam                                rparam        00000
__Lpowerup                              powerup       00000
__Lram                                  ram           00000
__Lramtop                               ramtop        01000
__Lrbit                                 rbit          00000
__Lrbss                                 rbss          00000
__Lrdata                                rdata         00000
__Lreset_vec                            reset_vec     00000
__Lrparam                               rparam        00000
__Lsfr                                  sfr           00000
__Lsivt_hi                              sivt_hi       00000
__Lsivt_lo                              sivt_lo       00164
__Lsmallconst                           smallconst    01000
__Lspace_0                              (abs)         00000
__Lspace_1                              (abs)         00000
__Lspace_2                              (abs)         00000
__Lspace_4                              (abs)         00000
__Lstack                                stack         00000
__Lstruct                               struct        00000
__Ltemp                                 temp          00000
__Ltext                                 text          00000
__Ltext0                                text0         00000
__Ltext1                                text1         00000
__Ltext10                               text10        00000
__Ltext11                               text11        00000
__Ltext12                               text12        00000
__Ltext13                               text13        00000
__Ltext14                               text14        00000
__Ltext15                               text15        00000
__Ltext16                               text16        00000
__Ltext17                               text17        00000
__Ltext18                               text18        00000
__Ltext19                               text19        00000
__Ltext2                                text2         00000
__Ltext20                               text20        00000
__Ltext21                               text21        00000
__Ltext22                               text22        00000
__Ltext23                               text23        00000
__Ltext24                               text24        00000
__Ltext26                               text26        00000
__Ltext27                               text27        00000
__Ltext28                               text28        00000
__Ltext29                               text29        00000
__Ltext3                                text3         00000
__Ltext30                               text30        00000
__Ltext31                               text31        00000
__Ltext32                               text32        00000
__Ltext33                               text33        00000
__Ltext34                               text34        00000
__Ltext35                               text35        00000
__Ltext37                               text37        00000
__Ltext38                               text38        00000
__Ltext39                               text39        00000
__Ltext4                                text4         00000
__Ltext40                               text40        00000
__Ltext41                               text41        00000
__Ltext42                               text42        00000
__Ltext43                               text43        00000
__Ltext44                               text44        00000
__Ltext45                               text45        00000
__Ltext46                               text46        00000
__Ltext5                                text5         00000
__Ltext6                                text6         00000
__Ltext7                                text7         00000
__Ltext8                                text8         00000
__Ltext9                                text9         00000
__S0                                    (abs)         038AD
__S1                                    (abs)         004C8
__S4                                    (abs)         00000
___aldiv                                text8         028B0
___aldiv@counter                        cstackBANK1   00108
___aldiv@dividend                       cstackBANK1   00100
___aldiv@divisor                        cstackBANK1   00104
___aldiv@quotient                       cstackBANK1   0010A
___aldiv@sign                           cstackBANK1   00109
___almod                                text7         029BC
___almod@counter                        cstackBANK1   00108
___almod@dividend                       cstackBANK1   00100
___almod@divisor                        cstackBANK1   00104
___almod@sign                           cstackBANK1   00109
___heap_hi                              (abs)         00000
___heap_lo                              (abs)         00000
___inthi_sp                             stack         00000
___inthi_stack_hi                       stack         00000
___inthi_stack_lo                       stack         00000
___intlo_sp                             stack         00000
___intlo_stack_hi                       stack         00000
___intlo_stack_lo                       stack         00000
___lldiv                                text24        031A0
___lldiv@counter                        cstackBANK1   0010C
___lldiv@dividend                       cstackBANK1   00100
___lldiv@divisor                        cstackBANK1   00104
___lldiv@quotient                       cstackBANK1   00108
___param_bank                           (abs)         00000
___rparam_used                          (abs)         00001
___sp                                   stack         00000
___stack_hi                             stack         00000
___stack_lo                             stack         00000
__accesstop                             (abs)         00060
__activetblptr                          (abs)         00002
__end_of_HighInterrupts_handler         intcode_body  027A4
__end_of_LowInterrupts_handler          intcodelo     00164
__end_of_RXbyte_cbk                     text32        03840
__end_of_RingBuf_Available              text21        02B94
__end_of_RingBuf_Clear                  text15        037E6
__end_of_RingBuf_DataPut                text11        0176A
__end_of_RingBuf_DataRead               text18        02E50
__end_of_RingBuf_DataWatch              text19        02018
__end_of_RingBuf_Init                   text14        03762
__end_of_SysMillisecTimestamp_init      text23        031A0
__end_of_Sys_init                       text22        038A4
__end_of_TXbyte_cbk                     text29        035A0
__end_of_UART1_Init                     text13        0371C
__end_of___aldiv                        text8         029BC
__end_of___almod                        text7         02AA8
__end_of___lldiv                        text24        03246
__end_of__initialization                cinit         0349A
__end_of_abs                            text6         0381C
__end_of_blinky                         text27        0336A
__end_of_dbio_getstring                 text16        02672
__end_of_dbio_init                      text12        034FC
__end_of_dbio_putstring                 text9         032DE
__end_of_dbio_strnlen                   text10        03452
__end_of_fputc                          text4         030DE
__end_of_gettimestamp                   text17        0386A
__end_of_main                           text0         028B0
__end_of_memcpy                         text20        0354E
__end_of_ms_call_func                   text26        0389E
__end_of_putch                          text5         038AC
__end_of_sprintf                        text1         036D6
__end_of_vfpfcnvrt                      text3         0143C
__end_of_vfprintf                       text2         0368E
__end_ofi1_RingBuf_Available            text35        02C80
__end_ofi1_RingBuf_DataPut              text33        01A96
__end_ofi1_RingBuf_DataRead             text30        02F34
__end_ofi1_RingBuf_DataWatch            text31        02274
__end_ofi1_gettimestamp                 text28        0387C
__end_ofi1_memcpy                       text34        035F2
__end_ofi2_RXbyte_cbk                   text43        03858
__end_ofi2_RingBuf_Available            text46        02D6A
__end_ofi2_RingBuf_DataPut              text44        01DBA
__end_ofi2_RingBuf_DataRead             text41        03012
__end_ofi2_RingBuf_DataWatch            text42        024CA
__end_ofi2_TXbyte_cbk                   text40        037A6
__end_ofi2_blinky                       text38        033F2
__end_ofi2_gettimestamp                 text39        0388E
__end_ofi2_memcpy                       text45        03642
__end_ofi2_ms_call_func                 text37        038AA
__initialization                        cinit         03452
__mediumconst                           smallconst    01000
__pbssBANK0                             bssBANK0      000A1
__pbssBANK1                             bssBANK1      00142
__pbssBANK2                             bssBANK2      00200
__pbssBANK3                             bssBANK3      00300
__pbssCOMRAM                            bssCOMRAM     00040
__pcinit                                cinit         03452
__pcstackBANK0                          cstackBANK0   00060
__pcstackBANK1                          cstackBANK1   00100
__pcstackBANK4                          cstackBANK4   00400
__pcstackCOMRAM                         cstackCOMRAM  00002
__pdataBANK1                            dataBANK1     00144
__pidataBANK1                           idataBANK1    038AC
__pintcode                              intcode       00008
__pintcode_body                         intcode_body  02672
__pintcodelo                            intcodelo     00018
__psmallconst                           smallconst    01000
__ptext0                                text0         027A4
__ptext1                                text1         0368E
__ptext10                               text10        033F2
__ptext11                               text11        0143C
__ptext12                               text12        034A8
__ptext13                               text13        036D6
__ptext14                               text14        0371C
__ptext15                               text15        037A6
__ptext16                               text16        024CA
__ptext17                               text17        03858
__ptext18                               text18        02D6A
__ptext19                               text19        01DBA
__ptext2                                text2         03642
__ptext20                               text20        034FC
__ptext21                               text21        02AA8
__ptext22                               text22        0389E
__ptext23                               text23        030DE
__ptext24                               text24        031A0
__ptext26                               text26        0388E
__ptext27                               text27        032DE
__ptext28                               text28        0386A
__ptext29                               text29        0354E
__ptext3                                text3         0104A
__ptext30                               text30        02E50
__ptext31                               text31        02018
__ptext32                               text32        0381C
__ptext33                               text33        0176A
__ptext34                               text34        035A0
__ptext35                               text35        02B94
__ptext37                               text37        038A4
__ptext38                               text38        0336A
__ptext39                               text39        0387C
__ptext4                                text4         03012
__ptext40                               text40        03762
__ptext41                               text41        02F34
__ptext42                               text42        02274
__ptext43                               text43        03840
__ptext44                               text44        01A96
__ptext45                               text45        035F2
__ptext46                               text46        02C80
__ptext5                                text5         038AA
__ptext6                                text6         037E6
__ptext7                                text7         029BC
__ptext8                                text8         028B0
__ptext9                                text9         03246
__ramtop                                ramtop        01000
__smallconst                            smallconst    01000
_abs                                    text6         037E6
_blinky                                 text27        032DE
_dbio_getstring                         text16        024CA
_dbio_init                              text12        034A8
_dbio_putstring                         text9         03246
_dbio_strnlen                           text10        033F2
_dbuf                                   bssBANK0      000A1
_flags                                  bssBANK0      000C7
_fputc                                  text4         03012
_gettimestamp                           text17        03858
_main                                   text0         027A4
_memcpy                                 text20        034FC
_ms_call_func                           text26        0388E
_ms_call_func$intlevel1                 text26        03898
_ms_callback                            bssBANK0      000C5
_prec                                   bssBANK0      000C3
_putch                                  text5         038AA
_sprintf                                text1         0368E
_timestamp                              bssCOMRAM     00044
_txcpltfl                               dataBANK1     00144
_vfpfcnvrt                              text3         0104A
_vfprintf                               text2         03642
_width                                  bssBANK0      000C1
abs@a                                   cstackBANK1   0010A
blinky@time                             bssCOMRAM     00048
btemp                                   (abs)         00001
btemp0                                  (abs)         00001
btemp1                                  (abs)         00002
dbio_getstring@Nmax                     cstackBANK1   00136
dbio_getstring@buf_len                  bssCOMRAM     00052
dbio_getstring@buf_len_prev             bssCOMRAM     0004C
dbio_getstring@str                      cstackBANK1   00134
dbio_getstring@timeout                  cstackBANK1   00138
dbio_getstring@timetmp                  bssCOMRAM     00040
dbio_putstring@Nmax                     cstackBANK1   00136
dbio_putstring@buf_len                  bssBANK1      00142
dbio_putstring@str                      cstackBANK1   00134
dbio_putstring@str_len                  cstackBANK1   0013A
dbio_strnlen@N                          cstackBANK1   00102
dbio_strnlen@i                          cstackBANK1   00104
dbio_strnlen@str                        cstackBANK1   00100
end_of_initialization                   cinit         0349A
fputc@c                                 cstackBANK1   00100
fputc@fp                                cstackBANK1   00102
i1RingBuf_Available@len                 cstackBANK0   00060
i1RingBuf_Available@rb                  cstackBANK0   00062
i1RingBuf_DataPut@avaldat               cstackBANK0   00088
i1RingBuf_DataPut@data                  cstackBANK0   0006D
i1RingBuf_DataPut@input                 cstackBANK0   00084
i1RingBuf_DataPut@len                   cstackBANK0   0006F
i1RingBuf_DataPut@len_tmp               cstackBANK0   00082
i1RingBuf_DataPut@rb                    cstackBANK0   00071
i1RingBuf_DataPut@s_addr                cstackBANK0   00086
i1RingBuf_DataPut@space                 cstackBANK0   0008A
i1RingBuf_DataRead@aval_len             cstackBANK0   00092
i1RingBuf_DataRead@data                 cstackBANK0   00088
i1RingBuf_DataRead@len                  cstackBANK0   0008A
i1RingBuf_DataRead@rb                   cstackBANK0   0008C
i1RingBuf_DataRead@st                   cstackBANK0   00091
i1RingBuf_DataWatch@aval_len            cstackBANK0   00086
i1RingBuf_DataWatch@data                cstackBANK0   0006D
i1RingBuf_DataWatch@len                 cstackBANK0   0006F
i1RingBuf_DataWatch@loc_tail            cstackBANK0   00082
i1RingBuf_DataWatch@rb                  cstackBANK0   00071
i1RingBuf_DataWatch@s_addr              cstackBANK0   00080
i1RingBuf_DataWatch@space               cstackBANK0   00084
i1_RingBuf_Available                    text35        02B94
i1_RingBuf_DataPut                      text33        0176A
i1_RingBuf_DataRead                     text30        02E50
i1_RingBuf_DataWatch                    text31        02018
i1_gettimestamp                         text28        0386A
i1_memcpy                               text34        035A0
i1memcpy@d                              cstackBANK0   00067
i1memcpy@d1                             cstackBANK0   00060
i1memcpy@n                              cstackBANK0   00064
i1memcpy@s                              cstackBANK0   00069
i1memcpy@s1                             cstackBANK0   00062
i1memcpy@tmp                            cstackBANK0   00066
i2RingBuf_Available@len                 cstackCOMRAM  00002
i2RingBuf_Available@rb                  cstackCOMRAM  00004
i2RingBuf_DataPut@avaldat               cstackCOMRAM  0002A
i2RingBuf_DataPut@data                  cstackCOMRAM  0000F
i2RingBuf_DataPut@input                 cstackCOMRAM  00026
i2RingBuf_DataPut@len                   cstackCOMRAM  00011
i2RingBuf_DataPut@len_tmp               cstackCOMRAM  00024
i2RingBuf_DataPut@rb                    cstackCOMRAM  00013
i2RingBuf_DataPut@s_addr                cstackCOMRAM  00028
i2RingBuf_DataPut@space                 cstackCOMRAM  0002C
i2RingBuf_DataRead@aval_len             cstackCOMRAM  00034
i2RingBuf_DataRead@data                 cstackCOMRAM  0002A
i2RingBuf_DataRead@len                  cstackCOMRAM  0002C
i2RingBuf_DataRead@rb                   cstackCOMRAM  0002E
i2RingBuf_DataRead@st                   cstackCOMRAM  00033
i2RingBuf_DataWatch@aval_len            cstackCOMRAM  00028
i2RingBuf_DataWatch@data                cstackCOMRAM  0000F
i2RingBuf_DataWatch@len                 cstackCOMRAM  00011
i2RingBuf_DataWatch@loc_tail            cstackCOMRAM  00024
i2RingBuf_DataWatch@rb                  cstackCOMRAM  00013
i2RingBuf_DataWatch@s_addr              cstackCOMRAM  00022
i2RingBuf_DataWatch@space               cstackCOMRAM  00026
i2TXbyte_cbk@buf_len                    cstackCOMRAM  00036
i2_RXbyte_cbk                           text43        03840
i2_RingBuf_Available                    text46        02C80
i2_RingBuf_DataPut                      text44        01A96
i2_RingBuf_DataRead                     text41        02F34
i2_RingBuf_DataWatch                    text42        02274
i2_TXbyte_cbk                           text40        03762
i2_blinky                               text38        0336A
i2_gettimestamp                         text39        0387C
i2_memcpy                               text45        035F2
i2_ms_call_func                         text37        038A4
i2memcpy@d                              cstackCOMRAM  00009
i2memcpy@d1                             cstackCOMRAM  00002
i2memcpy@n                              cstackCOMRAM  00006
i2memcpy@s                              cstackCOMRAM  0000B
i2memcpy@s1                             cstackCOMRAM  00004
i2memcpy@tmp                            cstackCOMRAM  00008
int$flags                               (abs)         00001
int_func                                intcode_body  02672
intlevel0                               text          00000
intlevel1                               text          00000
intlevel2                               text          00000
intlevel3                               text          00000
isa$std                                 (abs)         00001
isa$xinst                               (abs)         00000
main@strrx                              cstackBANK4   00400
main@strtx                              cstackBANK4   00464
memcpy@d                                cstackBANK1   00107
memcpy@d1                               cstackBANK1   00100
memcpy@n                                cstackBANK1   00104
memcpy@s                                cstackBANK1   00109
memcpy@s1                               cstackBANK1   00102
memcpy@tmp                              cstackBANK1   00106
sprintf@ap                              cstackBANK1   0012E
sprintf@f                               cstackBANK1   00130
sprintf@fmt                             cstackBANK1   00127
sprintf@s                               cstackBANK1   00125
stackhi                                 (abs)         00000
stacklo                                 (abs)         00000
start                                   init          00164
start_initialization                    cinit         03452
vfpfcnvrt@ap                            cstackBANK1   00112
vfpfcnvrt@c                             cstackBANK1   0011E
vfpfcnvrt@convarg                       cstackBANK1   0011A
vfpfcnvrt@cp                            cstackBANK1   00119
vfpfcnvrt@cp_1785                       cstackBANK1   00116
vfpfcnvrt@done                          cstackBANK1   00118
vfpfcnvrt@fmt                           cstackBANK1   00110
vfpfcnvrt@fp                            cstackBANK1   0010E
vfprintf@ap                             cstackBANK1   00122
vfprintf@cfmt                           cstackBANK1   00124
vfprintf@fmt                            cstackBANK1   00121
vfprintf@fp                             cstackBANK1   0011F


MODULE INFORMATION

Module		Function		Class		Link	Load	Size
ringbuf.c
		_RingBuf_DataPut		CODE           	143C	0000	814
		_RingBuf_DataRead		CODE           	2D6A	0000	230
		_RingBuf_Init  		CODE           	371C	0000	70
		_RingBuf_Clear 		CODE           	37A6	0000	64
		_RingBuf_Available		CODE           	2AA8	0000	236
		_RingBuf_DataWatch		CODE           	1DBA	0000	606

ringbuf.c estimated size: 2020

C:\Program Files\Microchip\xc8\v4.00\pic\sources\c99\common\aldiv.c
		___aldiv       		CODE           	28B0	0000	268

C:\Program Files\Microchip\xc8\v4.00\pic\sources\c99\common\aldiv.c estimated size: 268

C:\Program Files\Microchip\xc8\v4.00\pic\sources\c99\common\nf_fputc.c
		_fputc         		CODE           	3012	0000	204

C:\Program Files\Microchip\xc8\v4.00\pic\sources\c99\common\nf_fputc.c estimated size: 204

C:\Program Files\Microchip\xc8\v4.00\pic\sources\c99\common\doprnt.c
		_vfpfcnvrt     		CODE           	104A	0000	1010
		_vfprintf      		CODE           	3642	0000	76

C:\Program Files\Microchip\xc8\v4.00\pic\sources\c99\common\doprnt.c estimated size: 1086

C:\Program Files\Microchip\xc8\v4.00\pic\sources\c99\common\__lldiv.c
		___lldiv       		CODE           	31A0	0000	166

C:\Program Files\Microchip\xc8\v4.00\pic\sources\c99\common\__lldiv.c estimated size: 166

dbio.c
		_dbio_strnlen  		CODE           	33F2	0000	96
		_dbio_init     		CODE           	34A8	0000	84
		_RXbyte_cbk    		CODE           	381C	0000	36
		_TXbyte_cbk    		CODE           	354E	0000	82
		_dbio_getstring		CODE           	24CA	0000	424
		_dbio_putstring		CODE           	3246	0000	152

dbio.c estimated size: 874

shared
		i2_RXbyte_cbk  		CODE           	3840	0000	24
		i1_gettimestamp		CODE           	386A	0000	18
		i2_gettimestamp		CODE           	387C	0000	18
		i1_RingBuf_DataRead		CODE           	2E50	0000	228
		i2_TXbyte_cbk  		CODE           	3762	0000	68
		i2_RingBuf_DataRead		CODE           	2F34	0000	222
		i1_RingBuf_DataPut		CODE           	176A	0000	812
		i2_RingBuf_DataPut		CODE           	1A96	0000	804
		__initialization		CODE           	3452	0000	72
		i2_ms_call_func		CODE           	38A4	0000	6
		i2_blinky      		CODE           	336A	0000	136
		i1_RingBuf_Available		CODE           	2B94	0000	236
		i2_RingBuf_Available		CODE           	2C80	0000	234
		i1_RingBuf_DataWatch		CODE           	2018	0000	604
		i2_RingBuf_DataWatch		CODE           	2274	0000	598
		i1_memcpy      		CODE           	35A0	0000	82
		i2_memcpy      		CODE           	35F2	0000	80

shared estimated size: 4242

C:\Program Files\Microchip\xc8\v4.00\pic\sources\c99\common\abs.c
		_abs           		CODE           	37E6	0000	54

C:\Program Files\Microchip\xc8\v4.00\pic\sources\c99\common\abs.c estimated size: 54

C:\Program Files\Microchip\xc8\v4.00\pic\sources\c99\common\putch.c
		_putch         		CODE           	38AA	0000	2

C:\Program Files\Microchip\xc8\v4.00\pic\sources\c99\common\putch.c estimated size: 2

C:\Program Files\Microchip\xc8\v4.00\pic\sources\c99\common\almod.c
		___almod       		CODE           	29BC	0000	236

C:\Program Files\Microchip\xc8\v4.00\pic\sources\c99\common\almod.c estimated size: 236

C:\Program Files\Microchip\xc8\v4.00\pic\sources\c99\common\memcpy.c
		_memcpy        		CODE           	34FC	0000	82

C:\Program Files\Microchip\xc8\v4.00\pic\sources\c99\common\memcpy.c estimated size: 82

main.c
		_main          		CODE           	27A4	0000	268
		_blinky        		CODE           	32DE	0000	140
		_ms_call_func  		CODE           	388E	0000	16

main.c estimated size: 424

system.c
		_LowInterrupts_handler		CODE           	0018	0000	332
		_HighInterrupts_handler		CODE           	0008	0000	312
		_gettimestamp  		CODE           	3858	0000	18
		_UART1_Init    		CODE           	36D6	0000	70
		_SysMillisecTimestamp_init		CODE           	30DE	0000	194
		_Sys_init      		CODE           	389E	0000	6

system.c estimated size: 932

C:\Program Files\Microchip\xc8\v4.00\pic\sources\c99\common\nf_sprintf.c
		_sprintf       		CODE           	368E	0000	72

C:\Program Files\Microchip\xc8\v4.00\pic\sources\c99\common\nf_sprintf.c estimated size: 72

