Microchip MPLAB XC8 Compiler V4.00

Linker command line:

-W-3 \
  --edf=C:\Program Files\Microchip\xc8\v4.00\pic\dat\20260614213421_en.msgs \
  -cn -h+dist/default/production\PIC18F46J50_TEST.X.production.sym \
  --cmf=dist/default/production\PIC18F46J50_TEST.X.production.cmf -z \
  -Q18F46J50 -oC:\Users\Admin\AppData\Local\Temp\xcAsww.0\driver_tmp_3.o \
  --defsym=__MPLAB_BUILD=1 --fixupoverflow=error \
  -Mdist/default/production/PIC18F46J50_TEST.X.production.map \
  --md=C:\Users\Admin\AppData\Local\Temp\xcAsww.0\driver_tmp_0.dat -E1 \
  -ver=XC8 Compiler -ACODE=00h-0FFF7h -ACONST=00h-0FFF7h \
  -ASMALLCONST=01000h-010FFhx239,0FF00h-0FFF7h -AMEDIUMCONST=01000h-0FFF7h \
  -ACOMRAM=01h-05Fh -AABS1=00h-0EBFh -ABIGRAM=01h-0EBFh \
  -ARAM=060h-0FFh,0100h-01FFhx13,0E00h-0EBFh -ABANK0=060h-0FFh \
  -ABANK1=0100h-01FFh -ABANK2=0200h-02FFh -ABANK3=0300h-03FFh \
  -ABANK4=0400h-04FFh -ABANK5=0500h-05FFh -ABANK6=0600h-06FFh \
  -ABANK7=0700h-07FFh -ABANK8=0800h-08FFh -ABANK9=0900h-09FFh \
  -ABANK10=0A00h-0AFFh -ABANK11=0B00h-0BFFh -ABANK12=0C00h-0CFFh \
  -ABANK13=0D00h-0DFFh -ABANK14=0E00h-0EBFh \
  -ASFR=0EC0h-0EFFh,0F00h-0F5Fh,0F60h-0FFFh -ABIGSFR=0EC0h-0FFFh \
  -ACONFIG=0FFF8h-0FFFFh \
  -preset_vec=00h,intcode=8h,intcodelo=18h,sivt_lo,sivt_hi=CODE \
  -ppowerup=CODE,init -pramtop=01000h -psmallconst=SMALLCONST \
  -pmediumconst=MEDIUMCONST -pconst=CONST -AFARRAM=00h-00h \
  -pjflash_buffer=0F800h \
  -prdata=COMRAM,nvrram=COMRAM,nvbit=COMRAM,rbss=COMRAM,rbit=COMRAM \
  -pfarbss=FARRAM,fardata=FARRAM,nvFARRAM=FARRAM \
  -pintsave_regs=BIGRAM,bigbss=BIGRAM,bigdata=BIGRAM -pbss=RAM \
  -pidata=CODE,irdata=CODE,ibigdata=CODE,ifardata=CODE -prparam=COMRAM \
  C:\Users\Admin\AppData\Local\Temp\xcAsww.0\driver_tmp_12.o \
  dist/default/production\PIC18F46J50_TEST.X.production.o 

Object code version is 3.11

Machine type is 18F46J50



                Name                               Link     Load   Length Selector   Space Scale
C:\Users\Admin\AppData\Local\Temp\xcAsww.0\driver_tmp_12.o
                config                             FFF8     FFF8        8        0       4
                init                                104      104        4        C       0
                reset_vec                             0        0        4        0       0
dist/default/production\PIC18F46J50_TEST.X.production.o
                intcodelo                            18       18       EC        C       0
                intcode                               8        8        6        4       0
                config                             FFF8     FFF8        8        0       4
                smallconst                         1000     1000       72      800       0
                text36                             2ED4     2ED4       12      839       0
                text35                             2A0A     2A0A       88      839       0
                intcode_body                       2A92     2A92       72      839       0
                text33                             24A2     24A2       E6      839       0
                text32                             2C0C     2C0C       50      839       0
                text31                             173E     173E      322      839       0
                text30                             2EA8     2EA8       1A      839       0
                text29                             1CBA     1CBA      254      839       0
                text28                             266A     266A       DC      839       0
                text27                             2D32     2D32       44      839       0
                text25                             2EE6     2EE6        6      839       0
                text24                             28C4     28C4       A6      839       0
                text23                             2746     2746       C2      839       0
                text22                             23BA     23BA       E8      839       0
                text21                             2BBA     2BBA       52      839       0
                text20                             1A60     1A60      25A      839       0
                text19                             2588     2588       E2      839       0
                text18                             2EC2     2EC2       12      839       0
                text17                             1F0E     1F0E      192      839       0
                text16                             2DB8     2DB8       40      839       0
                text15                             2CEC     2CEC       46      839       0
                text14                             2CA6     2CA6       46      839       0
                text13                             2B64     2B64       56      839       0
                text12                             1414     1414      32A      839       0
                text11                             2B04     2B04       60      839       0
                text10                             296A     296A       A0      839       0
                text9                              2C5C     2C5C       4A      839       0
                text8                              21C2     21C2      10C      839       0
                text7                              22CE     22CE       EC      839       0
                text6                              2E72     2E72       36      839       0
                text5                              2EEC     2EEC        2      839       0
                text4                              2808     2808       BC      839       0
                text3                              1072     1072      3A2      839       0
                text2                              2D76     2D76       42      839       0
                text1                              2E36     2E36       3C      839       0
                text0                              20A0     20A0      122      839       0
                cstackCOMRAM                          2        2       40        2       1
                cstackBANK0                          60       60       4C       60       1
                cstackBANK1                         100      100       C8      100       1
                bssBANK3                            300      300       C8      300       1
                bssBANK2                            200      200       C8      200       1
                bssBANK0                             AC       AC       43       60       1
                bssCOMRAM                            42       42       10        2       1
                cinit                              2DF8     2DF8       3E      839       0

TOTAL           Name                               Link     Load   Length     Space
        CLASS   CODE           
                intcodelo                            18       18       EC         0
                intcode                               8        8        6         0
                init                                104      104        4         0
                reset_vec                             0        0        4         0
                text36                             2ED4     2ED4       12         0
                text35                             2A0A     2A0A       88         0
                intcode_body                       2A92     2A92       72         0
                text33                             24A2     24A2       E6         0
                text32                             2C0C     2C0C       50         0
                text31                             173E     173E      322         0
                text30                             2EA8     2EA8       1A         0
                text29                             1CBA     1CBA      254         0
                text28                             266A     266A       DC         0
                text27                             2D32     2D32       44         0
                text25                             2EE6     2EE6        6         0
                text24                             28C4     28C4       A6         0
                text23                             2746     2746       C2         0
                text22                             23BA     23BA       E8         0
                text21                             2BBA     2BBA       52         0
                text20                             1A60     1A60      25A         0
                text19                             2588     2588       E2         0
                text18                             2EC2     2EC2       12         0
                text17                             1F0E     1F0E      192         0
                text16                             2DB8     2DB8       40         0
                text15                             2CEC     2CEC       46         0
                text14                             2CA6     2CA6       46         0
                text13                             2B64     2B64       56         0
                text12                             1414     1414      32A         0
                text11                             2B04     2B04       60         0
                text10                             296A     296A       A0         0
                text9                              2C5C     2C5C       4A         0
                text8                              21C2     21C2      10C         0
                text7                              22CE     22CE       EC         0
                text6                              2E72     2E72       36         0
                text5                              2EEC     2EEC        2         0
                text4                              2808     2808       BC         0
                text3                              1072     1072      3A2         0
                text2                              2D76     2D76       42         0
                text1                              2E36     2E36       3C         0
                text0                              20A0     20A0      122         0
                cinit                              2DF8     2DF8       3E         0

        CLASS   CONST          

        CLASS   SMALLCONST     
                smallconst                         1000     1000       72         0

        CLASS   MEDIUMCONST    

        CLASS   COMRAM         
                cstackCOMRAM                          2        2       40         1
                bssCOMRAM                            42       42       10         1

        CLASS   ABS1           
                abs_s1                                1        1        1         1

        CLASS   BIGRAM         

        CLASS   RAM            

        CLASS   BANK0          
                cstackBANK0                          60       60       4C         1
                bssBANK0                             AC       AC       43         1

        CLASS   BANK1          
                cstackBANK1                         100      100       C8         1

        CLASS   BANK2          
                bssBANK2                            200      200       C8         1

        CLASS   BANK3          
                bssBANK3                            300      300       C8         1

        CLASS   BANK4          

        CLASS   BANK5          

        CLASS   BANK6          

        CLASS   BANK7          

        CLASS   BANK8          

        CLASS   BANK9          

        CLASS   BANK10         

        CLASS   BANK11         

        CLASS   BANK12         

        CLASS   BANK13         

        CLASS   BANK14         

        CLASS   SFR            

        CLASS   BIGSFR         

        CLASS   CONFIG         
                config                             FFF8     FFF8        8         4

        CLASS   FARRAM         

        CLASS   HEAP           

        CLASS   STACK          

        CLASS   IDLOC          



SEGMENTS        Name                           Load    Length   Top    Selector   Space  Class

                reset_vec                      000000  000004  000004         0       0  CODE    
                cstackCOMRAM                   000002  000050  000052         2       1  COMRAM  
                intcode                        000008  000006  00000E         4       0  CODE    
                intcodelo                      000018  0000F0  000108         C       0  CODE    
                cstackBANK0                    000060  00008F  0000EF        60       1  BANK0   
                cstackBANK1                    000100  0000C8  0001C8       100       1  BANK1   
                bssBANK2                       000200  0000C8  0002C8       200       1  BANK2   
                bssBANK3                       000300  0000C8  0003C8       300       1  BANK3   
                smallconst                     001000  000072  001072       800       0  SMALLCON
                text3                          001072  001E7C  002EEE       839       0  CODE    


UNUSED ADDRESS RANGES

        Name                Unused          Largest block    Delta
        BANK0            000EF-000FF              11
        BANK1            001C8-001FF              38
        BANK10           00A00-00AFF             100
        BANK11           00B00-00BFF             100
        BANK12           00C00-00CFF             100
        BANK13           00D00-00DFF             100
        BANK14           00E00-00EBF              C0
        BANK2            002C8-002FF              38
        BANK3            003C8-003FF              38
        BANK4            00400-004FF             100
        BANK5            00500-005FF             100
        BANK6            00600-006FF             100
        BANK7            00700-007FF             100
        BANK8            00800-008FF             100
        BANK9            00900-009FF             100
        BIGRAM           00052-0005F               E
                         000EF-000FF              11
                         001C8-001FF              38
                         002C8-002FF              38
                         003C8-00EBF             AF8
        BIGSFR           00EC0-00FFF             140
        CODE             00004-00007               4
                         0000E-00017               A
                         00108-00FFF             EF8
                         02EEE-0FFF7            D10A
        COMRAM           00052-0005F               E
        CONST            00004-00007               4
                         0000E-00017               A
                         00108-00FFF             EF8
                         02EEE-0FFF7            D10A
        MEDIUMCONST      02EEE-0FFF7            D10A
        RAM              000EF-000FF              11
                         001C8-001FF              38
                         002C8-002FF              38
                         003C8-00EBF             100
        SFR              00EC0-00FFF              60
        SMALLCONST       02EEE-0FFF7             100

                                  Symbol Table

?___aldiv                          cstackBANK0   0006B
?___almod                          cstackBANK0   0006B
?___lldiv                          cstackBANK0   0006B
?_abs                              cstackBANK0   00075
?_dbio_getstring                   cstackBANK0   0009E
?_dbio_strnlen                     cstackBANK0   0006B
?_gettimestamp                     cstackBANK0   0006B
?_sprintf                          cstackBANK0   0008B
?_vfprintf                         cstackBANK0   00087
?i2_gettimestamp                   cstackCOMRAM  00002
RXbyte_cbk@byte                    cstackCOMRAM  00037
RingBuf_Available@len              cstackBANK0   0006B
RingBuf_Available@rb               cstackBANK0   0006C
RingBuf_Clear@rb                   cstackBANK0   0006B
RingBuf_DataPut@avaldat            cstackBANK0   00094
RingBuf_DataPut@data               cstackBANK0   00077
RingBuf_DataPut@input              cstackBANK0   0008E
RingBuf_DataPut@len                cstackBANK0   00079
RingBuf_DataPut@len_tmp            cstackBANK0   0008C
RingBuf_DataPut@rb                 cstackBANK0   0007B
RingBuf_DataPut@s_addr             cstackBANK0   00090
RingBuf_DataPut@space              cstackBANK0   00092
RingBuf_DataRead@aval_len          cstackBANK0   0009C
RingBuf_DataRead@data              cstackBANK0   00092
RingBuf_DataRead@len               cstackBANK0   00094
RingBuf_DataRead@rb                cstackBANK0   00096
RingBuf_DataRead@st                cstackBANK0   0009B
RingBuf_DataWatch@aval_len         cstackBANK0   00090
RingBuf_DataWatch@data             cstackBANK0   00077
RingBuf_DataWatch@len              cstackBANK0   00079
RingBuf_DataWatch@loc_tail         cstackBANK0   0008C
RingBuf_DataWatch@rb               cstackBANK0   0007B
RingBuf_DataWatch@s_addr           cstackBANK0   0008A
RingBuf_DataWatch@space            cstackBANK0   0008E
RingBuf_Init@buf                   cstackBANK0   0006E
RingBuf_Init@cellsize              cstackBANK0   00072
RingBuf_Init@rb                    cstackBANK0   00074
RingBuf_Init@size                  cstackBANK0   00070
Sys_msTimestamp_init@T0_prescaler  cstackBANK0   0007D
Sys_msTimestamp_init@callback_func cstackBANK0   00078
Sys_msTimestamp_init@i             cstackBANK0   00081
Sys_msTimestamp_init@ms_cycles     cstackBANK0   00083
TXbyte_cbk@buf_len                 cstackCOMRAM  00040
TXbyte_cbk@byte                    cstackCOMRAM  0003F
UART1_Init@rx_cbck                 cstackBANK0   0006B
UART1_Init@tx_cbck                 cstackBANK0   0006D
_ADCON0bits                        (abs)         00FC2
_ADCON1bits                        (abs)         00FC1
_BAUDCON1bits                      (abs)         00F7E
_HighInterrupts_handler            intcode       00008
_INTCONbits                        (abs)         00FF2
_IPR1bits                          (abs)         00F9F
_Interrupts_handler                intcodelo     00018
_LATDbits                          (abs)         00F8C
_OSCTUNEbits                       (abs)         00F9B
_PIE1bits                          (abs)         00F9D
_PIR1bits                          (abs)         00F9E
_RC1IE                             (abs)         07CED
_RC1IF                             (abs)         07CF5
_RCONbits                          (abs)         00FD0
_RCREG                             (abs)         00FAF
_RCSTA1bits                        (abs)         00FAC
_RCSTAbits                         (abs)         00FAC
_RTCCFGbits                        (abs)         00F3F
_RTCEN                             (abs)         079FF
_RTCOE                             (abs)         079FA
_RTCSYNC                           (abs)         079FC
_RTCVALH                           (abs)         00F99
_RTCVALL                           (abs)         00F98
_RTCWREN                           (abs)         079FD
_RXbuf                             bssBANK2      00200
_RXbyte_cbk                        text30        02EA8
_RXringbuf                         bssBANK0      000E3
_RingBuf_Available                 text22        023BA
_RingBuf_Clear                     text16        02DB8
_RingBuf_DataPut                   text12        01414
_RingBuf_DataRead                  text19        02588
_RingBuf_DataWatch                 text20        01A60
_RingBuf_Init                      text15        02CEC
_SPBRG1                            (abs)         00FB0
_SPBRGH1                           (abs)         00F7F
_Sys_init                          text25        02EE6
_Sys_msTimestamp_init              text23        02746
_T0CONbits                         (abs)         00FD5
_TMR0H                             (abs)         00FD7
_TMR0H_tmp                         bssBANK0      000D7
_TMR0IE                            (abs)         07F95
_TMR0IF                            (abs)         07F92
_TMR0L                             (abs)         00FD6
_TMR0L_tmp                         bssBANK0      000D8
_TRISCbits                         (abs)         00F94
_TRISDbits                         (abs)         00F95
_TX1IE                             (abs)         07CEC
_TX1IF                             (abs)         07CF4
_TXREG                             (abs)         00FAE
_TXREG1                            (abs)         00FAE
_TXSTA1bits                        (abs)         00FAD
_TXbuf                             bssBANK3      00300
_TXbyte_cbk                        text27        02D32
_TXringbuf                         bssBANK0      000D9
_U1RX_callback                     bssCOMRAM     0004E
_U1TX_callback                     bssCOMRAM     0004C
_UART1_Init                        text14        02CA6
__HRAM                             (abs)         00000
__H__absolute__                    __absolute__  00000
__Habs1                            abs1          00000
__Hbank0                           bank0         00000
__Hbank1                           bank1         00000
__Hbank10                          bank10        00000
__Hbank11                          bank11        00000
__Hbank12                          bank12        00000
__Hbank13                          bank13        00000
__Hbank14                          bank14        00000
__Hbank2                           bank2         00000
__Hbank3                           bank3         00000
__Hbank4                           bank4         00000
__Hbank5                           bank5         00000
__Hbank6                           bank6         00000
__Hbank7                           bank7         00000
__Hbank8                           bank8         00000
__Hbank9                           bank9         00000
__Hbigbss                          bigbss        00000
__Hbigdata                         bigdata       00000
__Hbigram                          bigram        00000
__Hbigsfr                          bigsfr        00000
__Hbss                             bss           00000
__HbssBANK0                        bssBANK0      00000
__HbssBANK2                        bssBANK2      00000
__HbssBANK3                        bssBANK3      00000
__HbssCOMRAM                       bssCOMRAM     00000
__Hcinit                           cinit         00000
__Hclrtext                         clrtext       00000
__Hcomram                          comram        00000
__Hconfig                          config        10000
__Hconst                           const         00000
__HcstackBANK0                     cstackBANK0   00000
__HcstackBANK1                     cstackBANK1   00000
__HcstackCOMRAM                    cstackCOMRAM  00000
__Hdata                            data          00000
__Hfarbss                          farbss        00000
__Hfardata                         fardata       00000
__Hheap                            heap          00000
__Hibigdata                        ibigdata      00000
__Hidata                           idata         00000
__Hidloc                           idloc         00000
__Hifardata                        ifardata      00000
__Hinit                            init          00108
__Hintcode                         intcode       0000E
__Hintcode_body                    intcode_body  00000
__Hintcodelo                       intcodelo     00104
__Hintentry                        intentry      00000
__Hintret                          intret        00000
__Hintsave_regs                    intsave_regs  00000
__Hirdata                          irdata        00000
__Hjflash_buffer                   jflash_buffer 0F800
__Hmediumconst                     mediumconst   00000
__HnvFARRAM                        nvFARRAM      00000
__Hnvbit                           nvbit         00000
__Hnvrram                          nvrram        00000
__Hparam                           rparam        00000
__Hpowerup                         powerup       00000
__Hram                             ram           00000
__Hramtop                          ramtop        01000
__Hrbit                            rbit          00000
__Hrbss                            rbss          00000
__Hrdata                           rdata         00000
__Hreset_vec                       reset_vec     00004
__Hrparam                          rparam        00000
__Hsfr                             sfr           00000
__Hsivt_hi                         sivt_hi       00000
__Hsivt_lo                         sivt_lo       00104
__Hsmallconst                      smallconst    01072
__Hspace_0                         (abs)         0F800
__Hspace_1                         (abs)         003C8
__Hspace_2                         (abs)         00000
__Hspace_4                         (abs)         1FFF8
__Hstack                           stack         00000
__Hstruct                          struct        00000
__Htemp                            temp          00000
__Htext                            text          00000
__Htext0                           text0         00000
__Htext1                           text1         00000
__Htext10                          text10        00000
__Htext11                          text11        00000
__Htext12                          text12        00000
__Htext13                          text13        00000
__Htext14                          text14        00000
__Htext15                          text15        00000
__Htext16                          text16        00000
__Htext17                          text17        00000
__Htext18                          text18        00000
__Htext19                          text19        00000
__Htext2                           text2         00000
__Htext20                          text20        00000
__Htext21                          text21        00000
__Htext22                          text22        00000
__Htext23                          text23        00000
__Htext24                          text24        00000
__Htext25                          text25        00000
__Htext27                          text27        00000
__Htext28                          text28        00000
__Htext29                          text29        00000
__Htext3                           text3         00000
__Htext30                          text30        00000
__Htext31                          text31        00000
__Htext32                          text32        00000
__Htext33                          text33        00000
__Htext35                          text35        00000
__Htext36                          text36        00000
__Htext4                           text4         00000
__Htext5                           text5         00000
__Htext6                           text6         00000
__Htext7                           text7         00000
__Htext8                           text8         00000
__Htext9                           text9         00000
__LRAM                             (abs)         00001
__L__absolute__                    __absolute__  00000
__Labs1                            abs1          00000
__Lbank0                           bank0         00000
__Lbank1                           bank1         00000
__Lbank10                          bank10        00000
__Lbank11                          bank11        00000
__Lbank12                          bank12        00000
__Lbank13                          bank13        00000
__Lbank14                          bank14        00000
__Lbank2                           bank2         00000
__Lbank3                           bank3         00000
__Lbank4                           bank4         00000
__Lbank5                           bank5         00000
__Lbank6                           bank6         00000
__Lbank7                           bank7         00000
__Lbank8                           bank8         00000
__Lbank9                           bank9         00000
__Lbigbss                          bigbss        00000
__Lbigdata                         bigdata       00000
__Lbigram                          bigram        00000
__Lbigsfr                          bigsfr        00000
__Lbss                             bss           00000
__LbssBANK0                        bssBANK0      00000
__LbssBANK2                        bssBANK2      00000
__LbssBANK3                        bssBANK3      00000
__LbssCOMRAM                       bssCOMRAM     00000
__Lcinit                           cinit         00000
__Lclrtext                         clrtext       00000
__Lcomram                          comram        00000
__Lconfig                          config        00000
__Lconst                           const         00000
__LcstackBANK0                     cstackBANK0   00000
__LcstackBANK1                     cstackBANK1   00000
__LcstackCOMRAM                    cstackCOMRAM  00000
__Ldata                            data          00000
__Lfarbss                          farbss        00000
__Lfardata                         fardata       00000
__Lheap                            heap          00000
__Libigdata                        ibigdata      00000
__Lidata                           idata         00000
__Lidloc                           idloc         00000
__Lifardata                        ifardata      00000
__Linit                            init          00104
__Lintcode                         intcode       00008
__Lintcode_body                    intcode_body  00000
__Lintcodelo                       intcodelo     00018
__Lintentry                        intentry      00000
__Lintret                          intret        00000
__Lintsave_regs                    intsave_regs  00000
__Lirdata                          irdata        00000
__Ljflash_buffer                   jflash_buffer 0F800
__Lmediumconst                     mediumconst   00000
__LnvFARRAM                        nvFARRAM      00000
__Lnvbit                           nvbit         00000
__Lnvrram                          nvrram        00000
__Lparam                           rparam        00000
__Lpowerup                         powerup       00000
__Lram                             ram           00000
__Lramtop                          ramtop        01000
__Lrbit                            rbit          00000
__Lrbss                            rbss          00000
__Lrdata                           rdata         00000
__Lreset_vec                       reset_vec     00000
__Lrparam                          rparam        00000
__Lsfr                             sfr           00000
__Lsivt_hi                         sivt_hi       00000
__Lsivt_lo                         sivt_lo       00104
__Lsmallconst                      smallconst    01000
__Lspace_0                         (abs)         00000
__Lspace_1                         (abs)         00000
__Lspace_2                         (abs)         00000
__Lspace_4                         (abs)         00000
__Lstack                           stack         00000
__Lstruct                          struct        00000
__Ltemp                            temp          00000
__Ltext                            text          00000
__Ltext0                           text0         00000
__Ltext1                           text1         00000
__Ltext10                          text10        00000
__Ltext11                          text11        00000
__Ltext12                          text12        00000
__Ltext13                          text13        00000
__Ltext14                          text14        00000
__Ltext15                          text15        00000
__Ltext16                          text16        00000
__Ltext17                          text17        00000
__Ltext18                          text18        00000
__Ltext19                          text19        00000
__Ltext2                           text2         00000
__Ltext20                          text20        00000
__Ltext21                          text21        00000
__Ltext22                          text22        00000
__Ltext23                          text23        00000
__Ltext24                          text24        00000
__Ltext25                          text25        00000
__Ltext27                          text27        00000
__Ltext28                          text28        00000
__Ltext29                          text29        00000
__Ltext3                           text3         00000
__Ltext30                          text30        00000
__Ltext31                          text31        00000
__Ltext32                          text32        00000
__Ltext33                          text33        00000
__Ltext35                          text35        00000
__Ltext36                          text36        00000
__Ltext4                           text4         00000
__Ltext5                           text5         00000
__Ltext6                           text6         00000
__Ltext7                           text7         00000
__Ltext8                           text8         00000
__Ltext9                           text9         00000
__S0                               (abs)         02EEE
__S1                               (abs)         003C8
__S4                               (abs)         00000
___aldiv                           text8         021C2
___aldiv@counter                   cstackBANK0   00073
___aldiv@dividend                  cstackBANK0   0006B
___aldiv@divisor                   cstackBANK0   0006F
___aldiv@quotient                  cstackBANK0   00075
___aldiv@sign                      cstackBANK0   00074
___almod                           text7         022CE
___almod@counter                   cstackBANK0   00073
___almod@dividend                  cstackBANK0   0006B
___almod@divisor                   cstackBANK0   0006F
___almod@sign                      cstackBANK0   00074
___heap_hi                         (abs)         00000
___heap_lo                         (abs)         00000
___inthi_sp                        stack         00000
___inthi_stack_hi                  stack         00000
___inthi_stack_lo                  stack         00000
___intlo_sp                        stack         00000
___intlo_stack_hi                  stack         00000
___intlo_stack_lo                  stack         00000
___lldiv                           text24        028C4
___lldiv@counter                   cstackBANK0   00077
___lldiv@dividend                  cstackBANK0   0006B
___lldiv@divisor                   cstackBANK0   0006F
___lldiv@quotient                  cstackBANK0   00073
___param_bank                      (abs)         00000
___rparam_used                     (abs)         00001
___sp                              stack         00000
___stack_hi                        stack         00000
___stack_lo                        stack         00000
__accesstop                        (abs)         00060
__activetblptr                     (abs)         00002
__end_of_HighInterrupts_handler    intcode_body  02B04
__end_of_Interrupts_handler        intcodelo     00104
__end_of_RXbyte_cbk                text30        02EC2
__end_of_RingBuf_Available         text22        024A2
__end_of_RingBuf_Clear             text16        02DF8
__end_of_RingBuf_DataPut           text12        0173E
__end_of_RingBuf_DataRead          text19        0266A
__end_of_RingBuf_DataWatch         text20        01CBA
__end_of_RingBuf_Init              text15        02D32
__end_of_Sys_init                  text25        02EEC
__end_of_Sys_msTimestamp_init      text23        02808
__end_of_TXbyte_cbk                text27        02D76
__end_of_UART1_Init                text14        02CEC
__end_of___aldiv                   text8         022CE
__end_of___almod                   text7         023BA
__end_of___lldiv                   text24        0296A
__end_of__initialization           cinit         02E28
__end_of_abs                       text6         02EA8
__end_of_blinky                    text35        02A92
__end_of_dbio_getstring            text17        020A0
__end_of_dbio_init                 text13        02BBA
__end_of_dbio_putstring            text10        02A0A
__end_of_dbio_strnlen              text11        02B64
__end_of_delay_ms                  text9         02CA6
__end_of_fputc                     text4         028C4
__end_of_gettimestamp              text18        02ED4
__end_of_main                      text0         021C2
__end_of_memcpy                    text21        02C0C
__end_of_putch                     text5         02EEE
__end_of_sprintf                   text1         02E72
__end_of_vfpfcnvrt                 text3         01414
__end_of_vfprintf                  text2         02DB8
__end_ofi1_RingBuf_Available       text33        02588
__end_ofi1_RingBuf_DataPut         text31        01A60
__end_ofi1_RingBuf_DataRead        text28        02746
__end_ofi1_RingBuf_DataWatch       text29        01F0E
__end_ofi1_memcpy                  text32        02C5C
__end_ofi2_gettimestamp            text36        02EE6
__initialization                   cinit         02DF8
__mediumconst                      smallconst    01000
__pbssBANK0                        bssBANK0      000AC
__pbssBANK2                        bssBANK2      00200
__pbssBANK3                        bssBANK3      00300
__pbssCOMRAM                       bssCOMRAM     00042
__pcinit                           cinit         02DF8
__pcstackBANK0                     cstackBANK0   00060
__pcstackBANK1                     cstackBANK1   00100
__pcstackCOMRAM                    cstackCOMRAM  00002
__pintcode                         intcode       00008
__pintcode_body                    intcode_body  02A92
__pintcodelo                       intcodelo     00018
__psmallconst                      smallconst    01000
__ptext0                           text0         020A0
__ptext1                           text1         02E36
__ptext10                          text10        0296A
__ptext11                          text11        02B04
__ptext12                          text12        01414
__ptext13                          text13        02B64
__ptext14                          text14        02CA6
__ptext15                          text15        02CEC
__ptext16                          text16        02DB8
__ptext17                          text17        01F0E
__ptext18                          text18        02EC2
__ptext19                          text19        02588
__ptext2                           text2         02D76
__ptext20                          text20        01A60
__ptext21                          text21        02BBA
__ptext22                          text22        023BA
__ptext23                          text23        02746
__ptext24                          text24        028C4
__ptext25                          text25        02EE6
__ptext27                          text27        02D32
__ptext28                          text28        0266A
__ptext29                          text29        01CBA
__ptext3                           text3         01072
__ptext30                          text30        02EA8
__ptext31                          text31        0173E
__ptext32                          text32        02C0C
__ptext33                          text33        024A2
__ptext35                          text35        02A0A
__ptext36                          text36        02ED4
__ptext4                           text4         02808
__ptext5                           text5         02EEC
__ptext6                           text6         02E72
__ptext7                           text7         022CE
__ptext8                           text8         021C2
__ptext9                           text9         02C5C
__ramtop                           ramtop        01000
__smallconst                       smallconst    01000
_abs                               text6         02E72
_blinky                            text35        02A0A
_dbio_getstring                    text17        01F0E
_dbio_init                         text13        02B64
_dbio_putstring                    text10        0296A
_dbio_strnlen                      text11        02B04
_dbuf                              bssBANK0      000AC
_delay_ms                          text9         02C5C
_flags                             bssBANK0      000D6
_fputc                             text4         02808
_gettimestamp                      text18        02EC2
_main                              text0         020A0
_memcpy                            text21        02BBA
_ms_callback                       bssBANK0      000D4
_prec                              bssBANK0      000D2
_putch                             text5         02EEC
_sprintf                           text1         02E36
_timestamp                         bssBANK0      000CC
_vfpfcnvrt                         text3         01072
_vfprintf                          text2         02D76
_width                             bssBANK0      000D0
abs@a                              cstackBANK0   00075
blinky@time                        bssCOMRAM     00046
btemp                              (abs)         00001
btemp0                             (abs)         00001
btemp1                             (abs)         00002
dbio_getstring@Nmax                cstackBANK0   000A0
dbio_getstring@buf_len             bssCOMRAM     00050
dbio_getstring@buf_len_prev        bssCOMRAM     0004A
dbio_getstring@str                 cstackBANK0   0009E
dbio_getstring@timeout             cstackBANK0   000A2
dbio_getstring@timetmp             bssCOMRAM     00042
dbio_putstring@Nmax                cstackBANK0   000A0
dbio_putstring@buf_len             bssBANK0      000ED
dbio_putstring@byte                cstackBANK0   000A6
dbio_putstring@str                 cstackBANK0   0009E
dbio_putstring@str_len             cstackBANK0   000A4
dbio_strnlen@N                     cstackBANK0   0006D
dbio_strnlen@i                     cstackBANK0   0006F
dbio_strnlen@str                   cstackBANK0   0006B
delay_ms@del                       cstackBANK0   0006B
delay_ms@temp_time                 cstackBANK0   00073
end_of_initialization              cinit         02E28
fputc@c                            cstackBANK0   0006B
fputc@fp                           cstackBANK0   0006D
i1RingBuf_Available@len            cstackCOMRAM  0000C
i1RingBuf_Available@rb             cstackCOMRAM  0000D
i1RingBuf_DataPut@avaldat          cstackCOMRAM  00033
i1RingBuf_DataPut@data             cstackCOMRAM  00018
i1RingBuf_DataPut@input            cstackCOMRAM  0002F
i1RingBuf_DataPut@len              cstackCOMRAM  0001A
i1RingBuf_DataPut@len_tmp          cstackCOMRAM  0002D
i1RingBuf_DataPut@rb               cstackCOMRAM  0001C
i1RingBuf_DataPut@s_addr           cstackCOMRAM  00031
i1RingBuf_DataPut@space            cstackCOMRAM  00035
i1RingBuf_DataRead@aval_len        cstackCOMRAM  0003D
i1RingBuf_DataRead@data            cstackCOMRAM  00033
i1RingBuf_DataRead@len             cstackCOMRAM  00035
i1RingBuf_DataRead@rb              cstackCOMRAM  00037
i1RingBuf_DataRead@st              cstackCOMRAM  0003C
i1RingBuf_DataWatch@aval_len       cstackCOMRAM  0002F
i1RingBuf_DataWatch@data           cstackCOMRAM  00018
i1RingBuf_DataWatch@len            cstackCOMRAM  0001A
i1RingBuf_DataWatch@loc_tail       cstackCOMRAM  0002D
i1RingBuf_DataWatch@rb             cstackCOMRAM  0001C
i1RingBuf_DataWatch@s_addr         cstackCOMRAM  0002B
i1RingBuf_DataWatch@space          cstackCOMRAM  00031
i1_RingBuf_Available               text33        024A2
i1_RingBuf_DataPut                 text31        0173E
i1_RingBuf_DataRead                text28        0266A
i1_RingBuf_DataWatch               text29        01CBA
i1_memcpy                          text32        02C0C
i1memcpy@d                         cstackCOMRAM  00012
i1memcpy@d1                        cstackCOMRAM  0000C
i1memcpy@n                         cstackCOMRAM  00010
i1memcpy@s                         cstackCOMRAM  00014
i1memcpy@s1                        cstackCOMRAM  0000E
i1memcpy@tmp                       cstackCOMRAM  00016
i2_gettimestamp                    text36        02ED4
int$flags                          (abs)         00001
int_func                           intcode_body  02A92
intlevel0                          text          00000
intlevel1                          text          00000
intlevel2                          text          00000
intlevel3                          text          00000
isa$std                            (abs)         00001
isa$xinst                          (abs)         00000
main@strrx                         cstackBANK1   00100
main@strtx                         cstackBANK1   00164
memcpy@d                           cstackBANK0   00071
memcpy@d1                          cstackBANK0   0006B
memcpy@n                           cstackBANK0   0006F
memcpy@s                           cstackBANK0   00073
memcpy@s1                          cstackBANK0   0006D
memcpy@tmp                         cstackBANK0   00075
sprintf@ap                         cstackBANK0   00094
sprintf@f                          cstackBANK0   00095
sprintf@fmt                        cstackBANK0   0008D
sprintf@s                          cstackBANK0   0008B
stackhi                            (abs)         00000
stacklo                            (abs)         00000
start                              init          00104
start_initialization               cinit         02DF8
vfpfcnvrt@ap                       cstackBANK0   0007B
vfpfcnvrt@c                        cstackBANK0   00086
vfpfcnvrt@convarg                  cstackBANK0   00081
vfpfcnvrt@cp                       cstackBANK0   00085
vfpfcnvrt@cp_2017                  cstackBANK0   0007E
vfpfcnvrt@done                     cstackBANK0   00080
vfpfcnvrt@fmt                      cstackBANK0   0007A
vfpfcnvrt@fp                       cstackBANK0   00079
vfprintf@ap                        cstackBANK0   00089
vfprintf@cfmt                      cstackBANK0   0008A
vfprintf@fmt                       cstackBANK0   00088
vfprintf@fp                        cstackBANK0   00087


MODULE INFORMATION

Module		Function		Class		Link	Load	Size
ringbuf.c
		_RingBuf_DataPut		CODE           	1414	0000	810
		_RingBuf_DataRead		CODE           	2588	0000	226
		_RingBuf_Init  		CODE           	2CEC	0000	70
		_RingBuf_Clear 		CODE           	2DB8	0000	64
		_RingBuf_Available		CODE           	23BA	0000	232
		_RingBuf_DataWatch		CODE           	1A60	0000	602

ringbuf.c estimated size: 2004

C:\Program Files\Microchip\xc8\v4.00\pic\sources\c99\common\aldiv.c
		___aldiv       		CODE           	21C2	0000	268

C:\Program Files\Microchip\xc8\v4.00\pic\sources\c99\common\aldiv.c estimated size: 268

C:\Program Files\Microchip\xc8\v4.00\pic\sources\c99\common\nf_fputc.c
		_fputc         		CODE           	2808	0000	188

C:\Program Files\Microchip\xc8\v4.00\pic\sources\c99\common\nf_fputc.c estimated size: 188

C:\Program Files\Microchip\xc8\v4.00\pic\sources\c99\common\doprnt.c
		_vfpfcnvrt     		CODE           	1072	0000	930
		_vfprintf      		CODE           	2D76	0000	66

C:\Program Files\Microchip\xc8\v4.00\pic\sources\c99\common\doprnt.c estimated size: 996

C:\Program Files\Microchip\xc8\v4.00\pic\sources\c99\common\__lldiv.c
		___lldiv       		CODE           	28C4	0000	166

C:\Program Files\Microchip\xc8\v4.00\pic\sources\c99\common\__lldiv.c estimated size: 166

dbio.c
		_dbio_strnlen  		CODE           	2B04	0000	96
		_dbio_init     		CODE           	2B64	0000	86
		_RXbyte_cbk    		CODE           	2EA8	0000	26
		_TXbyte_cbk    		CODE           	2D32	0000	68
		_dbio_getstring		CODE           	1F0E	0000	402
		_dbio_putstring		CODE           	296A	0000	160

dbio.c estimated size: 838

shared
		i2_gettimestamp		CODE           	2ED4	0000	18
		i1_RingBuf_DataRead		CODE           	266A	0000	220
		i1_RingBuf_DataPut		CODE           	173E	0000	802
		__initialization		CODE           	2DF8	0000	48
		i1_RingBuf_Available		CODE           	24A2	0000	230
		i1_RingBuf_DataWatch		CODE           	1CBA	0000	596
		i1_memcpy      		CODE           	2C0C	0000	80

shared estimated size: 1994

C:\Program Files\Microchip\xc8\v4.00\pic\sources\c99\common\abs.c
		_abs           		CODE           	2E72	0000	54

C:\Program Files\Microchip\xc8\v4.00\pic\sources\c99\common\abs.c estimated size: 54

C:\Program Files\Microchip\xc8\v4.00\pic\sources\c99\common\putch.c
		_putch         		CODE           	2EEC	0000	2

C:\Program Files\Microchip\xc8\v4.00\pic\sources\c99\common\putch.c estimated size: 2

C:\Program Files\Microchip\xc8\v4.00\pic\sources\c99\common\almod.c
		___almod       		CODE           	22CE	0000	236

C:\Program Files\Microchip\xc8\v4.00\pic\sources\c99\common\almod.c estimated size: 236

C:\Program Files\Microchip\xc8\v4.00\pic\sources\c99\common\memcpy.c
		_memcpy        		CODE           	2BBA	0000	82

C:\Program Files\Microchip\xc8\v4.00\pic\sources\c99\common\memcpy.c estimated size: 82

main.c
		_main          		CODE           	20A0	0000	290
		_blinky        		CODE           	2A0A	0000	136

main.c estimated size: 426

system.c
		_HighInterrupts_handler		CODE           	0008	0000	120
		_gettimestamp  		CODE           	2EC2	0000	18
		_UART1_Init    		CODE           	2CA6	0000	70
		_delay_ms      		CODE           	2C5C	0000	74
		_Sys_init      		CODE           	2EE6	0000	6
		_Sys_msTimestamp_init		CODE           	2746	0000	194
		_Interrupts_handler		CODE           	0018	0000	236

system.c estimated size: 718

C:\Program Files\Microchip\xc8\v4.00\pic\sources\c99\common\nf_sprintf.c
		_sprintf       		CODE           	2E36	0000	60

C:\Program Files\Microchip\xc8\v4.00\pic\sources\c99\common\nf_sprintf.c estimated size: 60

